================================================================
== Vivado Place & Route Results
================================================================
+ General Information:
    * Date:            Sat Sep 26 05:37:31 +0700 2026
    * Version:         2022.1 (Build 3526262 on Mon Apr 18 15:48:16 MDT 2022)
    * Project:         low_pass_filter_second
    * Solution:        solution1 (Vivado IP Flow Target)
    * Product family:  zynq
    * Target device:   xc7z020-clg400-1


================================================================
== Run Constraints & Options
================================================================
+ Design Constraints & Options:
    * Place & Route target clock:  10 ns
    * C-Synthesis target clock:    10 ns
    * C-Synthesis uncertainty:     27%

+ RTL Synthesis Options:
    * config_export -vivado_synth_strategy:     default
    * config_export -vivado_synth_design_args:  -directive sdx_optimization_effort_high

+ Place & Route Options:
    * config_export -vivado_impl_strategy:  default
    * config_export -vivado_phys_opt:       none

+ Reporting Options:
    * config_export -vivado_report_level:      2
    * config_export -vivado_max_timing_paths:  10


================================================================
== Place & Route Resource Summary
================================================================
LUT:              1614
FF:               3284
DSP:              44
BRAM:             0
URAM:             0
SRL:              0


================================================================
== Place & Route Timing Summary
================================================================
* Timing was met
+----------------+-------------+
| Timing         | Period (ns) |
+----------------+-------------+
| Target         | 10.000      |
| Post-Synthesis | 6.883       |
| Post-Route     | 7.825       |
+----------------+-------------+


================================================================
== Place & Route Resources
================================================================
+-------------------------------------+------+------+-----+------+------+-----+--------+------+---------+---------------+-----------------------------------------------------------------------------+
| Name                                | LUT  | FF   | DSP | BRAM | URAM | SRL | Pragma | Impl | Latency | Variable      | Source                                                                      |
+-------------------------------------+------+------+-----+------+------+-----+--------+------+---------+---------------+-----------------------------------------------------------------------------+
| inst                                | 1614 | 3284 | 44  |      |      |     |        |      |         |               |                                                                             |
|   (inst)                            | 965  | 3103 |     |      |      |     |        |      |         |               |                                                                             |
|   mul_32s_16s_47_2_1_U25            |      | 2    | 2   |      |      |     |        |      |         |               |                                                                             |
|     bind_op mul                     |      |      |     |      |      |     |        | auto | 1       | mul_ln1316    | C:/Xilinx/Vitis_HLS/2022.1/common/technology/autopilot\ap_fixed_base.h:1316 |
|   mul_32s_16s_47_2_1_U26            |      | 3    | 2   |      |      |     |        |      |         |               |                                                                             |
|     bind_op mul                     |      |      |     |      |      |     |        | auto | 1       | mul_ln1393    | C:/Xilinx/Vitis_HLS/2022.1/common/technology/autopilot\ap_fixed_base.h:1393 |
|   mul_32s_16s_47_2_1_U27            |      | 3    | 2   |      |      |     |        |      |         |               |                                                                             |
|     bind_op mul                     |      |      |     |      |      |     |        | auto | 1       | mul_ln1393_1  | C:/Xilinx/Vitis_HLS/2022.1/common/technology/autopilot\ap_fixed_base.h:1393 |
|   mul_32s_16s_47_2_1_U43            | 1    | 3    | 2   |      |      |     |        |      |         |               |                                                                             |
|     bind_op mul                     |      |      |     |      |      |     |        | auto | 1       | mul_ln1393_2  | C:/Xilinx/Vitis_HLS/2022.1/common/technology/autopilot\ap_fixed_base.h:1393 |
|   mul_32s_16s_47_2_1_U44            | 2    | 3    | 2   |      |      |     |        |      |         |               |                                                                             |
|     bind_op mul                     |      |      |     |      |      |     |        | auto | 1       | mul_ln1393_3  | C:/Xilinx/Vitis_HLS/2022.1/common/technology/autopilot\ap_fixed_base.h:1393 |
|   mul_32s_16s_47_2_1_U47            | 1    | 3    | 2   |      |      |     |        |      |         |               |                                                                             |
|     bind_op mul                     |      |      |     |      |      |     |        | auto | 1       | mul_ln1393_4  | C:/Xilinx/Vitis_HLS/2022.1/common/technology/autopilot\ap_fixed_base.h:1393 |
|   mul_32s_16s_47_2_1_U48            |      | 3    | 2   |      |      |     |        |      |         |               |                                                                             |
|     bind_op mul                     |      |      |     |      |      |     |        | auto | 1       | mul_ln1393_5  | C:/Xilinx/Vitis_HLS/2022.1/common/technology/autopilot\ap_fixed_base.h:1393 |
|   mul_32s_16s_47_2_1_U51            |      | 3    | 2   |      |      |     |        |      |         |               |                                                                             |
|     bind_op mul                     |      |      |     |      |      |     |        | auto | 1       | mul_ln1393_6  | C:/Xilinx/Vitis_HLS/2022.1/common/technology/autopilot\ap_fixed_base.h:1393 |
|   mul_32s_16s_47_2_1_U52            | 1    | 3    | 2   |      |      |     |        |      |         |               |                                                                             |
|     bind_op mul                     |      |      |     |      |      |     |        | auto | 1       | mul_ln1393_7  | C:/Xilinx/Vitis_HLS/2022.1/common/technology/autopilot\ap_fixed_base.h:1393 |
|   mul_32s_16s_47_2_1_U55            | 2    | 3    | 2   |      |      |     |        |      |         |               |                                                                             |
|     bind_op mul                     |      |      |     |      |      |     |        | auto | 1       | mul_ln1393_8  | C:/Xilinx/Vitis_HLS/2022.1/common/technology/autopilot\ap_fixed_base.h:1393 |
|   mul_32s_16s_47_2_1_U56            |      | 3    | 2   |      |      |     |        |      |         |               |                                                                             |
|     bind_op mul                     |      |      |     |      |      |     |        | auto | 1       | mul_ln1393_9  | C:/Xilinx/Vitis_HLS/2022.1/common/technology/autopilot\ap_fixed_base.h:1393 |
|   mul_32s_16s_47_2_1_U59            | 1    | 3    | 2   |      |      |     |        |      |         |               |                                                                             |
|     bind_op mul                     |      |      |     |      |      |     |        | auto | 1       | mul_ln1393_10 | C:/Xilinx/Vitis_HLS/2022.1/common/technology/autopilot\ap_fixed_base.h:1393 |
|   mul_32s_16s_47_2_1_U60            | 1    | 3    | 2   |      |      |     |        |      |         |               |                                                                             |
|     bind_op mul                     |      |      |     |      |      |     |        | auto | 1       | mul_ln1393_11 | C:/Xilinx/Vitis_HLS/2022.1/common/technology/autopilot\ap_fixed_base.h:1393 |
|   mul_32s_16s_47_2_1_U63            | 2    | 3    | 2   |      |      |     |        |      |         |               |                                                                             |
|     bind_op mul                     |      |      |     |      |      |     |        | auto | 1       | mul_ln1393_12 | C:/Xilinx/Vitis_HLS/2022.1/common/technology/autopilot\ap_fixed_base.h:1393 |
|   mul_32s_16s_47_2_1_U64            | 1    | 3    | 2   |      |      |     |        |      |         |               |                                                                             |
|     bind_op mul                     |      |      |     |      |      |     |        | auto | 1       | mul_ln1393_13 | C:/Xilinx/Vitis_HLS/2022.1/common/technology/autopilot\ap_fixed_base.h:1393 |
|   mul_32s_16s_47_2_1_U67            |      | 3    | 2   |      |      |     |        |      |         |               |                                                                             |
|     bind_op mul                     |      |      |     |      |      |     |        | auto | 1       | mul_ln1393_14 | C:/Xilinx/Vitis_HLS/2022.1/common/technology/autopilot\ap_fixed_base.h:1393 |
|   mul_32s_16s_47_2_1_U68            |      | 3    | 2   |      |      |     |        |      |         |               |                                                                             |
|     bind_op mul                     |      |      |     |      |      |     |        | auto | 1       | mul_ln1393_15 | C:/Xilinx/Vitis_HLS/2022.1/common/technology/autopilot\ap_fixed_base.h:1393 |
|   mul_32s_16s_47_2_1_U71            |      | 3    | 2   |      |      |     |        |      |         |               |                                                                             |
|     bind_op mul                     |      |      |     |      |      |     |        | auto | 1       | mul_ln1393_16 | C:/Xilinx/Vitis_HLS/2022.1/common/technology/autopilot\ap_fixed_base.h:1393 |
|   mul_32s_16s_47_2_1_U72            | 3    | 3    | 2   |      |      |     |        |      |         |               |                                                                             |
|     bind_op mul                     |      |      |     |      |      |     |        | auto | 1       | mul_ln1393_17 | C:/Xilinx/Vitis_HLS/2022.1/common/technology/autopilot\ap_fixed_base.h:1393 |
|   mul_32s_16s_47_2_1_U75            | 1    | 3    | 2   |      |      |     |        |      |         |               |                                                                             |
|     bind_op mul                     |      |      |     |      |      |     |        | auto | 1       | mul_ln1393_18 | C:/Xilinx/Vitis_HLS/2022.1/common/technology/autopilot\ap_fixed_base.h:1393 |
|   mul_32s_16s_47_2_1_U76            |      | 3    | 2   |      |      |     |        |      |         |               |                                                                             |
|     bind_op mul                     |      |      |     |      |      |     |        | auto | 1       | mul_ln1393_19 | C:/Xilinx/Vitis_HLS/2022.1/common/technology/autopilot\ap_fixed_base.h:1393 |
|   mul_32s_16s_47_2_1_U79            | 1    | 3    | 2   |      |      |     |        |      |         |               |                                                                             |
|     bind_op mul                     |      |      |     |      |      |     |        | auto | 1       | mul_ln1393_20 | C:/Xilinx/Vitis_HLS/2022.1/common/technology/autopilot\ap_fixed_base.h:1393 |
|   mux_233_32_1_1_U1                 | 16   |      |     |      |      |     |        |      |         |               |                                                                             |
|   mux_233_32_1_1_U10                | 16   |      |     |      |      |     |        |      |         |               |                                                                             |
|   mux_233_32_1_1_U11                | 16   |      |     |      |      |     |        |      |         |               |                                                                             |
|   mux_233_32_1_1_U12                | 16   |      |     |      |      |     |        |      |         |               |                                                                             |
|   mux_233_32_1_1_U13                | 16   |      |     |      |      |     |        |      |         |               |                                                                             |
|   mux_233_32_1_1_U14                | 16   |      |     |      |      |     |        |      |         |               |                                                                             |
|   mux_233_32_1_1_U15                | 19   |      |     |      |      |     |        |      |         |               |                                                                             |
|   mux_233_32_1_1_U16                | 22   |      |     |      |      |     |        |      |         |               |                                                                             |
|   mux_233_32_1_1_U17                | 21   |      |     |      |      |     |        |      |         |               |                                                                             |
|   mux_233_32_1_1_U18                | 23   |      |     |      |      |     |        |      |         |               |                                                                             |
|   mux_233_32_1_1_U19                | 22   |      |     |      |      |     |        |      |         |               |                                                                             |
|   mux_233_32_1_1_U2                 | 16   |      |     |      |      |     |        |      |         |               |                                                                             |
|   mux_233_32_1_1_U20                | 22   |      |     |      |      |     |        |      |         |               |                                                                             |
|   mux_233_32_1_1_U21                | 19   |      |     |      |      |     |        |      |         |               |                                                                             |
|   mux_233_32_1_1_U3                 | 16   |      |     |      |      |     |        |      |         |               |                                                                             |
|   mux_233_32_1_1_U30                | 19   |      |     |      |      |     |        |      |         |               |                                                                             |
|   mux_233_32_1_1_U31                | 17   |      |     |      |      |     |        |      |         |               |                                                                             |
|   mux_233_32_1_1_U32                | 20   |      |     |      |      |     |        |      |         |               |                                                                             |
|   mux_233_32_1_1_U33                | 16   |      |     |      |      |     |        |      |         |               |                                                                             |
|   mux_233_32_1_1_U34                | 18   |      |     |      |      |     |        |      |         |               |                                                                             |
|   mux_233_32_1_1_U35                | 25   |      |     |      |      |     |        |      |         |               |                                                                             |
|   mux_233_32_1_1_U36                | 26   |      |     |      |      |     |        |      |         |               |                                                                             |
|   mux_233_32_1_1_U37                | 16   |      |     |      |      |     |        |      |         |               |                                                                             |
|   mux_233_32_1_1_U38                | 16   |      |     |      |      |     |        |      |         |               |                                                                             |
|   mux_233_32_1_1_U39                | 22   |      |     |      |      |     |        |      |         |               |                                                                             |
|   mux_233_32_1_1_U4                 | 16   |      |     |      |      |     |        |      |         |               |                                                                             |
|   mux_233_32_1_1_U40                | 23   |      |     |      |      |     |        |      |         |               |                                                                             |
|   mux_233_32_1_1_U41                | 18   |      |     |      |      |     |        |      |         |               |                                                                             |
|   mux_233_32_1_1_U42                | 19   |      |     |      |      |     |        |      |         |               |                                                                             |
|   mux_233_32_1_1_U5                 | 16   |      |     |      |      |     |        |      |         |               |                                                                             |
|   mux_233_32_1_1_U6                 | 16   |      |     |      |      |     |        |      |         |               |                                                                             |
|   mux_233_32_1_1_U7                 | 16   |      |     |      |      |     |        |      |         |               |                                                                             |
|   mux_233_32_1_1_U77                | 22   |      |     |      |      |     |        |      |         |               |                                                                             |
|   mux_233_32_1_1_U8                 | 16   |      |     |      |      |     |        |      |         |               |                                                                             |
|   mux_233_32_1_1_U9                 | 16   |      |     |      |      |     |        |      |         |               |                                                                             |
|   regslice_both_input_r_V_data_V_U  | 24   | 68   |     |      |      |     |        |      |         |               |                                                                             |
|   regslice_both_input_r_V_last_V_U  | 6    | 6    |     |      |      |     |        |      |         |               |                                                                             |
|   regslice_both_output_r_V_data_V_U | 40   | 36   |     |      |      |     |        |      |         |               |                                                                             |
|   regslice_both_output_r_V_last_V_U | 7    | 6    |     |      |      |     |        |      |         |               |                                                                             |
+-------------------------------------+------+------+-----+------+------+-----+--------+------+---------+---------------+-----------------------------------------------------------------------------+


================================================================
== Place & Route Fail Fast
================================================================
+-----------------------------------------------------------+-----------+--------+--------+
| Criteria                                                  | Guideline | Actual | Status |
+-----------------------------------------------------------+-----------+--------+--------+
| LUT                                                       | 70%       | 3.03%  | OK     |
| FD                                                        | 50%       | 3.09%  | OK     |
| LUTRAM+SRL                                                | 25%       | 0.00%  | OK     |
| MUXF7                                                     | 15%       | 0.00%  | OK     |
| DSP                                                       | 80%       | 20.00% | OK     |
| RAMB/FIFO                                                 | 80%       | 0.00%  | OK     |
| DSP+RAMB+URAM (Avg)                                       | 70%       | 20.00% | OK     |
| BUFGCE* + BUFGCTRL                                        | 24        | 0      | OK     |
| DONT_TOUCH (cells/nets)                                   | 0         | 0      | OK     |
| MARK_DEBUG (nets)                                         | 0         | 0      | OK     |
| Control Sets                                              | 998       | 22     | OK     |
| Average Fanout for modules > 100k cells                   | 4         | 0      | OK     |
| Non-FD high fanout nets > 10k loads                       | 0         | 0      | OK     |
+-----------------------------------------------------------+-----------+--------+--------+
| TIMING-6 (No common primary clock between related clocks) | 0         | 0      | OK     |
| TIMING-7 (No common node between related clocks)          | 0         | 0      | OK     |
| TIMING-8 (No common period between related clocks)        | 0         | 0      | OK     |
| TIMING-14 (LUT on the clock tree)                         | 0         | 0      | OK     |
| TIMING-35 (No common node in paths with the same clock)   | 0         | 0      | OK     |
+-----------------------------------------------------------+-----------+--------+--------+
| Number of paths above max LUT budgeting (0.575ns)         | 0         | 0      | OK     |
| Number of paths above max Net budgeting (0.403ns)         | 0         | 0      | OK     |
+-----------------------------------------------------------+-----------+--------+--------+


================================================================
== Place & Route Timing Paths
================================================================
* Timing was met
+-------+-------+--------------------------+------------------------------------------+--------------+------------+----------------+----------------+--------------+
| Path  | SLACK | STARTPOINT PIN           | ENDPOINT PIN                             | LOGIC LEVELS | MAX FANOUT | DATAPATH DELAY | DATAPATH LOGIC | DATAPATH NET |
|       |       |                          |                                          |              |            |                |          DELAY |        DELAY |
+-------+-------+--------------------------+------------------------------------------+--------------+------------+----------------+----------------+--------------+
| Path1 | 2.175 | tmp_16_reg_2606_reg[6]/C | mul_32s_16s_47_2_1_U27/dout_reg/PCIN[0]  |            1 |         13 |          6.341 |          4.445 |        1.896 |
| Path2 | 2.175 | tmp_16_reg_2606_reg[6]/C | mul_32s_16s_47_2_1_U27/dout_reg/PCIN[10] |            1 |         13 |          6.341 |          4.445 |        1.896 |
| Path3 | 2.175 | tmp_16_reg_2606_reg[6]/C | mul_32s_16s_47_2_1_U27/dout_reg/PCIN[11] |            1 |         13 |          6.341 |          4.445 |        1.896 |
| Path4 | 2.175 | tmp_16_reg_2606_reg[6]/C | mul_32s_16s_47_2_1_U27/dout_reg/PCIN[12] |            1 |         13 |          6.341 |          4.445 |        1.896 |
| Path5 | 2.175 | tmp_16_reg_2606_reg[6]/C | mul_32s_16s_47_2_1_U27/dout_reg/PCIN[13] |            1 |         13 |          6.341 |          4.445 |        1.896 |
+-------+-------+--------------------------+------------------------------------------+--------------+------------+----------------+----------------+--------------+

    +------------------------------------+----------------------+
    | Path1 Cells                        | Primitive Type       |
    +------------------------------------+----------------------+
    | tmp_16_reg_2606_reg[6]             | FLOP_LATCH.flop.FDRE |
    | mul_32s_16s_47_2_1_U27/tmp_product | MULT.dsp.DSP48E1     |
    | mul_32s_16s_47_2_1_U27/dout_reg    | MULT.dsp.DSP48E1     |
    +------------------------------------+----------------------+

    +------------------------------------+----------------------+
    | Path2 Cells                        | Primitive Type       |
    +------------------------------------+----------------------+
    | tmp_16_reg_2606_reg[6]             | FLOP_LATCH.flop.FDRE |
    | mul_32s_16s_47_2_1_U27/tmp_product | MULT.dsp.DSP48E1     |
    | mul_32s_16s_47_2_1_U27/dout_reg    | MULT.dsp.DSP48E1     |
    +------------------------------------+----------------------+

    +------------------------------------+----------------------+
    | Path3 Cells                        | Primitive Type       |
    +------------------------------------+----------------------+
    | tmp_16_reg_2606_reg[6]             | FLOP_LATCH.flop.FDRE |
    | mul_32s_16s_47_2_1_U27/tmp_product | MULT.dsp.DSP48E1     |
    | mul_32s_16s_47_2_1_U27/dout_reg    | MULT.dsp.DSP48E1     |
    +------------------------------------+----------------------+

    +------------------------------------+----------------------+
    | Path4 Cells                        | Primitive Type       |
    +------------------------------------+----------------------+
    | tmp_16_reg_2606_reg[6]             | FLOP_LATCH.flop.FDRE |
    | mul_32s_16s_47_2_1_U27/tmp_product | MULT.dsp.DSP48E1     |
    | mul_32s_16s_47_2_1_U27/dout_reg    | MULT.dsp.DSP48E1     |
    +------------------------------------+----------------------+

    +------------------------------------+----------------------+
    | Path5 Cells                        | Primitive Type       |
    +------------------------------------+----------------------+
    | tmp_16_reg_2606_reg[6]             | FLOP_LATCH.flop.FDRE |
    | mul_32s_16s_47_2_1_U27/tmp_product | MULT.dsp.DSP48E1     |
    | mul_32s_16s_47_2_1_U27/dout_reg    | MULT.dsp.DSP48E1     |
    +------------------------------------+----------------------+


================================================================
== Place & Route Vivado Reports
================================================================
+--------------------------+--------------------------------------------------------------------------------+
| Report Type              | Report Location                                                                |
+--------------------------+--------------------------------------------------------------------------------+
| design_analysis          | impl/verilog/report/low_pass_filter_second_design_analysis_routed.rpt          |
| failfast                 | impl/verilog/report/low_pass_filter_second_failfast_routed.rpt                 |
| status                   | impl/verilog/report/low_pass_filter_second_status_routed.rpt                   |
| timing                   | impl/verilog/report/low_pass_filter_second_timing_routed.rpt                   |
| timing_paths             | impl/verilog/report/low_pass_filter_second_timing_paths_routed.rpt             |
| utilization              | impl/verilog/report/low_pass_filter_second_utilization_routed.rpt              |
| utilization_hierarchical | impl/verilog/report/low_pass_filter_second_utilization_hierarchical_routed.rpt |
+--------------------------+--------------------------------------------------------------------------------+


