

Implementation tool: Xilinx Vivado v.2022.1
Project:             low_pass_filter_first
Solution:            solution1
Device target:       xc7z020-clg400-1
Report date:         Sat Sep 26 05:34:02 +0700 2026

#=== Post-Implementation Resource usage ===
SLICE:          782
LUT:           1008
FF:            2512
DSP:             22
BRAM:             0
URAM:             0
LATCH:            0
SRL:              0
CLB:              0

#=== Final timing ===
CP required:                     10.000
CP achieved post-synthesis:      5.745
CP achieved post-implementation: 6.759
Timing met
