Copyright 1986-2022 Xilinx, Inc. All Rights Reserved.
-----------------------------------------------------------------------------------------
| Tool Version : Vivado v.2022.1 (win64) Build 3526262 Mon Apr 18 15:48:16 MDT 2022
| Date         : Sat Sep 26 05:44:12 2026
| Host         : ndrswcy running 64-bit major release  (build 9200)
| Command      : report_control_sets -verbose -file bd_0_wrapper_control_sets_placed.rpt
| Design       : bd_0_wrapper
| Device       : xc7z020
-----------------------------------------------------------------------------------------

Control Set Information

Table of Contents
-----------------
1. Summary
2. Histogram
3. Flip-Flop Distribution
4. Detailed Control Set Information

1. Summary
----------

+----------------------------------------------------------+-------+
|                          Status                          | Count |
+----------------------------------------------------------+-------+
| Total control sets                                       |    10 |
|    Minimum number of control sets                        |    10 |
|    Addition due to synthesis replication                 |     0 |
|    Addition due to physical synthesis replication        |     0 |
| Unused register locations in slices containing registers |    10 |
+----------------------------------------------------------+-------+
* Control sets can be merged at opt_design using control_set_merge or merge_equivalent_drivers
** Run report_qor_suggestions for automated merging and remapping suggestions


2. Histogram
------------

+--------------------+-------+
|       Fanout       | Count |
+--------------------+-------+
| Total control sets |    10 |
| >= 0 to < 4        |     0 |
| >= 4 to < 6        |     0 |
| >= 6 to < 8        |     0 |
| >= 8 to < 10       |     0 |
| >= 10 to < 12      |     0 |
| >= 12 to < 14      |     0 |
| >= 14 to < 16      |     0 |
| >= 16              |    10 |
+--------------------+-------+
* Control sets can be remapped at either synth_design or opt_design


3. Flip-Flop Distribution
-------------------------

+--------------+-----------------------+------------------------+-----------------+--------------+
| Clock Enable | Synchronous Set/Reset | Asynchronous Set/Reset | Total Registers | Total Slices |
+--------------+-----------------------+------------------------+-----------------+--------------+
| No           | No                    | No                     |              78 |           22 |
| No           | No                    | Yes                    |               0 |            0 |
| No           | Yes                   | No                     |              20 |            7 |
| Yes          | No                    | No                     |             428 |          102 |
| Yes          | No                    | Yes                    |               0 |            0 |
| Yes          | Yes                   | No                     |               0 |            0 |
+--------------+-----------------------+------------------------+-----------------+--------------+


4. Detailed Control Set Information
-----------------------------------

+--------------+--------------------------------------------------------------------------------------------+-------------------------------------------------------------------+------------------+----------------+--------------+
| Clock Signal |                                        Enable Signal                                       |                          Set/Reset Signal                         | Slice Load Count | Bel Load Count | Bels / Slice |
+--------------+--------------------------------------------------------------------------------------------+-------------------------------------------------------------------+------------------+----------------+--------------+
|  ap_clk      |                                                                                            | bd_0_i/hls_inst/inst/regslice_both_real_r_V_data_V_U/ap_rst_n_inv |                7 |             20 |         2.86 |
|  ap_clk      | bd_0_i/hls_inst/inst/regslice_both_real_r_V_data_V_U/B_V_data_1_load_B                     |                                                                   |                8 |             32 |         4.00 |
|  ap_clk      | bd_0_i/hls_inst/inst/regslice_both_real_r_V_data_V_U/B_V_data_1_payload_A[31]_i_1_n_0      |                                                                   |                9 |             32 |         3.56 |
|  ap_clk      | bd_0_i/hls_inst/inst/regslice_both_output_r_V_data_V_U/B_V_data_1_load_B                   |                                                                   |               10 |             32 |         3.20 |
|  ap_clk      | bd_0_i/hls_inst/inst/regslice_both_output_r_V_data_V_U/B_V_data_1_payload_A[31]_i_1__1_n_0 |                                                                   |                9 |             32 |         3.56 |
|  ap_clk      | bd_0_i/hls_inst/inst/regslice_both_imag_V_data_V_U/B_V_data_1_payload_A[31]_i_1__0_n_0     |                                                                   |                8 |             32 |         4.00 |
|  ap_clk      | bd_0_i/hls_inst/inst/regslice_both_imag_V_data_V_U/B_V_data_1_load_B                       |                                                                   |                8 |             32 |         4.00 |
|  ap_clk      |                                                                                            |                                                                   |               22 |             78 |         3.55 |
|  ap_clk      | bd_0_i/hls_inst/inst/ap_CS_fsm_state3                                                      |                                                                   |               26 |            108 |         4.15 |
|  ap_clk      | bd_0_i/hls_inst/inst/regslice_both_real_r_V_data_V_U/imag_TREADY_int_regslice              |                                                                   |               24 |            128 |         5.33 |
+--------------+--------------------------------------------------------------------------------------------+-------------------------------------------------------------------+------------------+----------------+--------------+


