================================================================
== Vivado Place & Route Results
================================================================
+ General Information:
    * Date:            Sat Sep 26 05:29:44 +0700 2026
    * Version:         2022.1 (Build 3526262 on Mon Apr 18 15:48:16 MDT 2022)
    * Project:         fir_decimation_filter
    * Solution:        solution1 (Vivado IP Flow Target)
    * Product family:  zynq
    * Target device:   xc7z020-clg400-1


================================================================
== Run Constraints & Options
================================================================
+ Design Constraints & Options:
    * Place & Route target clock:  10 ns
    * C-Synthesis target clock:    10 ns
    * C-Synthesis uncertainty:     27%

+ RTL Synthesis Options:
    * config_export -vivado_synth_strategy:     default
    * config_export -vivado_synth_design_args:  -directive sdx_optimization_effort_high

+ Place & Route Options:
    * config_export -vivado_impl_strategy:  default
    * config_export -vivado_phys_opt:       none

+ Reporting Options:
    * config_export -vivado_report_level:      2
    * config_export -vivado_max_timing_paths:  10


================================================================
== Place & Route Resource Summary
================================================================
LUT:              172
FF:               364
DSP:              5
BRAM:             0
URAM:             0
SRL:              0


================================================================
== Place & Route Timing Summary
================================================================
* Timing was met
+----------------+-------------+
| Timing         | Period (ns) |
+----------------+-------------+
| Target         | 10.000      |
| Post-Synthesis | 4.691       |
| Post-Route     | 6.516       |
+----------------+-------------+


================================================================
== Place & Route Resources
================================================================
+-------------------------------------+-----+-----+-----+------+------+-----+--------+-------+---------+-------------+-----------------------------------------------------------------------------+
| Name                                | LUT | FF  | DSP | BRAM | URAM | SRL | Pragma | Impl  | Latency | Variable    | Source                                                                      |
+-------------------------------------+-----+-----+-----+------+------+-----+--------+-------+---------+-------------+-----------------------------------------------------------------------------+
| inst                                | 172 | 364 | 5   |      |      |     |        |       |         |             |                                                                             |
|   (inst)                            | 3   | 264 |     |      |      |     |        |       |         |             |                                                                             |
|   mac_muladd_16s_8s_24s_25_4_1_U12  | 25  |     | 2   |      |      |     |        |       |         |             |                                                                             |
|     bind_op mul                     |     |     |     |      |      |     |        | dsp48 | 3       | r_V_10      | C:/Xilinx/Vitis_HLS/2022.1/common/technology/autopilot\ap_fixed_base.h:1319 |
|     bind_op add                     |     |     |     |      |      |     |        | dsp48 | 3       | add_ln859_2 | C:/Xilinx/Vitis_HLS/2022.1/common/technology/autopilot\ap_fixed_base.h:859  |
|   mac_muladd_16s_8s_24s_25_4_1_U13  | 38  |     | 2   |      |      |     |        |       |         |             |                                                                             |
|     bind_op mul                     |     |     |     |      |      |     |        | dsp48 | 3       | r_V_13      | C:/Xilinx/Vitis_HLS/2022.1/common/technology/autopilot\ap_fixed_base.h:1319 |
|     bind_op add                     |     |     |     |      |      |     |        | dsp48 | 3       | add_ln859   | C:/Xilinx/Vitis_HLS/2022.1/common/technology/autopilot\ap_fixed_base.h:859  |
|   mac_muladd_16s_8s_25s_25_4_1_U14  | 46  |     | 1   |      |      |     |        |       |         |             |                                                                             |
|     bind_op mul                     |     |     |     |      |      |     |        | dsp48 | 3       | r_V_11      | C:/Xilinx/Vitis_HLS/2022.1/common/technology/autopilot\ap_fixed_base.h:1319 |
|     bind_op add                     |     |     |     |      |      |     |        | dsp48 | 3       | add_ln859_3 | C:/Xilinx/Vitis_HLS/2022.1/common/technology/autopilot\ap_fixed_base.h:859  |
|   mux_533_16_1_1_U8                 | 3   |     |     |      |      |     |        |       |         |             |                                                                             |
|   mux_533_16_1_1_U9                 | 4   |     |     |      |      |     |        |       |         |             |                                                                             |
|   regslice_both_input_r_V_data_V_U  | 14  | 20  |     |      |      |     |        |       |         |             |                                                                             |
|   regslice_both_input_r_V_last_V_U  | 7   | 6   |     |      |      |     |        |       |         |             |                                                                             |
|   regslice_both_output_r_V_data_V_U | 34  | 68  |     |      |      |     |        |       |         |             |                                                                             |
|   regslice_both_output_r_V_last_V_U | 6   | 6   |     |      |      |     |        |       |         |             |                                                                             |
+-------------------------------------+-----+-----+-----+------+------+-----+--------+-------+---------+-------------+-----------------------------------------------------------------------------+


================================================================
== Place & Route Fail Fast
================================================================
+-----------------------------------------------------------+-----------+--------+--------+
| Criteria                                                  | Guideline | Actual | Status |
+-----------------------------------------------------------+-----------+--------+--------+
| LUT                                                       | 70%       | 0.32%  | OK     |
| FD                                                        | 50%       | 0.34%  | OK     |
| LUTRAM+SRL                                                | 25%       | 0.00%  | OK     |
| MUXF7                                                     | 15%       | 0.00%  | OK     |
| DSP                                                       | 80%       | 2.27%  | OK     |
| RAMB/FIFO                                                 | 80%       | 0.00%  | OK     |
| DSP+RAMB+URAM (Avg)                                       | 70%       | 2.27%  | OK     |
| BUFGCE* + BUFGCTRL                                        | 24        | 0      | OK     |
| DONT_TOUCH (cells/nets)                                   | 0         | 0      | OK     |
| MARK_DEBUG (nets)                                         | 0         | 0      | OK     |
| Control Sets                                              | 998       | 15     | OK     |
| Average Fanout for modules > 100k cells                   | 4         | 0      | OK     |
| Non-FD high fanout nets > 10k loads                       | 0         | 0      | OK     |
+-----------------------------------------------------------+-----------+--------+--------+
| TIMING-6 (No common primary clock between related clocks) | 0         | 0      | OK     |
| TIMING-7 (No common node between related clocks)          | 0         | 0      | OK     |
| TIMING-8 (No common period between related clocks)        | 0         | 0      | OK     |
| TIMING-14 (LUT on the clock tree)                         | 0         | 0      | OK     |
| TIMING-35 (No common node in paths with the same clock)   | 0         | 0      | OK     |
+-----------------------------------------------------------+-----------+--------+--------+
| Number of paths above max LUT budgeting (0.575ns)         | 0         | 0      | OK     |
| Number of paths above max Net budgeting (0.403ns)         | 0         | 0      | OK     |
+-----------------------------------------------------------+-----------+--------+--------+


================================================================
== Place & Route Timing Paths
================================================================
* Timing was met
+-------+-------+------------------+---------------------------------------------------------------------------------------------------------------+--------------+------------+----------------+----------------+--------------+
| Path  | SLACK | STARTPOINT PIN   | ENDPOINT PIN                                                                                                  | LOGIC LEVELS | MAX FANOUT | DATAPATH DELAY | DATAPATH LOGIC | DATAPATH NET |
|       |       |                  |                                                                                                               |              |            |                |          DELAY |        DELAY |
+-------+-------+------------------+---------------------------------------------------------------------------------------------------------------+--------------+------------+----------------+----------------+--------------+
| Path1 | 3.484 | count_V_reg[1]/C | mac_muladd_16s_8s_25s_25_4_1_U14/fir_decimation_filter_mac_muladd_16s_8s_25s_25_4_1_DSP48_2_U/p_reg_reg/B[0]  |            2 |         92 |          5.982 |          0.704 |        5.278 |
| Path2 | 4.036 | count_V_reg[1]/C | mac_muladd_16s_8s_25s_25_4_1_U14/fir_decimation_filter_mac_muladd_16s_8s_25s_25_4_1_DSP48_2_U/p_reg_reg/B[3]  |            2 |         92 |          5.430 |          0.704 |        4.726 |
| Path3 | 4.123 | count_V_reg[1]/C | p_ZZ21fir_decimation_filterRN3hls6streamINS_4axisI8ap_fixedILi8ELi1EL9ap_q_mode5E_5_reg[0]/D                  |            2 |         92 |          5.762 |          0.704 |        5.058 |
| Path4 | 4.127 | count_V_reg[1]/C | p_ZZ21fir_decimation_filterRN3hls6streamINS_4axisI8ap_fixedILi8ELi1EL9ap_q_mode5E_1_reg[0]/D                  |            2 |         92 |          5.757 |          0.704 |        5.053 |
| Path5 | 4.131 | count_V_reg[0]/C | mac_muladd_16s_8s_24s_25_4_1_U12/fir_decimation_filter_mac_muladd_16s_8s_24s_25_4_1_DSP48_1_U/m_reg_reg/B[10] |            2 |         92 |          5.335 |          0.704 |        4.631 |
+-------+-------+------------------+---------------------------------------------------------------------------------------------------------------+--------------+------------+----------------+----------------+--------------+

    +------------------------------------------------------------------------------------------------------------------------------------------------------------------------------------------+----------------------+
    | Path1 Cells                                                                                                                                                                              | Primitive Type       |
    +------------------------------------------------------------------------------------------------------------------------------------------------------------------------------------------+----------------------+
    | count_V_reg[1]                                                                                                                                                                           | FLOP_LATCH.flop.FDRE |
    | mac_muladd_16s_8s_25s_25_4_1_U14/fir_decimation_filter_mac_muladd_16s_8s_25s_25_4_1_DSP48_2_U/p_ZZ21fir_decimation_filterRN3hls6streamINS_4axisI8ap_fixedILi8ELi1EL9ap_q_mode5E_5[0]_i_2 | LUT.others.LUT6      |
    | mac_muladd_16s_8s_25s_25_4_1_U14/fir_decimation_filter_mac_muladd_16s_8s_25s_25_4_1_DSP48_2_U/p_ZZ21fir_decimation_filterRN3hls6streamINS_4axisI8ap_fixedILi8ELi1EL9ap_q_mode5E_5[0]_i_1 | LUT.others.LUT5      |
    | mac_muladd_16s_8s_25s_25_4_1_U14/fir_decimation_filter_mac_muladd_16s_8s_25s_25_4_1_DSP48_2_U/p_reg_reg                                                                                  | MULT.dsp.DSP48E1     |
    +------------------------------------------------------------------------------------------------------------------------------------------------------------------------------------------+----------------------+

    +------------------------------------------------------------------------------------------------------------------------------------------------------------------------------------------+----------------------+
    | Path2 Cells                                                                                                                                                                              | Primitive Type       |
    +------------------------------------------------------------------------------------------------------------------------------------------------------------------------------------------+----------------------+
    | count_V_reg[1]                                                                                                                                                                           | FLOP_LATCH.flop.FDRE |
    | mac_muladd_16s_8s_25s_25_4_1_U14/fir_decimation_filter_mac_muladd_16s_8s_25s_25_4_1_DSP48_2_U/p_ZZ21fir_decimation_filterRN3hls6streamINS_4axisI8ap_fixedILi8ELi1EL9ap_q_mode5E_5[3]_i_2 | LUT.others.LUT6      |
    | mac_muladd_16s_8s_25s_25_4_1_U14/fir_decimation_filter_mac_muladd_16s_8s_25s_25_4_1_DSP48_2_U/p_ZZ21fir_decimation_filterRN3hls6streamINS_4axisI8ap_fixedILi8ELi1EL9ap_q_mode5E_5[3]_i_1 | LUT.others.LUT5      |
    | mac_muladd_16s_8s_25s_25_4_1_U14/fir_decimation_filter_mac_muladd_16s_8s_25s_25_4_1_DSP48_2_U/p_reg_reg                                                                                  | MULT.dsp.DSP48E1     |
    +------------------------------------------------------------------------------------------------------------------------------------------------------------------------------------------+----------------------+

    +------------------------------------------------------------------------------------------------------------------------------------------------------------------------------------------+----------------------+
    | Path3 Cells                                                                                                                                                                              | Primitive Type       |
    +------------------------------------------------------------------------------------------------------------------------------------------------------------------------------------------+----------------------+
    | count_V_reg[1]                                                                                                                                                                           | FLOP_LATCH.flop.FDRE |
    | mac_muladd_16s_8s_25s_25_4_1_U14/fir_decimation_filter_mac_muladd_16s_8s_25s_25_4_1_DSP48_2_U/p_ZZ21fir_decimation_filterRN3hls6streamINS_4axisI8ap_fixedILi8ELi1EL9ap_q_mode5E_5[0]_i_2 | LUT.others.LUT6      |
    | mac_muladd_16s_8s_25s_25_4_1_U14/fir_decimation_filter_mac_muladd_16s_8s_25s_25_4_1_DSP48_2_U/p_ZZ21fir_decimation_filterRN3hls6streamINS_4axisI8ap_fixedILi8ELi1EL9ap_q_mode5E_5[0]_i_1 | LUT.others.LUT5      |
    | p_ZZ21fir_decimation_filterRN3hls6streamINS_4axisI8ap_fixedILi8ELi1EL9ap_q_mode5E_5_reg[0]                                                                                               | FLOP_LATCH.flop.FDRE |
    +------------------------------------------------------------------------------------------------------------------------------------------------------------------------------------------+----------------------+

    +------------------------------------------------------------------------------------------------------------------------------------------------------------------------------------------+----------------------+
    | Path4 Cells                                                                                                                                                                              | Primitive Type       |
    +------------------------------------------------------------------------------------------------------------------------------------------------------------------------------------------+----------------------+
    | count_V_reg[1]                                                                                                                                                                           | FLOP_LATCH.flop.FDRE |
    | mac_muladd_16s_8s_25s_25_4_1_U14/fir_decimation_filter_mac_muladd_16s_8s_25s_25_4_1_DSP48_2_U/p_ZZ21fir_decimation_filterRN3hls6streamINS_4axisI8ap_fixedILi8ELi1EL9ap_q_mode5E_5[0]_i_2 | LUT.others.LUT6      |
    | mac_muladd_16s_8s_25s_25_4_1_U14/fir_decimation_filter_mac_muladd_16s_8s_25s_25_4_1_DSP48_2_U/p_ZZ21fir_decimation_filterRN3hls6streamINS_4axisI8ap_fixedILi8ELi1EL9ap_q_mode5E_5[0]_i_1 | LUT.others.LUT5      |
    | p_ZZ21fir_decimation_filterRN3hls6streamINS_4axisI8ap_fixedILi8ELi1EL9ap_q_mode5E_1_reg[0]                                                                                               | FLOP_LATCH.flop.FDRE |
    +------------------------------------------------------------------------------------------------------------------------------------------------------------------------------------------+----------------------+

    +------------------------------------------------------------------------------------------------------------------------------------------------------------------------------------------+----------------------+
    | Path5 Cells                                                                                                                                                                              | Primitive Type       |
    +------------------------------------------------------------------------------------------------------------------------------------------------------------------------------------------+----------------------+
    | count_V_reg[0]                                                                                                                                                                           | FLOP_LATCH.flop.FDRE |
    | mac_muladd_16s_8s_24s_25_4_1_U12/fir_decimation_filter_mac_muladd_16s_8s_24s_25_4_1_DSP48_1_U/p_ZZ21fir_decimation_filterRN3hls6streamINS_4axisI8ap_fixedILi8ELi1EL9ap_q_mode5E_6[7]_i_2 | LUT.others.LUT6      |
    | mac_muladd_16s_8s_24s_25_4_1_U12/fir_decimation_filter_mac_muladd_16s_8s_24s_25_4_1_DSP48_1_U/p_ZZ21fir_decimation_filterRN3hls6streamINS_4axisI8ap_fixedILi8ELi1EL9ap_q_mode5E_6[7]_i_1 | LUT.others.LUT5      |
    | mac_muladd_16s_8s_24s_25_4_1_U12/fir_decimation_filter_mac_muladd_16s_8s_24s_25_4_1_DSP48_1_U/m_reg_reg                                                                                  | MULT.dsp.DSP48E1     |
    +------------------------------------------------------------------------------------------------------------------------------------------------------------------------------------------+----------------------+


================================================================
== Place & Route Vivado Reports
================================================================
+--------------------------+-------------------------------------------------------------------------------+
| Report Type              | Report Location                                                               |
+--------------------------+-------------------------------------------------------------------------------+
| design_analysis          | impl/verilog/report/fir_decimation_filter_design_analysis_routed.rpt          |
| failfast                 | impl/verilog/report/fir_decimation_filter_failfast_routed.rpt                 |
| status                   | impl/verilog/report/fir_decimation_filter_status_routed.rpt                   |
| timing                   | impl/verilog/report/fir_decimation_filter_timing_routed.rpt                   |
| timing_paths             | impl/verilog/report/fir_decimation_filter_timing_paths_routed.rpt             |
| utilization              | impl/verilog/report/fir_decimation_filter_utilization_routed.rpt              |
| utilization_hierarchical | impl/verilog/report/fir_decimation_filter_utilization_hierarchical_routed.rpt |
+--------------------------+-------------------------------------------------------------------------------+


