================================================================
== Vivado RTL Synthesis Results
================================================================
+ General Information:
    * Date:            Sat Sep 26 05:29:44 +0700 2026
    * Version:         2022.1 (Build 3526262 on Mon Apr 18 15:48:16 MDT 2022)
    * Project:         fir_decimation_filter
    * Solution:        solution1 (Vivado IP Flow Target)
    * Product family:  zynq
    * Target device:   xc7z020-clg400-1


================================================================
== Run Constraints & Options
================================================================
+ Design Constraints & Options:
    * RTL Synthesis target clock:  10 ns
    * C-Synthesis target clock:    10 ns
    * C-Synthesis uncertainty:     27%

+ RTL Synthesis Options:
    * config_export -vivado_synth_strategy:     default
    * config_export -vivado_synth_design_args:  -directive sdx_optimization_effort_high

+ Reporting Options:
    * config_export -vivado_report_level:      2
    * config_export -vivado_max_timing_paths:  10


================================================================
== RTL Synthesis Resource Summary
================================================================
LUT:              199
FF:               364
DSP:              5
BRAM:             0
URAM:             0
SRL:              0


================================================================
== RTL Synthesis Timing Summary
================================================================
* Timing was met
+------------+-------------+
| Timing     | Period (ns) |
+------------+-------------+
| Target     | 10.000      |
| Post-Route | 4.691       |
+------------+-------------+


================================================================
== RTL Synthesis Resources
================================================================
+-------------------------------------+-----+-----+-----+------+------+-----+--------+-------+---------+-------------+-----------------------------------------------------------------------------+
| Name                                | LUT | FF  | DSP | BRAM | URAM | SRL | Pragma | Impl  | Latency | Variable    | Source                                                                      |
+-------------------------------------+-----+-----+-----+------+------+-----+--------+-------+---------+-------------+-----------------------------------------------------------------------------+
| inst                                | 199 | 364 | 5   |      |      |     |        |       |         |             |                                                                             |
|   (inst)                            | 3   | 264 |     |      |      |     |        |       |         |             |                                                                             |
|   mac_muladd_16s_8s_24s_25_4_1_U12  | 30  |     | 2   |      |      |     |        |       |         |             |                                                                             |
|     bind_op mul                     |     |     |     |      |      |     |        | dsp48 | 3       | r_V_10      | C:/Xilinx/Vitis_HLS/2022.1/common/technology/autopilot\ap_fixed_base.h:1319 |
|     bind_op add                     |     |     |     |      |      |     |        | dsp48 | 3       | add_ln859_2 | C:/Xilinx/Vitis_HLS/2022.1/common/technology/autopilot\ap_fixed_base.h:859  |
|   mac_muladd_16s_8s_24s_25_4_1_U13  | 43  |     | 2   |      |      |     |        |       |         |             |                                                                             |
|     bind_op mul                     |     |     |     |      |      |     |        | dsp48 | 3       | r_V_13      | C:/Xilinx/Vitis_HLS/2022.1/common/technology/autopilot\ap_fixed_base.h:1319 |
|     bind_op add                     |     |     |     |      |      |     |        | dsp48 | 3       | add_ln859   | C:/Xilinx/Vitis_HLS/2022.1/common/technology/autopilot\ap_fixed_base.h:859  |
|   mac_muladd_16s_8s_25s_25_4_1_U14  | 46  |     | 1   |      |      |     |        |       |         |             |                                                                             |
|     bind_op mul                     |     |     |     |      |      |     |        | dsp48 | 3       | r_V_11      | C:/Xilinx/Vitis_HLS/2022.1/common/technology/autopilot\ap_fixed_base.h:1319 |
|     bind_op add                     |     |     |     |      |      |     |        | dsp48 | 3       | add_ln859_3 | C:/Xilinx/Vitis_HLS/2022.1/common/technology/autopilot\ap_fixed_base.h:859  |
|   mux_533_16_1_1_U8                 | 4   |     |     |      |      |     |        |       |         |             |                                                                             |
|   mux_533_16_1_1_U9                 | 6   |     |     |      |      |     |        |       |         |             |                                                                             |
|   regslice_both_input_r_V_data_V_U  | 19  | 20  |     |      |      |     |        |       |         |             |                                                                             |
|   regslice_both_input_r_V_last_V_U  | 7   | 6   |     |      |      |     |        |       |         |             |                                                                             |
|   regslice_both_output_r_V_data_V_U | 35  | 68  |     |      |      |     |        |       |         |             |                                                                             |
|   regslice_both_output_r_V_last_V_U | 6   | 6   |     |      |      |     |        |       |         |             |                                                                             |
+-------------------------------------+-----+-----+-----+------+------+-----+--------+-------+---------+-------------+-----------------------------------------------------------------------------+


================================================================
== RTL Synthesis Fail Fast
================================================================
+-----------------------------------------------------------+-----------+--------+--------+
| Criteria                                                  | Guideline | Actual | Status |
+-----------------------------------------------------------+-----------+--------+--------+
| LUT                                                       | 70%       | 0.37%  | OK     |
| FD                                                        | 50%       | 0.34%  | OK     |
| LUTRAM+SRL                                                | 25%       | 0.00%  | OK     |
| MUXF7                                                     | 15%       | 0.00%  | OK     |
| DSP                                                       | 80%       | 2.27%  | OK     |
| RAMB/FIFO                                                 | 80%       | 0.00%  | OK     |
| DSP+RAMB+URAM (Avg)                                       | 70%       | 2.27%  | OK     |
| BUFGCE* + BUFGCTRL                                        | 24        | 0      | OK     |
| DONT_TOUCH (cells/nets)                                   | 0         | 0      | OK     |
| MARK_DEBUG (nets)                                         | 0         | 0      | OK     |
| Control Sets                                              | 998       | 15     | OK     |
| Average Fanout for modules > 100k cells                   | 4         | 0      | OK     |
| Non-FD high fanout nets > 10k loads                       | 0         | 0      | OK     |
+-----------------------------------------------------------+-----------+--------+--------+
| TIMING-6 (No common primary clock between related clocks) | 0         | 0      | OK     |
| TIMING-7 (No common node between related clocks)          | 0         | 0      | OK     |
| TIMING-8 (No common period between related clocks)        | 0         | 0      | OK     |
| TIMING-14 (LUT on the clock tree)                         | 0         | 0      | OK     |
| TIMING-35 (No common node in paths with the same clock)   | 0         | 0      | OK     |
+-----------------------------------------------------------+-----------+--------+--------+
| Number of paths above max LUT budgeting (0.575ns)         | 0         | 0      | OK     |
| Number of paths above max Net budgeting (0.403ns)         | 0         | 0      | OK     |
+-----------------------------------------------------------+-----------+--------+--------+


================================================================
== RTL Synthesis Timing Paths
================================================================
* Timing was met
+-------+-------+----------------+------------------------------------------------------------------+--------------+------------+----------------+----------------+--------------+
| Path  | SLACK | STARTPOINT PIN | ENDPOINT PIN                                                     | LOGIC LEVELS | MAX FANOUT | DATAPATH DELAY | DATAPATH LOGIC | DATAPATH NET |
|       |       |                |                                                                  |              |            |                |          DELAY |        DELAY |
+-------+-------+----------------+------------------------------------------------------------------+--------------+------------+----------------+----------------+--------------+
| Path1 | 5.309 | sum_V_reg[3]/C | output_temp_data_V_reg_781_reg[29]/D                             |            9 |          3 |          4.409 |          2.629 |        1.780 |
| Path2 | 5.309 | sum_V_reg[3]/C | regslice_both_output_r_V_data_V_U/B_V_data_1_payload_B_reg[29]/D |            9 |          3 |          4.409 |          2.629 |        1.780 |
| Path3 | 5.319 | sum_V_reg[3]/C | output_temp_data_V_reg_781_reg[31]/D                             |            9 |          3 |          4.398 |          2.623 |        1.775 |
| Path4 | 5.319 | sum_V_reg[3]/C | regslice_both_output_r_V_data_V_U/B_V_data_1_payload_B_reg[31]/D |            9 |          3 |          4.398 |          2.623 |        1.775 |
| Path5 | 5.426 | sum_V_reg[3]/C | output_temp_data_V_reg_781_reg[25]/D                             |            8 |          3 |          4.292 |          2.512 |        1.780 |
+-------+-------+----------------+------------------------------------------------------------------+--------------+------------+----------------+----------------+--------------+

    +--------------------------------------------------------------------------------------------------------------------------------------+----------------------+
    | Path1 Cells                                                                                                                          | Primitive Type       |
    +--------------------------------------------------------------------------------------------------------------------------------------+----------------------+
    | sum_V_reg[3]                                                                                                                         | FLOP_LATCH.flop.FDRE |
    | mac_muladd_16s_8s_25s_25_4_1_U14/fir_decimation_filter_mac_muladd_16s_8s_25s_25_4_1_DSP48_2_U/output_temp_data_V_reg_781[7]_i_5      | LUT.others.LUT3      |
    | mac_muladd_16s_8s_25s_25_4_1_U14/fir_decimation_filter_mac_muladd_16s_8s_25s_25_4_1_DSP48_2_U/output_temp_data_V_reg_781[7]_i_9      | LUT.others.LUT4      |
    | mac_muladd_16s_8s_25s_25_4_1_U14/fir_decimation_filter_mac_muladd_16s_8s_25s_25_4_1_DSP48_2_U/output_temp_data_V_reg_781_reg[7]_i_1  | CARRY.others.CARRY4  |
    | mac_muladd_16s_8s_25s_25_4_1_U14/fir_decimation_filter_mac_muladd_16s_8s_25s_25_4_1_DSP48_2_U/output_temp_data_V_reg_781_reg[11]_i_1 | CARRY.others.CARRY4  |
    | mac_muladd_16s_8s_25s_25_4_1_U14/fir_decimation_filter_mac_muladd_16s_8s_25s_25_4_1_DSP48_2_U/output_temp_data_V_reg_781_reg[15]_i_1 | CARRY.others.CARRY4  |
    | mac_muladd_16s_8s_25s_25_4_1_U14/fir_decimation_filter_mac_muladd_16s_8s_25s_25_4_1_DSP48_2_U/output_temp_data_V_reg_781_reg[19]_i_1 | CARRY.others.CARRY4  |
    | mac_muladd_16s_8s_25s_25_4_1_U14/fir_decimation_filter_mac_muladd_16s_8s_25s_25_4_1_DSP48_2_U/output_temp_data_V_reg_781_reg[23]_i_1 | CARRY.others.CARRY4  |
    | mac_muladd_16s_8s_25s_25_4_1_U14/fir_decimation_filter_mac_muladd_16s_8s_25s_25_4_1_DSP48_2_U/output_temp_data_V_reg_781_reg[27]_i_1 | CARRY.others.CARRY4  |
    | mac_muladd_16s_8s_25s_25_4_1_U14/fir_decimation_filter_mac_muladd_16s_8s_25s_25_4_1_DSP48_2_U/output_temp_data_V_reg_781_reg[31]_i_1 | CARRY.others.CARRY4  |
    | output_temp_data_V_reg_781_reg[29]                                                                                                   | FLOP_LATCH.flop.FDRE |
    +--------------------------------------------------------------------------------------------------------------------------------------+----------------------+

    +--------------------------------------------------------------------------------------------------------------------------------------+----------------------+
    | Path2 Cells                                                                                                                          | Primitive Type       |
    +--------------------------------------------------------------------------------------------------------------------------------------+----------------------+
    | sum_V_reg[3]                                                                                                                         | FLOP_LATCH.flop.FDRE |
    | mac_muladd_16s_8s_25s_25_4_1_U14/fir_decimation_filter_mac_muladd_16s_8s_25s_25_4_1_DSP48_2_U/output_temp_data_V_reg_781[7]_i_5      | LUT.others.LUT3      |
    | mac_muladd_16s_8s_25s_25_4_1_U14/fir_decimation_filter_mac_muladd_16s_8s_25s_25_4_1_DSP48_2_U/output_temp_data_V_reg_781[7]_i_9      | LUT.others.LUT4      |
    | mac_muladd_16s_8s_25s_25_4_1_U14/fir_decimation_filter_mac_muladd_16s_8s_25s_25_4_1_DSP48_2_U/output_temp_data_V_reg_781_reg[7]_i_1  | CARRY.others.CARRY4  |
    | mac_muladd_16s_8s_25s_25_4_1_U14/fir_decimation_filter_mac_muladd_16s_8s_25s_25_4_1_DSP48_2_U/output_temp_data_V_reg_781_reg[11]_i_1 | CARRY.others.CARRY4  |
    | mac_muladd_16s_8s_25s_25_4_1_U14/fir_decimation_filter_mac_muladd_16s_8s_25s_25_4_1_DSP48_2_U/output_temp_data_V_reg_781_reg[15]_i_1 | CARRY.others.CARRY4  |
    | mac_muladd_16s_8s_25s_25_4_1_U14/fir_decimation_filter_mac_muladd_16s_8s_25s_25_4_1_DSP48_2_U/output_temp_data_V_reg_781_reg[19]_i_1 | CARRY.others.CARRY4  |
    | mac_muladd_16s_8s_25s_25_4_1_U14/fir_decimation_filter_mac_muladd_16s_8s_25s_25_4_1_DSP48_2_U/output_temp_data_V_reg_781_reg[23]_i_1 | CARRY.others.CARRY4  |
    | mac_muladd_16s_8s_25s_25_4_1_U14/fir_decimation_filter_mac_muladd_16s_8s_25s_25_4_1_DSP48_2_U/output_temp_data_V_reg_781_reg[27]_i_1 | CARRY.others.CARRY4  |
    | mac_muladd_16s_8s_25s_25_4_1_U14/fir_decimation_filter_mac_muladd_16s_8s_25s_25_4_1_DSP48_2_U/output_temp_data_V_reg_781_reg[31]_i_1 | CARRY.others.CARRY4  |
    | regslice_both_output_r_V_data_V_U/B_V_data_1_payload_B_reg[29]                                                                       | FLOP_LATCH.flop.FDRE |
    +--------------------------------------------------------------------------------------------------------------------------------------+----------------------+

    +--------------------------------------------------------------------------------------------------------------------------------------+----------------------+
    | Path3 Cells                                                                                                                          | Primitive Type       |
    +--------------------------------------------------------------------------------------------------------------------------------------+----------------------+
    | sum_V_reg[3]                                                                                                                         | FLOP_LATCH.flop.FDRE |
    | mac_muladd_16s_8s_25s_25_4_1_U14/fir_decimation_filter_mac_muladd_16s_8s_25s_25_4_1_DSP48_2_U/output_temp_data_V_reg_781[7]_i_5      | LUT.others.LUT3      |
    | mac_muladd_16s_8s_25s_25_4_1_U14/fir_decimation_filter_mac_muladd_16s_8s_25s_25_4_1_DSP48_2_U/output_temp_data_V_reg_781[7]_i_9      | LUT.others.LUT4      |
    | mac_muladd_16s_8s_25s_25_4_1_U14/fir_decimation_filter_mac_muladd_16s_8s_25s_25_4_1_DSP48_2_U/output_temp_data_V_reg_781_reg[7]_i_1  | CARRY.others.CARRY4  |
    | mac_muladd_16s_8s_25s_25_4_1_U14/fir_decimation_filter_mac_muladd_16s_8s_25s_25_4_1_DSP48_2_U/output_temp_data_V_reg_781_reg[11]_i_1 | CARRY.others.CARRY4  |
    | mac_muladd_16s_8s_25s_25_4_1_U14/fir_decimation_filter_mac_muladd_16s_8s_25s_25_4_1_DSP48_2_U/output_temp_data_V_reg_781_reg[15]_i_1 | CARRY.others.CARRY4  |
    | mac_muladd_16s_8s_25s_25_4_1_U14/fir_decimation_filter_mac_muladd_16s_8s_25s_25_4_1_DSP48_2_U/output_temp_data_V_reg_781_reg[19]_i_1 | CARRY.others.CARRY4  |
    | mac_muladd_16s_8s_25s_25_4_1_U14/fir_decimation_filter_mac_muladd_16s_8s_25s_25_4_1_DSP48_2_U/output_temp_data_V_reg_781_reg[23]_i_1 | CARRY.others.CARRY4  |
    | mac_muladd_16s_8s_25s_25_4_1_U14/fir_decimation_filter_mac_muladd_16s_8s_25s_25_4_1_DSP48_2_U/output_temp_data_V_reg_781_reg[27]_i_1 | CARRY.others.CARRY4  |
    | mac_muladd_16s_8s_25s_25_4_1_U14/fir_decimation_filter_mac_muladd_16s_8s_25s_25_4_1_DSP48_2_U/output_temp_data_V_reg_781_reg[31]_i_1 | CARRY.others.CARRY4  |
    | output_temp_data_V_reg_781_reg[31]                                                                                                   | FLOP_LATCH.flop.FDRE |
    +--------------------------------------------------------------------------------------------------------------------------------------+----------------------+

    +--------------------------------------------------------------------------------------------------------------------------------------+----------------------+
    | Path4 Cells                                                                                                                          | Primitive Type       |
    +--------------------------------------------------------------------------------------------------------------------------------------+----------------------+
    | sum_V_reg[3]                                                                                                                         | FLOP_LATCH.flop.FDRE |
    | mac_muladd_16s_8s_25s_25_4_1_U14/fir_decimation_filter_mac_muladd_16s_8s_25s_25_4_1_DSP48_2_U/output_temp_data_V_reg_781[7]_i_5      | LUT.others.LUT3      |
    | mac_muladd_16s_8s_25s_25_4_1_U14/fir_decimation_filter_mac_muladd_16s_8s_25s_25_4_1_DSP48_2_U/output_temp_data_V_reg_781[7]_i_9      | LUT.others.LUT4      |
    | mac_muladd_16s_8s_25s_25_4_1_U14/fir_decimation_filter_mac_muladd_16s_8s_25s_25_4_1_DSP48_2_U/output_temp_data_V_reg_781_reg[7]_i_1  | CARRY.others.CARRY4  |
    | mac_muladd_16s_8s_25s_25_4_1_U14/fir_decimation_filter_mac_muladd_16s_8s_25s_25_4_1_DSP48_2_U/output_temp_data_V_reg_781_reg[11]_i_1 | CARRY.others.CARRY4  |
    | mac_muladd_16s_8s_25s_25_4_1_U14/fir_decimation_filter_mac_muladd_16s_8s_25s_25_4_1_DSP48_2_U/output_temp_data_V_reg_781_reg[15]_i_1 | CARRY.others.CARRY4  |
    | mac_muladd_16s_8s_25s_25_4_1_U14/fir_decimation_filter_mac_muladd_16s_8s_25s_25_4_1_DSP48_2_U/output_temp_data_V_reg_781_reg[19]_i_1 | CARRY.others.CARRY4  |
    | mac_muladd_16s_8s_25s_25_4_1_U14/fir_decimation_filter_mac_muladd_16s_8s_25s_25_4_1_DSP48_2_U/output_temp_data_V_reg_781_reg[23]_i_1 | CARRY.others.CARRY4  |
    | mac_muladd_16s_8s_25s_25_4_1_U14/fir_decimation_filter_mac_muladd_16s_8s_25s_25_4_1_DSP48_2_U/output_temp_data_V_reg_781_reg[27]_i_1 | CARRY.others.CARRY4  |
    | mac_muladd_16s_8s_25s_25_4_1_U14/fir_decimation_filter_mac_muladd_16s_8s_25s_25_4_1_DSP48_2_U/output_temp_data_V_reg_781_reg[31]_i_1 | CARRY.others.CARRY4  |
    | regslice_both_output_r_V_data_V_U/B_V_data_1_payload_B_reg[31]                                                                       | FLOP_LATCH.flop.FDRE |
    +--------------------------------------------------------------------------------------------------------------------------------------+----------------------+

    +--------------------------------------------------------------------------------------------------------------------------------------+----------------------+
    | Path5 Cells                                                                                                                          | Primitive Type       |
    +--------------------------------------------------------------------------------------------------------------------------------------+----------------------+
    | sum_V_reg[3]                                                                                                                         | FLOP_LATCH.flop.FDRE |
    | mac_muladd_16s_8s_25s_25_4_1_U14/fir_decimation_filter_mac_muladd_16s_8s_25s_25_4_1_DSP48_2_U/output_temp_data_V_reg_781[7]_i_5      | LUT.others.LUT3      |
    | mac_muladd_16s_8s_25s_25_4_1_U14/fir_decimation_filter_mac_muladd_16s_8s_25s_25_4_1_DSP48_2_U/output_temp_data_V_reg_781[7]_i_9      | LUT.others.LUT4      |
    | mac_muladd_16s_8s_25s_25_4_1_U14/fir_decimation_filter_mac_muladd_16s_8s_25s_25_4_1_DSP48_2_U/output_temp_data_V_reg_781_reg[7]_i_1  | CARRY.others.CARRY4  |
    | mac_muladd_16s_8s_25s_25_4_1_U14/fir_decimation_filter_mac_muladd_16s_8s_25s_25_4_1_DSP48_2_U/output_temp_data_V_reg_781_reg[11]_i_1 | CARRY.others.CARRY4  |
    | mac_muladd_16s_8s_25s_25_4_1_U14/fir_decimation_filter_mac_muladd_16s_8s_25s_25_4_1_DSP48_2_U/output_temp_data_V_reg_781_reg[15]_i_1 | CARRY.others.CARRY4  |
    | mac_muladd_16s_8s_25s_25_4_1_U14/fir_decimation_filter_mac_muladd_16s_8s_25s_25_4_1_DSP48_2_U/output_temp_data_V_reg_781_reg[19]_i_1 | CARRY.others.CARRY4  |
    | mac_muladd_16s_8s_25s_25_4_1_U14/fir_decimation_filter_mac_muladd_16s_8s_25s_25_4_1_DSP48_2_U/output_temp_data_V_reg_781_reg[23]_i_1 | CARRY.others.CARRY4  |
    | mac_muladd_16s_8s_25s_25_4_1_U14/fir_decimation_filter_mac_muladd_16s_8s_25s_25_4_1_DSP48_2_U/output_temp_data_V_reg_781_reg[27]_i_1 | CARRY.others.CARRY4  |
    | output_temp_data_V_reg_781_reg[25]                                                                                                   | FLOP_LATCH.flop.FDRE |
    +--------------------------------------------------------------------------------------------------------------------------------------+----------------------+


================================================================
== RTL Synthesis Vivado Reports
================================================================
+--------------------------+------------------------------------------------------------------------------+
| Report Type              | Report Location                                                              |
+--------------------------+------------------------------------------------------------------------------+
| design_analysis          | impl/verilog/report/fir_decimation_filter_design_analysis_synth.rpt          |
| failfast                 | impl/verilog/report/fir_decimation_filter_failfast_synth.rpt                 |
| timing                   | impl/verilog/report/fir_decimation_filter_timing_synth.rpt                   |
| timing_paths             | impl/verilog/report/fir_decimation_filter_timing_paths_synth.rpt             |
| utilization              | impl/verilog/report/fir_decimation_filter_utilization_synth.rpt              |
| utilization_hierarchical | impl/verilog/report/fir_decimation_filter_utilization_hierarchical_synth.rpt |
+--------------------------+------------------------------------------------------------------------------+


