Copyright 1986-2022 Xilinx, Inc. All Rights Reserved.
-----------------------------------------------------------------------------------------------
| Tool Version : Vivado v.2022.1 (win64) Build 3526262 Mon Apr 18 15:48:16 MDT 2022
| Date         : Sat Sep 26 05:44:35 2026
| Host         : ndrswcy running 64-bit major release  (build 9200)
| Command      : report_timing_summary -file ./report/quadrature_demodulator_timing_routed.rpt
| Design       : bd_0_wrapper
| Device       : 7z020-clg400
| Speed File   : -1  PRODUCTION 1.12 2019-11-22
-----------------------------------------------------------------------------------------------

Timing Summary Report

------------------------------------------------------------------------------------------------
| Timer Settings
| --------------
------------------------------------------------------------------------------------------------

  Enable Multi Corner Analysis               :  Yes
  Enable Pessimism Removal                   :  Yes
  Pessimism Removal Resolution               :  Nearest Common Node
  Enable Input Delay Default Clock           :  No
  Enable Preset / Clear Arcs                 :  No
  Disable Flight Delays                      :  No
  Ignore I/O Paths                           :  No
  Timing Early Launch at Borrowing Latches   :  No
  Borrow Time for Max Delay Exceptions       :  Yes
  Merge Timing Exceptions                    :  Yes

  Corner  Analyze    Analyze    
  Name    Max Paths  Min Paths  
  ------  ---------  ---------  
  Slow    Yes        Yes        
  Fast    Yes        Yes        


------------------------------------------------------------------------------------------------
| Report Methodology
| ------------------
------------------------------------------------------------------------------------------------

Rule  Severity  Description  Violations  
----  --------  -----------  ----------  

Note: This report is based on the most recent report_methodology run and may not be up-to-date. Run report_methodology on the current design for the latest report.



check_timing report

Table of Contents
-----------------
1. checking no_clock (0)
2. checking constant_clock (0)
3. checking pulse_width_clock (0)
4. checking unconstrained_internal_endpoints (0)
5. checking no_input_delay (69)
6. checking no_output_delay (36)
7. checking multiple_clock (0)
8. checking generated_clocks (0)
9. checking loops (0)
10. checking partial_input_delay (0)
11. checking partial_output_delay (0)
12. checking latch_loops (0)

1. checking no_clock (0)
------------------------
 There are 0 register/latch pins with no clock.


2. checking constant_clock (0)
------------------------------
 There are 0 register/latch pins with constant_clock.


3. checking pulse_width_clock (0)
---------------------------------
 There are 0 register/latch pins which need pulse_width check


4. checking unconstrained_internal_endpoints (0)
------------------------------------------------
 There are 0 pins that are not constrained for maximum delay.

 There are 0 pins that are not constrained for maximum delay due to constant clock.


5. checking no_input_delay (69)
-------------------------------
 There are 69 input ports with no input delay specified. (HIGH)

 There are 0 input ports with no input delay but user has a false path constraint.


6. checking no_output_delay (36)
--------------------------------
 There are 36 ports with no output delay specified. (HIGH)

 There are 0 ports with no output delay but user has a false path constraint

 There are 0 ports with no output delay but with a timing clock defined on it or propagating through it


7. checking multiple_clock (0)
------------------------------
 There are 0 register/latch pins with multiple clocks.


8. checking generated_clocks (0)
--------------------------------
 There are 0 generated clocks that are not connected to a clock source.


9. checking loops (0)
---------------------
 There are 0 combinational loops in the design.


10. checking partial_input_delay (0)
------------------------------------
 There are 0 input ports with partial input delay specified.


11. checking partial_output_delay (0)
-------------------------------------
 There are 0 ports with partial output delay specified.


12. checking latch_loops (0)
----------------------------
 There are 0 combinational latch loops in the design through latch input



------------------------------------------------------------------------------------------------
| Design Timing Summary
| ---------------------
------------------------------------------------------------------------------------------------

    WNS(ns)      TNS(ns)  TNS Failing Endpoints  TNS Total Endpoints      WHS(ns)      THS(ns)  THS Failing Endpoints  THS Total Endpoints     WPWS(ns)     TPWS(ns)  TPWS Failing Endpoints  TPWS Total Endpoints  
    -------      -------  ---------------------  -------------------      -------      -------  ---------------------  -------------------     --------     --------  ----------------------  --------------------  
      4.043        0.000                      0                 1302        0.097        0.000                      0                 1302        4.500        0.000                       0                   530  


All user specified timing constraints are met.


------------------------------------------------------------------------------------------------
| Clock Summary
| -------------
------------------------------------------------------------------------------------------------

Clock   Waveform(ns)       Period(ns)      Frequency(MHz)
-----   ------------       ----------      --------------
ap_clk  {0.000 5.000}      10.000          100.000         


------------------------------------------------------------------------------------------------
| Intra Clock Table
| -----------------
------------------------------------------------------------------------------------------------

Clock             WNS(ns)      TNS(ns)  TNS Failing Endpoints  TNS Total Endpoints      WHS(ns)      THS(ns)  THS Failing Endpoints  THS Total Endpoints     WPWS(ns)     TPWS(ns)  TPWS Failing Endpoints  TPWS Total Endpoints  
-----             -------      -------  ---------------------  -------------------      -------      -------  ---------------------  -------------------     --------     --------  ----------------------  --------------------  
ap_clk              4.043        0.000                      0                 1302        0.097        0.000                      0                 1302        4.500        0.000                       0                   530  


------------------------------------------------------------------------------------------------
| Inter Clock Table
| -----------------
------------------------------------------------------------------------------------------------

From Clock    To Clock          WNS(ns)      TNS(ns)  TNS Failing Endpoints  TNS Total Endpoints      WHS(ns)      THS(ns)  THS Failing Endpoints  THS Total Endpoints  
----------    --------          -------      -------  ---------------------  -------------------      -------      -------  ---------------------  -------------------  


------------------------------------------------------------------------------------------------
| Other Path Groups Table
| -----------------------
------------------------------------------------------------------------------------------------

Path Group    From Clock    To Clock          WNS(ns)      TNS(ns)  TNS Failing Endpoints  TNS Total Endpoints      WHS(ns)      THS(ns)  THS Failing Endpoints  THS Total Endpoints  
----------    ----------    --------          -------      -------  ---------------------  -------------------      -------      -------  ---------------------  -------------------  


------------------------------------------------------------------------------------------------
| Timing Details
| --------------
------------------------------------------------------------------------------------------------


---------------------------------------------------------------------------------------------------
From Clock:  ap_clk
  To Clock:  ap_clk

Setup :            0  Failing Endpoints,  Worst Slack        4.043ns,  Total Violation        0.000ns
Hold  :            0  Failing Endpoints,  Worst Slack        0.097ns,  Total Violation        0.000ns
PW    :            0  Failing Endpoints,  Worst Slack        4.500ns,  Total Violation        0.000ns
---------------------------------------------------------------------------------------------------


Max Delay Paths
--------------------------------------------------------------------------------------
Slack (MET) :             4.043ns  (required time - arrival time)
  Source:                 bd_0_i/hls_inst/inst/regslice_both_real_r_V_data_V_U/B_V_data_1_sel_rd_reg/C
                            (rising edge-triggered cell FDRE clocked by ap_clk  {rise@0.000ns fall@5.000ns period=10.000ns})
  Destination:            bd_0_i/hls_inst/inst/mul_32s_32s_54_2_1_U2/dout_reg/A[20]
                            (rising edge-triggered cell DSP48E1 clocked by ap_clk  {rise@0.000ns fall@5.000ns period=10.000ns})
  Path Group:             ap_clk
  Path Type:              Setup (Max at Slow Process Corner)
  Requirement:            10.000ns  (ap_clk rise@10.000ns - ap_clk rise@0.000ns)
  Data Path Delay:        5.329ns  (logic 2.189ns (41.075%)  route 3.140ns (58.925%))
  Logic Levels:           9  (CARRY4=8 LUT4=1)
  Clock Path Skew:        -0.049ns (DCD - SCD + CPR)
    Destination Clock Delay (DCD):    0.924ns = ( 10.924 - 10.000 ) 
    Source Clock Delay      (SCD):    0.973ns
    Clock Pessimism Removal (CPR):    0.000ns
  Clock Uncertainty:      0.035ns  ((TSJ^2 + TIJ^2)^1/2 + DJ) / 2 + PE
    Total System Jitter     (TSJ):    0.071ns
    Total Input Jitter      (TIJ):    0.000ns
    Discrete Jitter          (DJ):    0.000ns
    Phase Error              (PE):    0.000ns

    Location             Delay type                Incr(ns)  Path(ns)    Netlist Resource(s)
  -------------------------------------------------------------------    -------------------
                         (clock ap_clk rise edge)     0.000     0.000 r  
                                                      0.000     0.000 r  ap_clk (IN)
                         net (fo=533, unset)          0.973     0.973    bd_0_i/hls_inst/inst/regslice_both_real_r_V_data_V_U/ap_clk
    SLICE_X38Y76         FDRE                                         r  bd_0_i/hls_inst/inst/regslice_both_real_r_V_data_V_U/B_V_data_1_sel_rd_reg/C
  -------------------------------------------------------------------    -------------------
    SLICE_X38Y76         FDRE (Prop_fdre_C_Q)         0.518     1.491 r  bd_0_i/hls_inst/inst/regslice_both_real_r_V_data_V_U/B_V_data_1_sel_rd_reg/Q
                         net (fo=96, routed)          1.847     3.338    bd_0_i/hls_inst/inst/regslice_both_real_r_V_data_V_U/B_V_data_1_sel
    SLICE_X37Y69         LUT4 (Prop_lut4_I0_O)        0.124     3.462 r  bd_0_i/hls_inst/inst/regslice_both_real_r_V_data_V_U/tmp_product__0_i_35/O
                         net (fo=1, routed)           0.000     3.462    bd_0_i/hls_inst/inst/regslice_both_real_r_V_data_V_U/tmp_product__0_i_35_n_0
    SLICE_X37Y69         CARRY4 (Prop_carry4_S[1]_CO[3])
                                                      0.550     4.012 r  bd_0_i/hls_inst/inst/regslice_both_real_r_V_data_V_U/tmp_product__0_i_4/CO[3]
                         net (fo=1, routed)           0.000     4.012    bd_0_i/hls_inst/inst/regslice_both_real_r_V_data_V_U/tmp_product__0_i_4_n_0
    SLICE_X37Y70         CARRY4 (Prop_carry4_CI_CO[3])
                                                      0.114     4.126 r  bd_0_i/hls_inst/inst/regslice_both_real_r_V_data_V_U/tmp_product__0_i_3/CO[3]
                         net (fo=1, routed)           0.000     4.126    bd_0_i/hls_inst/inst/regslice_both_real_r_V_data_V_U/tmp_product__0_i_3_n_0
    SLICE_X37Y71         CARRY4 (Prop_carry4_CI_CO[3])
                                                      0.114     4.240 r  bd_0_i/hls_inst/inst/regslice_both_real_r_V_data_V_U/tmp_product__0_i_2/CO[3]
                         net (fo=1, routed)           0.000     4.240    bd_0_i/hls_inst/inst/regslice_both_real_r_V_data_V_U/tmp_product__0_i_2_n_0
    SLICE_X37Y72         CARRY4 (Prop_carry4_CI_CO[3])
                                                      0.114     4.354 r  bd_0_i/hls_inst/inst/regslice_both_real_r_V_data_V_U/tmp_product__0_i_1/CO[3]
                         net (fo=1, routed)           0.000     4.354    bd_0_i/hls_inst/inst/regslice_both_real_r_V_data_V_U/tmp_product__0_i_1_n_0
    SLICE_X37Y73         CARRY4 (Prop_carry4_CI_CO[3])
                                                      0.114     4.468 r  bd_0_i/hls_inst/inst/regslice_both_real_r_V_data_V_U/tmp_product_i_4/CO[3]
                         net (fo=1, routed)           0.000     4.468    bd_0_i/hls_inst/inst/regslice_both_real_r_V_data_V_U/tmp_product_i_4_n_0
    SLICE_X37Y74         CARRY4 (Prop_carry4_CI_CO[3])
                                                      0.114     4.582 r  bd_0_i/hls_inst/inst/regslice_both_real_r_V_data_V_U/tmp_product_i_3/CO[3]
                         net (fo=1, routed)           0.009     4.591    bd_0_i/hls_inst/inst/regslice_both_real_r_V_data_V_U/tmp_product_i_3_n_0
    SLICE_X37Y75         CARRY4 (Prop_carry4_CI_CO[3])
                                                      0.114     4.705 r  bd_0_i/hls_inst/inst/regslice_both_real_r_V_data_V_U/tmp_product_i_2/CO[3]
                         net (fo=1, routed)           0.000     4.705    bd_0_i/hls_inst/inst/regslice_both_real_r_V_data_V_U/tmp_product_i_2_n_0
    SLICE_X37Y76         CARRY4 (Prop_carry4_CI_O[3])
                                                      0.313     5.018 r  bd_0_i/hls_inst/inst/regslice_both_real_r_V_data_V_U/tmp_product_i_1/O[3]
                         net (fo=20, routed)          1.285     6.302    bd_0_i/hls_inst/inst/mul_32s_32s_54_2_1_U2/O49[31]
    DSP48_X2Y29          DSP48E1                                      r  bd_0_i/hls_inst/inst/mul_32s_32s_54_2_1_U2/dout_reg/A[20]
  -------------------------------------------------------------------    -------------------

                         (clock ap_clk rise edge)    10.000    10.000 r  
                                                      0.000    10.000 r  ap_clk (IN)
                         net (fo=533, unset)          0.924    10.924    bd_0_i/hls_inst/inst/mul_32s_32s_54_2_1_U2/ap_clk
    DSP48_X2Y29          DSP48E1                                      r  bd_0_i/hls_inst/inst/mul_32s_32s_54_2_1_U2/dout_reg/CLK
                         clock pessimism              0.000    10.924    
                         clock uncertainty           -0.035    10.889    
    DSP48_X2Y29          DSP48E1 (Setup_dsp48e1_CLK_A[20])
                                                     -0.544    10.345    bd_0_i/hls_inst/inst/mul_32s_32s_54_2_1_U2/dout_reg
  -------------------------------------------------------------------
                         required time                         10.345    
                         arrival time                          -6.302    
  -------------------------------------------------------------------
                         slack                                  4.043    





Min Delay Paths
--------------------------------------------------------------------------------------
Slack (MET) :             0.097ns  (arrival time - required time)
  Source:                 bd_0_i/hls_inst/inst/quadrature_demodulator_stream_stream_stream_axis_0_shift_register_imag_1_reg[17]/C
                            (rising edge-triggered cell FDRE clocked by ap_clk  {rise@0.000ns fall@5.000ns period=10.000ns})
  Destination:            bd_0_i/hls_inst/inst/quadrature_demodulator_stream_stream_stream_axis_0_shift_register_imag_reg[17]/D
                            (rising edge-triggered cell FDRE clocked by ap_clk  {rise@0.000ns fall@5.000ns period=10.000ns})
  Path Group:             ap_clk
  Path Type:              Hold (Min at Fast Process Corner)
  Requirement:            0.000ns  (ap_clk rise@0.000ns - ap_clk rise@0.000ns)
  Data Path Delay:        0.197ns  (logic 0.141ns (71.611%)  route 0.056ns (28.389%))
  Logic Levels:           0  
  Clock Path Skew:        0.022ns (DCD - SCD - CPR)
    Destination Clock Delay (DCD):    0.432ns
    Source Clock Delay      (SCD):    0.410ns
    Clock Pessimism Removal (CPR):    -0.000ns

    Location             Delay type                Incr(ns)  Path(ns)    Netlist Resource(s)
  -------------------------------------------------------------------    -------------------
                         (clock ap_clk rise edge)     0.000     0.000 r  
                                                      0.000     0.000 r  ap_clk (IN)
                         net (fo=533, unset)          0.410     0.410    bd_0_i/hls_inst/inst/ap_clk
    SLICE_X41Y72         FDRE                                         r  bd_0_i/hls_inst/inst/quadrature_demodulator_stream_stream_stream_axis_0_shift_register_imag_1_reg[17]/C
  -------------------------------------------------------------------    -------------------
    SLICE_X41Y72         FDRE (Prop_fdre_C_Q)         0.141     0.551 r  bd_0_i/hls_inst/inst/quadrature_demodulator_stream_stream_stream_axis_0_shift_register_imag_1_reg[17]/Q
                         net (fo=1, routed)           0.056     0.607    bd_0_i/hls_inst/inst/quadrature_demodulator_stream_stream_stream_axis_0_shift_register_imag_1[17]
    SLICE_X41Y72         FDRE                                         r  bd_0_i/hls_inst/inst/quadrature_demodulator_stream_stream_stream_axis_0_shift_register_imag_reg[17]/D
  -------------------------------------------------------------------    -------------------

                         (clock ap_clk rise edge)     0.000     0.000 r  
                                                      0.000     0.000 r  ap_clk (IN)
                         net (fo=533, unset)          0.432     0.432    bd_0_i/hls_inst/inst/ap_clk
    SLICE_X41Y72         FDRE                                         r  bd_0_i/hls_inst/inst/quadrature_demodulator_stream_stream_stream_axis_0_shift_register_imag_reg[17]/C
                         clock pessimism              0.000     0.432    
    SLICE_X41Y72         FDRE (Hold_fdre_C_D)         0.078     0.510    bd_0_i/hls_inst/inst/quadrature_demodulator_stream_stream_stream_axis_0_shift_register_imag_reg[17]
  -------------------------------------------------------------------
                         required time                         -0.510    
                         arrival time                           0.607    
  -------------------------------------------------------------------
                         slack                                  0.097    





Pulse Width Checks
--------------------------------------------------------------------------------------
Clock Name:         ap_clk
Waveform(ns):       { 0.000 5.000 }
Period(ns):         10.000
Sources:            { ap_clk }

Check Type        Corner  Lib Pin      Reference Pin  Required(ns)  Actual(ns)  Slack(ns)  Location      Pin
Min Period        n/a     DSP48E1/CLK  n/a            3.884         10.000      6.116      DSP48_X2Y33   bd_0_i/hls_inst/inst/mul_32s_32s_54_2_1_U1/dout_reg/CLK
Low Pulse Width   Slow    FDSE/C       n/a            0.500         5.000       4.500      SLICE_X44Y74  bd_0_i/hls_inst/inst/ap_CS_fsm_reg[0]/C
High Pulse Width  Slow    FDSE/C       n/a            0.500         5.000       4.500      SLICE_X44Y74  bd_0_i/hls_inst/inst/ap_CS_fsm_reg[0]/C



