Copyright 1986-2022 Xilinx, Inc. All Rights Reserved.
---------------------------------------------------------------------------------------------------------
| Tool Version : Vivado v.2022.1 (win64) Build 3526262 Mon Apr 18 15:48:16 MDT 2022
| Date         : Sat Sep 26 05:44:35 2026
| Host         : ndrswcy running 64-bit major release  (build 9200)
| Command      : report_design_analysis -file ./report/quadrature_demodulator_design_analysis_routed.rpt
| Design       : bd_0_wrapper
| Device       : xc7z020
| Design State : Routed
---------------------------------------------------------------------------------------------------------

Report Design Analysis

Table of Contents
-----------------
1. Setup Path Characteristics 1-1
2. Logic Level Distribution
3. Placer Final Level Congestion Reporting
4. Initial Estimated Router Congestion Reporting
5. SLR Net Crossing Reporting

1. Setup Path Characteristics 1-1
---------------------------------

+---------------------------+--------------------------------------------------------------------------------------------+
|      Characteristics      |                                           Path #1                                          |
+---------------------------+--------------------------------------------------------------------------------------------+
| Requirement               | 10.000                                                                                     |
| Path Delay                | 5.329                                                                                      |
| Logic Delay               | 2.189(42%)                                                                                 |
| Net Delay                 | 3.140(58%)                                                                                 |
| Clock Skew                | -0.049                                                                                     |
| Slack                     | 4.043                                                                                      |
| Clock Uncertainty         | 0.035                                                                                      |
| Clock Relationship        | Safely Timed                                                                               |
| Clock Delay Group         | Same Clock                                                                                 |
| Logic Levels              | 9                                                                                          |
| Routes                    | 9                                                                                          |
| Logical Path              | FDRE/C-(96)-LUT4-(1)-CARRY4-CARRY4-CARRY4-CARRY4-CARRY4-CARRY4-CARRY4-CARRY4-DSP48E1/A[20] |
| Start Point Clock         | ap_clk                                                                                     |
| End Point Clock           | ap_clk                                                                                     |
| DSP Block                 | Seq                                                                                        |
| RAM Registers             |                                                                                            |
| IO Crossings              | 0                                                                                          |
| Config Crossings          | 0                                                                                          |
| SLR Crossings             | 0                                                                                          |
| PBlocks                   | 0                                                                                          |
| High Fanout               | 96                                                                                         |
| Dont Touch                | 0                                                                                          |
| Mark Debug                | 0                                                                                          |
| Start Point Pin Primitive | FDRE/C                                                                                     |
| End Point Pin Primitive   | DSP48E1/A[20]                                                                              |
| Start Point Pin           | B_V_data_1_sel_rd_reg/C                                                                    |
| End Point Pin             | dout_reg/A[20]                                                                             |
+---------------------------+--------------------------------------------------------------------------------------------+
* Bounding box calculated as % of dimensions for the target device (308, 299)


2. Logic Level Distribution
---------------------------

+-----------------+-------------+-----+-----+----+----+----+----+----+----+----+----+----+----+----+----+----+----+
| End Point Clock | Requirement |  0  |  1  |  2 |  3 |  4 |  5 |  6 |  7 |  8 |  9 | 10 | 11 | 12 | 13 | 14 | 15 |
+-----------------+-------------+-----+-----+----+----+----+----+----+----+----+----+----+----+----+----+----+----+
| ap_clk          | 10.000ns    | 284 | 454 | 15 | 17 | 16 | 16 | 22 | 28 | 32 | 68 | 12 |  8 |  8 |  8 |  8 |  4 |
+-----------------+-------------+-----+-----+----+----+----+----+----+----+----+----+----+----+----+----+----+----+
* Columns represent the logic levels per end point clock
** Distribution is for top worst 1000 paths


3. Placer Final Level Congestion Reporting
------------------------------------------

+-----------+------+-------+------------+--------+---------------+---------------+-----+--------+------+------+------+-----+-------+-----+------------+
| Direction | Type | Level | Congestion | Window | Combined LUTs | Avg LUT Input | LUT | LUTRAM | Flop | MUXF | RAMB | DSP | CARRY | SRL | Cell Names |
+-----------+------+-------+------------+--------+---------------+---------------+-----+--------+------+------+------+-----+-------+-----+------------+
* No congestion windows are found above level 5


4. Initial Estimated Router Congestion Reporting
------------------------------------------------

+-----------+------+-------+------------------+--------+---------------+---------------+-----+--------+------+------+------+-----+-------+-----+------------+
| Direction | Type | Level | Percentage Tiles | Window | Combined LUTs | Avg LUT Input | LUT | LUTRAM | Flop | MUXF | RAMB | DSP | CARRY | SRL | Cell Names |
+-----------+------+-------+------------------+--------+---------------+---------------+-----+--------+------+------+------+-----+-------+-----+------------+
* No initial estimated congestion windows are found above level 5


5. SLR Net Crossing Reporting
-----------------------------

+------------+-----------------------------+
| Cell Names | Number of Nets crossing SLR |
+------------+-----------------------------+
* The current part is not an SSI device


