Copyright 1986-2022 Xilinx, Inc. All Rights Reserved.
-----------------------------------------------------------------------------------------------------------
| Tool Version : Vivado v.2022.1 (win64) Build 3526262 Mon Apr 18 15:48:16 MDT 2022
| Date         : Sat Sep 26 05:44:35 2026
| Host         : ndrswcy running 64-bit major release  (build 9200)
| Command      : report_timing -max_paths 10 -file ./report/quadrature_demodulator_timing_paths_routed.rpt
| Design       : bd_0_wrapper
| Device       : 7z020-clg400
| Speed File   : -1  PRODUCTION 1.12 2019-11-22
-----------------------------------------------------------------------------------------------------------

Timing Report

Slack (MET) :             4.043ns  (required time - arrival time)
  Source:                 bd_0_i/hls_inst/inst/regslice_both_real_r_V_data_V_U/B_V_data_1_sel_rd_reg/C
                            (rising edge-triggered cell FDRE clocked by ap_clk  {rise@0.000ns fall@5.000ns period=10.000ns})
  Destination:            bd_0_i/hls_inst/inst/mul_32s_32s_54_2_1_U2/dout_reg/A[20]
                            (rising edge-triggered cell DSP48E1 clocked by ap_clk  {rise@0.000ns fall@5.000ns period=10.000ns})
  Path Group:             ap_clk
  Path Type:              Setup (Max at Slow Process Corner)
  Requirement:            10.000ns  (ap_clk rise@10.000ns - ap_clk rise@0.000ns)
  Data Path Delay:        5.329ns  (logic 2.189ns (41.075%)  route 3.140ns (58.925%))
  Logic Levels:           9  (CARRY4=8 LUT4=1)
  Clock Path Skew:        -0.049ns (DCD - SCD + CPR)
    Destination Clock Delay (DCD):    0.924ns = ( 10.924 - 10.000 ) 
    Source Clock Delay      (SCD):    0.973ns
    Clock Pessimism Removal (CPR):    0.000ns
  Clock Uncertainty:      0.035ns  ((TSJ^2 + TIJ^2)^1/2 + DJ) / 2 + PE
    Total System Jitter     (TSJ):    0.071ns
    Total Input Jitter      (TIJ):    0.000ns
    Discrete Jitter          (DJ):    0.000ns
    Phase Error              (PE):    0.000ns

    Location             Delay type                Incr(ns)  Path(ns)    Netlist Resource(s)
  -------------------------------------------------------------------    -------------------
                         (clock ap_clk rise edge)     0.000     0.000 r  
                                                      0.000     0.000 r  ap_clk (IN)
                         net (fo=533, unset)          0.973     0.973    bd_0_i/hls_inst/inst/regslice_both_real_r_V_data_V_U/ap_clk
    SLICE_X38Y76         FDRE                                         r  bd_0_i/hls_inst/inst/regslice_both_real_r_V_data_V_U/B_V_data_1_sel_rd_reg/C
  -------------------------------------------------------------------    -------------------
    SLICE_X38Y76         FDRE (Prop_fdre_C_Q)         0.518     1.491 r  bd_0_i/hls_inst/inst/regslice_both_real_r_V_data_V_U/B_V_data_1_sel_rd_reg/Q
                         net (fo=96, routed)          1.847     3.338    bd_0_i/hls_inst/inst/regslice_both_real_r_V_data_V_U/B_V_data_1_sel
    SLICE_X37Y69         LUT4 (Prop_lut4_I0_O)        0.124     3.462 r  bd_0_i/hls_inst/inst/regslice_both_real_r_V_data_V_U/tmp_product__0_i_35/O
                         net (fo=1, routed)           0.000     3.462    bd_0_i/hls_inst/inst/regslice_both_real_r_V_data_V_U/tmp_product__0_i_35_n_0
    SLICE_X37Y69         CARRY4 (Prop_carry4_S[1]_CO[3])
                                                      0.550     4.012 r  bd_0_i/hls_inst/inst/regslice_both_real_r_V_data_V_U/tmp_product__0_i_4/CO[3]
                         net (fo=1, routed)           0.000     4.012    bd_0_i/hls_inst/inst/regslice_both_real_r_V_data_V_U/tmp_product__0_i_4_n_0
    SLICE_X37Y70         CARRY4 (Prop_carry4_CI_CO[3])
                                                      0.114     4.126 r  bd_0_i/hls_inst/inst/regslice_both_real_r_V_data_V_U/tmp_product__0_i_3/CO[3]
                         net (fo=1, routed)           0.000     4.126    bd_0_i/hls_inst/inst/regslice_both_real_r_V_data_V_U/tmp_product__0_i_3_n_0
    SLICE_X37Y71         CARRY4 (Prop_carry4_CI_CO[3])
                                                      0.114     4.240 r  bd_0_i/hls_inst/inst/regslice_both_real_r_V_data_V_U/tmp_product__0_i_2/CO[3]
                         net (fo=1, routed)           0.000     4.240    bd_0_i/hls_inst/inst/regslice_both_real_r_V_data_V_U/tmp_product__0_i_2_n_0
    SLICE_X37Y72         CARRY4 (Prop_carry4_CI_CO[3])
                                                      0.114     4.354 r  bd_0_i/hls_inst/inst/regslice_both_real_r_V_data_V_U/tmp_product__0_i_1/CO[3]
                         net (fo=1, routed)           0.000     4.354    bd_0_i/hls_inst/inst/regslice_both_real_r_V_data_V_U/tmp_product__0_i_1_n_0
    SLICE_X37Y73         CARRY4 (Prop_carry4_CI_CO[3])
                                                      0.114     4.468 r  bd_0_i/hls_inst/inst/regslice_both_real_r_V_data_V_U/tmp_product_i_4/CO[3]
                         net (fo=1, routed)           0.000     4.468    bd_0_i/hls_inst/inst/regslice_both_real_r_V_data_V_U/tmp_product_i_4_n_0
    SLICE_X37Y74         CARRY4 (Prop_carry4_CI_CO[3])
                                                      0.114     4.582 r  bd_0_i/hls_inst/inst/regslice_both_real_r_V_data_V_U/tmp_product_i_3/CO[3]
                         net (fo=1, routed)           0.009     4.591    bd_0_i/hls_inst/inst/regslice_both_real_r_V_data_V_U/tmp_product_i_3_n_0
    SLICE_X37Y75         CARRY4 (Prop_carry4_CI_CO[3])
                                                      0.114     4.705 r  bd_0_i/hls_inst/inst/regslice_both_real_r_V_data_V_U/tmp_product_i_2/CO[3]
                         net (fo=1, routed)           0.000     4.705    bd_0_i/hls_inst/inst/regslice_both_real_r_V_data_V_U/tmp_product_i_2_n_0
    SLICE_X37Y76         CARRY4 (Prop_carry4_CI_O[3])
                                                      0.313     5.018 r  bd_0_i/hls_inst/inst/regslice_both_real_r_V_data_V_U/tmp_product_i_1/O[3]
                         net (fo=20, routed)          1.285     6.302    bd_0_i/hls_inst/inst/mul_32s_32s_54_2_1_U2/O49[31]
    DSP48_X2Y29          DSP48E1                                      r  bd_0_i/hls_inst/inst/mul_32s_32s_54_2_1_U2/dout_reg/A[20]
  -------------------------------------------------------------------    -------------------

                         (clock ap_clk rise edge)    10.000    10.000 r  
                                                      0.000    10.000 r  ap_clk (IN)
                         net (fo=533, unset)          0.924    10.924    bd_0_i/hls_inst/inst/mul_32s_32s_54_2_1_U2/ap_clk
    DSP48_X2Y29          DSP48E1                                      r  bd_0_i/hls_inst/inst/mul_32s_32s_54_2_1_U2/dout_reg/CLK
                         clock pessimism              0.000    10.924    
                         clock uncertainty           -0.035    10.889    
    DSP48_X2Y29          DSP48E1 (Setup_dsp48e1_CLK_A[20])
                                                     -0.544    10.345    bd_0_i/hls_inst/inst/mul_32s_32s_54_2_1_U2/dout_reg
  -------------------------------------------------------------------
                         required time                         10.345    
                         arrival time                          -6.302    
  -------------------------------------------------------------------
                         slack                                  4.043    

Slack (MET) :             4.043ns  (required time - arrival time)
  Source:                 bd_0_i/hls_inst/inst/regslice_both_real_r_V_data_V_U/B_V_data_1_sel_rd_reg/C
                            (rising edge-triggered cell FDRE clocked by ap_clk  {rise@0.000ns fall@5.000ns period=10.000ns})
  Destination:            bd_0_i/hls_inst/inst/mul_32s_32s_54_2_1_U2/dout_reg/A[21]
                            (rising edge-triggered cell DSP48E1 clocked by ap_clk  {rise@0.000ns fall@5.000ns period=10.000ns})
  Path Group:             ap_clk
  Path Type:              Setup (Max at Slow Process Corner)
  Requirement:            10.000ns  (ap_clk rise@10.000ns - ap_clk rise@0.000ns)
  Data Path Delay:        5.329ns  (logic 2.189ns (41.075%)  route 3.140ns (58.925%))
  Logic Levels:           9  (CARRY4=8 LUT4=1)
  Clock Path Skew:        -0.049ns (DCD - SCD + CPR)
    Destination Clock Delay (DCD):    0.924ns = ( 10.924 - 10.000 ) 
    Source Clock Delay      (SCD):    0.973ns
    Clock Pessimism Removal (CPR):    0.000ns
  Clock Uncertainty:      0.035ns  ((TSJ^2 + TIJ^2)^1/2 + DJ) / 2 + PE
    Total System Jitter     (TSJ):    0.071ns
    Total Input Jitter      (TIJ):    0.000ns
    Discrete Jitter          (DJ):    0.000ns
    Phase Error              (PE):    0.000ns

    Location             Delay type                Incr(ns)  Path(ns)    Netlist Resource(s)
  -------------------------------------------------------------------    -------------------
                         (clock ap_clk rise edge)     0.000     0.000 r  
                                                      0.000     0.000 r  ap_clk (IN)
                         net (fo=533, unset)          0.973     0.973    bd_0_i/hls_inst/inst/regslice_both_real_r_V_data_V_U/ap_clk
    SLICE_X38Y76         FDRE                                         r  bd_0_i/hls_inst/inst/regslice_both_real_r_V_data_V_U/B_V_data_1_sel_rd_reg/C
  -------------------------------------------------------------------    -------------------
    SLICE_X38Y76         FDRE (Prop_fdre_C_Q)         0.518     1.491 r  bd_0_i/hls_inst/inst/regslice_both_real_r_V_data_V_U/B_V_data_1_sel_rd_reg/Q
                         net (fo=96, routed)          1.847     3.338    bd_0_i/hls_inst/inst/regslice_both_real_r_V_data_V_U/B_V_data_1_sel
    SLICE_X37Y69         LUT4 (Prop_lut4_I0_O)        0.124     3.462 r  bd_0_i/hls_inst/inst/regslice_both_real_r_V_data_V_U/tmp_product__0_i_35/O
                         net (fo=1, routed)           0.000     3.462    bd_0_i/hls_inst/inst/regslice_both_real_r_V_data_V_U/tmp_product__0_i_35_n_0
    SLICE_X37Y69         CARRY4 (Prop_carry4_S[1]_CO[3])
                                                      0.550     4.012 r  bd_0_i/hls_inst/inst/regslice_both_real_r_V_data_V_U/tmp_product__0_i_4/CO[3]
                         net (fo=1, routed)           0.000     4.012    bd_0_i/hls_inst/inst/regslice_both_real_r_V_data_V_U/tmp_product__0_i_4_n_0
    SLICE_X37Y70         CARRY4 (Prop_carry4_CI_CO[3])
                                                      0.114     4.126 r  bd_0_i/hls_inst/inst/regslice_both_real_r_V_data_V_U/tmp_product__0_i_3/CO[3]
                         net (fo=1, routed)           0.000     4.126    bd_0_i/hls_inst/inst/regslice_both_real_r_V_data_V_U/tmp_product__0_i_3_n_0
    SLICE_X37Y71         CARRY4 (Prop_carry4_CI_CO[3])
                                                      0.114     4.240 r  bd_0_i/hls_inst/inst/regslice_both_real_r_V_data_V_U/tmp_product__0_i_2/CO[3]
                         net (fo=1, routed)           0.000     4.240    bd_0_i/hls_inst/inst/regslice_both_real_r_V_data_V_U/tmp_product__0_i_2_n_0
    SLICE_X37Y72         CARRY4 (Prop_carry4_CI_CO[3])
                                                      0.114     4.354 r  bd_0_i/hls_inst/inst/regslice_both_real_r_V_data_V_U/tmp_product__0_i_1/CO[3]
                         net (fo=1, routed)           0.000     4.354    bd_0_i/hls_inst/inst/regslice_both_real_r_V_data_V_U/tmp_product__0_i_1_n_0
    SLICE_X37Y73         CARRY4 (Prop_carry4_CI_CO[3])
                                                      0.114     4.468 r  bd_0_i/hls_inst/inst/regslice_both_real_r_V_data_V_U/tmp_product_i_4/CO[3]
                         net (fo=1, routed)           0.000     4.468    bd_0_i/hls_inst/inst/regslice_both_real_r_V_data_V_U/tmp_product_i_4_n_0
    SLICE_X37Y74         CARRY4 (Prop_carry4_CI_CO[3])
                                                      0.114     4.582 r  bd_0_i/hls_inst/inst/regslice_both_real_r_V_data_V_U/tmp_product_i_3/CO[3]
                         net (fo=1, routed)           0.009     4.591    bd_0_i/hls_inst/inst/regslice_both_real_r_V_data_V_U/tmp_product_i_3_n_0
    SLICE_X37Y75         CARRY4 (Prop_carry4_CI_CO[3])
                                                      0.114     4.705 r  bd_0_i/hls_inst/inst/regslice_both_real_r_V_data_V_U/tmp_product_i_2/CO[3]
                         net (fo=1, routed)           0.000     4.705    bd_0_i/hls_inst/inst/regslice_both_real_r_V_data_V_U/tmp_product_i_2_n_0
    SLICE_X37Y76         CARRY4 (Prop_carry4_CI_O[3])
                                                      0.313     5.018 r  bd_0_i/hls_inst/inst/regslice_both_real_r_V_data_V_U/tmp_product_i_1/O[3]
                         net (fo=20, routed)          1.285     6.302    bd_0_i/hls_inst/inst/mul_32s_32s_54_2_1_U2/O49[31]
    DSP48_X2Y29          DSP48E1                                      r  bd_0_i/hls_inst/inst/mul_32s_32s_54_2_1_U2/dout_reg/A[21]
  -------------------------------------------------------------------    -------------------

                         (clock ap_clk rise edge)    10.000    10.000 r  
                                                      0.000    10.000 r  ap_clk (IN)
                         net (fo=533, unset)          0.924    10.924    bd_0_i/hls_inst/inst/mul_32s_32s_54_2_1_U2/ap_clk
    DSP48_X2Y29          DSP48E1                                      r  bd_0_i/hls_inst/inst/mul_32s_32s_54_2_1_U2/dout_reg/CLK
                         clock pessimism              0.000    10.924    
                         clock uncertainty           -0.035    10.889    
    DSP48_X2Y29          DSP48E1 (Setup_dsp48e1_CLK_A[21])
                                                     -0.544    10.345    bd_0_i/hls_inst/inst/mul_32s_32s_54_2_1_U2/dout_reg
  -------------------------------------------------------------------
                         required time                         10.345    
                         arrival time                          -6.302    
  -------------------------------------------------------------------
                         slack                                  4.043    

Slack (MET) :             4.043ns  (required time - arrival time)
  Source:                 bd_0_i/hls_inst/inst/regslice_both_real_r_V_data_V_U/B_V_data_1_sel_rd_reg/C
                            (rising edge-triggered cell FDRE clocked by ap_clk  {rise@0.000ns fall@5.000ns period=10.000ns})
  Destination:            bd_0_i/hls_inst/inst/mul_32s_32s_54_2_1_U2/dout_reg/A[22]
                            (rising edge-triggered cell DSP48E1 clocked by ap_clk  {rise@0.000ns fall@5.000ns period=10.000ns})
  Path Group:             ap_clk
  Path Type:              Setup (Max at Slow Process Corner)
  Requirement:            10.000ns  (ap_clk rise@10.000ns - ap_clk rise@0.000ns)
  Data Path Delay:        5.329ns  (logic 2.189ns (41.075%)  route 3.140ns (58.925%))
  Logic Levels:           9  (CARRY4=8 LUT4=1)
  Clock Path Skew:        -0.049ns (DCD - SCD + CPR)
    Destination Clock Delay (DCD):    0.924ns = ( 10.924 - 10.000 ) 
    Source Clock Delay      (SCD):    0.973ns
    Clock Pessimism Removal (CPR):    0.000ns
  Clock Uncertainty:      0.035ns  ((TSJ^2 + TIJ^2)^1/2 + DJ) / 2 + PE
    Total System Jitter     (TSJ):    0.071ns
    Total Input Jitter      (TIJ):    0.000ns
    Discrete Jitter          (DJ):    0.000ns
    Phase Error              (PE):    0.000ns

    Location             Delay type                Incr(ns)  Path(ns)    Netlist Resource(s)
  -------------------------------------------------------------------    -------------------
                         (clock ap_clk rise edge)     0.000     0.000 r  
                                                      0.000     0.000 r  ap_clk (IN)
                         net (fo=533, unset)          0.973     0.973    bd_0_i/hls_inst/inst/regslice_both_real_r_V_data_V_U/ap_clk
    SLICE_X38Y76         FDRE                                         r  bd_0_i/hls_inst/inst/regslice_both_real_r_V_data_V_U/B_V_data_1_sel_rd_reg/C
  -------------------------------------------------------------------    -------------------
    SLICE_X38Y76         FDRE (Prop_fdre_C_Q)         0.518     1.491 r  bd_0_i/hls_inst/inst/regslice_both_real_r_V_data_V_U/B_V_data_1_sel_rd_reg/Q
                         net (fo=96, routed)          1.847     3.338    bd_0_i/hls_inst/inst/regslice_both_real_r_V_data_V_U/B_V_data_1_sel
    SLICE_X37Y69         LUT4 (Prop_lut4_I0_O)        0.124     3.462 r  bd_0_i/hls_inst/inst/regslice_both_real_r_V_data_V_U/tmp_product__0_i_35/O
                         net (fo=1, routed)           0.000     3.462    bd_0_i/hls_inst/inst/regslice_both_real_r_V_data_V_U/tmp_product__0_i_35_n_0
    SLICE_X37Y69         CARRY4 (Prop_carry4_S[1]_CO[3])
                                                      0.550     4.012 r  bd_0_i/hls_inst/inst/regslice_both_real_r_V_data_V_U/tmp_product__0_i_4/CO[3]
                         net (fo=1, routed)           0.000     4.012    bd_0_i/hls_inst/inst/regslice_both_real_r_V_data_V_U/tmp_product__0_i_4_n_0
    SLICE_X37Y70         CARRY4 (Prop_carry4_CI_CO[3])
                                                      0.114     4.126 r  bd_0_i/hls_inst/inst/regslice_both_real_r_V_data_V_U/tmp_product__0_i_3/CO[3]
                         net (fo=1, routed)           0.000     4.126    bd_0_i/hls_inst/inst/regslice_both_real_r_V_data_V_U/tmp_product__0_i_3_n_0
    SLICE_X37Y71         CARRY4 (Prop_carry4_CI_CO[3])
                                                      0.114     4.240 r  bd_0_i/hls_inst/inst/regslice_both_real_r_V_data_V_U/tmp_product__0_i_2/CO[3]
                         net (fo=1, routed)           0.000     4.240    bd_0_i/hls_inst/inst/regslice_both_real_r_V_data_V_U/tmp_product__0_i_2_n_0
    SLICE_X37Y72         CARRY4 (Prop_carry4_CI_CO[3])
                                                      0.114     4.354 r  bd_0_i/hls_inst/inst/regslice_both_real_r_V_data_V_U/tmp_product__0_i_1/CO[3]
                         net (fo=1, routed)           0.000     4.354    bd_0_i/hls_inst/inst/regslice_both_real_r_V_data_V_U/tmp_product__0_i_1_n_0
    SLICE_X37Y73         CARRY4 (Prop_carry4_CI_CO[3])
                                                      0.114     4.468 r  bd_0_i/hls_inst/inst/regslice_both_real_r_V_data_V_U/tmp_product_i_4/CO[3]
                         net (fo=1, routed)           0.000     4.468    bd_0_i/hls_inst/inst/regslice_both_real_r_V_data_V_U/tmp_product_i_4_n_0
    SLICE_X37Y74         CARRY4 (Prop_carry4_CI_CO[3])
                                                      0.114     4.582 r  bd_0_i/hls_inst/inst/regslice_both_real_r_V_data_V_U/tmp_product_i_3/CO[3]
                         net (fo=1, routed)           0.009     4.591    bd_0_i/hls_inst/inst/regslice_both_real_r_V_data_V_U/tmp_product_i_3_n_0
    SLICE_X37Y75         CARRY4 (Prop_carry4_CI_CO[3])
                                                      0.114     4.705 r  bd_0_i/hls_inst/inst/regslice_both_real_r_V_data_V_U/tmp_product_i_2/CO[3]
                         net (fo=1, routed)           0.000     4.705    bd_0_i/hls_inst/inst/regslice_both_real_r_V_data_V_U/tmp_product_i_2_n_0
    SLICE_X37Y76         CARRY4 (Prop_carry4_CI_O[3])
                                                      0.313     5.018 r  bd_0_i/hls_inst/inst/regslice_both_real_r_V_data_V_U/tmp_product_i_1/O[3]
                         net (fo=20, routed)          1.285     6.302    bd_0_i/hls_inst/inst/mul_32s_32s_54_2_1_U2/O49[31]
    DSP48_X2Y29          DSP48E1                                      r  bd_0_i/hls_inst/inst/mul_32s_32s_54_2_1_U2/dout_reg/A[22]
  -------------------------------------------------------------------    -------------------

                         (clock ap_clk rise edge)    10.000    10.000 r  
                                                      0.000    10.000 r  ap_clk (IN)
                         net (fo=533, unset)          0.924    10.924    bd_0_i/hls_inst/inst/mul_32s_32s_54_2_1_U2/ap_clk
    DSP48_X2Y29          DSP48E1                                      r  bd_0_i/hls_inst/inst/mul_32s_32s_54_2_1_U2/dout_reg/CLK
                         clock pessimism              0.000    10.924    
                         clock uncertainty           -0.035    10.889    
    DSP48_X2Y29          DSP48E1 (Setup_dsp48e1_CLK_A[22])
                                                     -0.544    10.345    bd_0_i/hls_inst/inst/mul_32s_32s_54_2_1_U2/dout_reg
  -------------------------------------------------------------------
                         required time                         10.345    
                         arrival time                          -6.302    
  -------------------------------------------------------------------
                         slack                                  4.043    

Slack (MET) :             4.043ns  (required time - arrival time)
  Source:                 bd_0_i/hls_inst/inst/regslice_both_real_r_V_data_V_U/B_V_data_1_sel_rd_reg/C
                            (rising edge-triggered cell FDRE clocked by ap_clk  {rise@0.000ns fall@5.000ns period=10.000ns})
  Destination:            bd_0_i/hls_inst/inst/mul_32s_32s_54_2_1_U2/dout_reg/A[23]
                            (rising edge-triggered cell DSP48E1 clocked by ap_clk  {rise@0.000ns fall@5.000ns period=10.000ns})
  Path Group:             ap_clk
  Path Type:              Setup (Max at Slow Process Corner)
  Requirement:            10.000ns  (ap_clk rise@10.000ns - ap_clk rise@0.000ns)
  Data Path Delay:        5.329ns  (logic 2.189ns (41.075%)  route 3.140ns (58.925%))
  Logic Levels:           9  (CARRY4=8 LUT4=1)
  Clock Path Skew:        -0.049ns (DCD - SCD + CPR)
    Destination Clock Delay (DCD):    0.924ns = ( 10.924 - 10.000 ) 
    Source Clock Delay      (SCD):    0.973ns
    Clock Pessimism Removal (CPR):    0.000ns
  Clock Uncertainty:      0.035ns  ((TSJ^2 + TIJ^2)^1/2 + DJ) / 2 + PE
    Total System Jitter     (TSJ):    0.071ns
    Total Input Jitter      (TIJ):    0.000ns
    Discrete Jitter          (DJ):    0.000ns
    Phase Error              (PE):    0.000ns

    Location             Delay type                Incr(ns)  Path(ns)    Netlist Resource(s)
  -------------------------------------------------------------------    -------------------
                         (clock ap_clk rise edge)     0.000     0.000 r  
                                                      0.000     0.000 r  ap_clk (IN)
                         net (fo=533, unset)          0.973     0.973    bd_0_i/hls_inst/inst/regslice_both_real_r_V_data_V_U/ap_clk
    SLICE_X38Y76         FDRE                                         r  bd_0_i/hls_inst/inst/regslice_both_real_r_V_data_V_U/B_V_data_1_sel_rd_reg/C
  -------------------------------------------------------------------    -------------------
    SLICE_X38Y76         FDRE (Prop_fdre_C_Q)         0.518     1.491 r  bd_0_i/hls_inst/inst/regslice_both_real_r_V_data_V_U/B_V_data_1_sel_rd_reg/Q
                         net (fo=96, routed)          1.847     3.338    bd_0_i/hls_inst/inst/regslice_both_real_r_V_data_V_U/B_V_data_1_sel
    SLICE_X37Y69         LUT4 (Prop_lut4_I0_O)        0.124     3.462 r  bd_0_i/hls_inst/inst/regslice_both_real_r_V_data_V_U/tmp_product__0_i_35/O
                         net (fo=1, routed)           0.000     3.462    bd_0_i/hls_inst/inst/regslice_both_real_r_V_data_V_U/tmp_product__0_i_35_n_0
    SLICE_X37Y69         CARRY4 (Prop_carry4_S[1]_CO[3])
                                                      0.550     4.012 r  bd_0_i/hls_inst/inst/regslice_both_real_r_V_data_V_U/tmp_product__0_i_4/CO[3]
                         net (fo=1, routed)           0.000     4.012    bd_0_i/hls_inst/inst/regslice_both_real_r_V_data_V_U/tmp_product__0_i_4_n_0
    SLICE_X37Y70         CARRY4 (Prop_carry4_CI_CO[3])
                                                      0.114     4.126 r  bd_0_i/hls_inst/inst/regslice_both_real_r_V_data_V_U/tmp_product__0_i_3/CO[3]
                         net (fo=1, routed)           0.000     4.126    bd_0_i/hls_inst/inst/regslice_both_real_r_V_data_V_U/tmp_product__0_i_3_n_0
    SLICE_X37Y71         CARRY4 (Prop_carry4_CI_CO[3])
                                                      0.114     4.240 r  bd_0_i/hls_inst/inst/regslice_both_real_r_V_data_V_U/tmp_product__0_i_2/CO[3]
                         net (fo=1, routed)           0.000     4.240    bd_0_i/hls_inst/inst/regslice_both_real_r_V_data_V_U/tmp_product__0_i_2_n_0
    SLICE_X37Y72         CARRY4 (Prop_carry4_CI_CO[3])
                                                      0.114     4.354 r  bd_0_i/hls_inst/inst/regslice_both_real_r_V_data_V_U/tmp_product__0_i_1/CO[3]
                         net (fo=1, routed)           0.000     4.354    bd_0_i/hls_inst/inst/regslice_both_real_r_V_data_V_U/tmp_product__0_i_1_n_0
    SLICE_X37Y73         CARRY4 (Prop_carry4_CI_CO[3])
                                                      0.114     4.468 r  bd_0_i/hls_inst/inst/regslice_both_real_r_V_data_V_U/tmp_product_i_4/CO[3]
                         net (fo=1, routed)           0.000     4.468    bd_0_i/hls_inst/inst/regslice_both_real_r_V_data_V_U/tmp_product_i_4_n_0
    SLICE_X37Y74         CARRY4 (Prop_carry4_CI_CO[3])
                                                      0.114     4.582 r  bd_0_i/hls_inst/inst/regslice_both_real_r_V_data_V_U/tmp_product_i_3/CO[3]
                         net (fo=1, routed)           0.009     4.591    bd_0_i/hls_inst/inst/regslice_both_real_r_V_data_V_U/tmp_product_i_3_n_0
    SLICE_X37Y75         CARRY4 (Prop_carry4_CI_CO[3])
                                                      0.114     4.705 r  bd_0_i/hls_inst/inst/regslice_both_real_r_V_data_V_U/tmp_product_i_2/CO[3]
                         net (fo=1, routed)           0.000     4.705    bd_0_i/hls_inst/inst/regslice_both_real_r_V_data_V_U/tmp_product_i_2_n_0
    SLICE_X37Y76         CARRY4 (Prop_carry4_CI_O[3])
                                                      0.313     5.018 r  bd_0_i/hls_inst/inst/regslice_both_real_r_V_data_V_U/tmp_product_i_1/O[3]
                         net (fo=20, routed)          1.285     6.302    bd_0_i/hls_inst/inst/mul_32s_32s_54_2_1_U2/O49[31]
    DSP48_X2Y29          DSP48E1                                      r  bd_0_i/hls_inst/inst/mul_32s_32s_54_2_1_U2/dout_reg/A[23]
  -------------------------------------------------------------------    -------------------

                         (clock ap_clk rise edge)    10.000    10.000 r  
                                                      0.000    10.000 r  ap_clk (IN)
                         net (fo=533, unset)          0.924    10.924    bd_0_i/hls_inst/inst/mul_32s_32s_54_2_1_U2/ap_clk
    DSP48_X2Y29          DSP48E1                                      r  bd_0_i/hls_inst/inst/mul_32s_32s_54_2_1_U2/dout_reg/CLK
                         clock pessimism              0.000    10.924    
                         clock uncertainty           -0.035    10.889    
    DSP48_X2Y29          DSP48E1 (Setup_dsp48e1_CLK_A[23])
                                                     -0.544    10.345    bd_0_i/hls_inst/inst/mul_32s_32s_54_2_1_U2/dout_reg
  -------------------------------------------------------------------
                         required time                         10.345    
                         arrival time                          -6.302    
  -------------------------------------------------------------------
                         slack                                  4.043    

Slack (MET) :             4.157ns  (required time - arrival time)
  Source:                 bd_0_i/hls_inst/inst/regslice_both_imag_V_data_V_U/B_V_data_1_sel_rd_reg/C
                            (rising edge-triggered cell FDRE clocked by ap_clk  {rise@0.000ns fall@5.000ns period=10.000ns})
  Destination:            bd_0_i/hls_inst/inst/mul_32s_32s_54_2_1_U1/tmp_product/B[16]
                            (rising edge-triggered cell DSP48E1 clocked by ap_clk  {rise@0.000ns fall@5.000ns period=10.000ns})
  Path Group:             ap_clk
  Path Type:              Setup (Max at Slow Process Corner)
  Requirement:            10.000ns  (ap_clk rise@10.000ns - ap_clk rise@0.000ns)
  Data Path Delay:        5.127ns  (logic 1.978ns (38.583%)  route 3.149ns (61.417%))
  Logic Levels:           9  (CARRY4=8 LUT4=1)
  Clock Path Skew:        -0.049ns (DCD - SCD + CPR)
    Destination Clock Delay (DCD):    0.924ns = ( 10.924 - 10.000 ) 
    Source Clock Delay      (SCD):    0.973ns
    Clock Pessimism Removal (CPR):    0.000ns
  Clock Uncertainty:      0.035ns  ((TSJ^2 + TIJ^2)^1/2 + DJ) / 2 + PE
    Total System Jitter     (TSJ):    0.071ns
    Total Input Jitter      (TIJ):    0.000ns
    Discrete Jitter          (DJ):    0.000ns
    Phase Error              (PE):    0.000ns

    Location             Delay type                Incr(ns)  Path(ns)    Netlist Resource(s)
  -------------------------------------------------------------------    -------------------
                         (clock ap_clk rise edge)     0.000     0.000 r  
                                                      0.000     0.000 r  ap_clk (IN)
                         net (fo=533, unset)          0.973     0.973    bd_0_i/hls_inst/inst/regslice_both_imag_V_data_V_U/ap_clk
    SLICE_X41Y76         FDRE                                         r  bd_0_i/hls_inst/inst/regslice_both_imag_V_data_V_U/B_V_data_1_sel_rd_reg/C
  -------------------------------------------------------------------    -------------------
    SLICE_X41Y76         FDRE (Prop_fdre_C_Q)         0.456     1.429 r  bd_0_i/hls_inst/inst/regslice_both_imag_V_data_V_U/B_V_data_1_sel_rd_reg/Q
                         net (fo=96, routed)          2.021     3.450    bd_0_i/hls_inst/inst/regslice_both_imag_V_data_V_U/B_V_data_1_sel_rd_reg_n_0
    SLICE_X40Y69         LUT4 (Prop_lut4_I0_O)        0.124     3.574 r  bd_0_i/hls_inst/inst/regslice_both_imag_V_data_V_U/tmp_product__0_i_33__0/O
                         net (fo=1, routed)           0.000     3.574    bd_0_i/hls_inst/inst/regslice_both_imag_V_data_V_U/tmp_product__0_i_33__0_n_0
    SLICE_X40Y69         CARRY4 (Prop_carry4_S[3]_CO[3])
                                                      0.401     3.975 r  bd_0_i/hls_inst/inst/regslice_both_imag_V_data_V_U/tmp_product__0_i_4__0/CO[3]
                         net (fo=1, routed)           0.000     3.975    bd_0_i/hls_inst/inst/regslice_both_imag_V_data_V_U/tmp_product__0_i_4__0_n_0
    SLICE_X40Y70         CARRY4 (Prop_carry4_CI_CO[3])
                                                      0.114     4.089 r  bd_0_i/hls_inst/inst/regslice_both_imag_V_data_V_U/tmp_product__0_i_3__0/CO[3]
                         net (fo=1, routed)           0.000     4.089    bd_0_i/hls_inst/inst/regslice_both_imag_V_data_V_U/tmp_product__0_i_3__0_n_0
    SLICE_X40Y71         CARRY4 (Prop_carry4_CI_CO[3])
                                                      0.114     4.203 r  bd_0_i/hls_inst/inst/regslice_both_imag_V_data_V_U/tmp_product__0_i_2__0/CO[3]
                         net (fo=1, routed)           0.000     4.203    bd_0_i/hls_inst/inst/regslice_both_imag_V_data_V_U/tmp_product__0_i_2__0_n_0
    SLICE_X40Y72         CARRY4 (Prop_carry4_CI_CO[3])
                                                      0.114     4.317 r  bd_0_i/hls_inst/inst/regslice_both_imag_V_data_V_U/tmp_product__0_i_1__0/CO[3]
                         net (fo=1, routed)           0.000     4.317    bd_0_i/hls_inst/inst/regslice_both_imag_V_data_V_U/tmp_product__0_i_1__0_n_0
    SLICE_X40Y73         CARRY4 (Prop_carry4_CI_CO[3])
                                                      0.114     4.431 r  bd_0_i/hls_inst/inst/regslice_both_imag_V_data_V_U/tmp_product_i_4__0/CO[3]
                         net (fo=1, routed)           0.000     4.431    bd_0_i/hls_inst/inst/regslice_both_imag_V_data_V_U/tmp_product_i_4__0_n_0
    SLICE_X40Y74         CARRY4 (Prop_carry4_CI_CO[3])
                                                      0.114     4.545 r  bd_0_i/hls_inst/inst/regslice_both_imag_V_data_V_U/tmp_product_i_3__0/CO[3]
                         net (fo=1, routed)           0.009     4.554    bd_0_i/hls_inst/inst/regslice_both_imag_V_data_V_U/tmp_product_i_3__0_n_0
    SLICE_X40Y75         CARRY4 (Prop_carry4_CI_CO[3])
                                                      0.114     4.668 r  bd_0_i/hls_inst/inst/regslice_both_imag_V_data_V_U/tmp_product_i_2__0/CO[3]
                         net (fo=1, routed)           0.000     4.668    bd_0_i/hls_inst/inst/regslice_both_imag_V_data_V_U/tmp_product_i_2__0_n_0
    SLICE_X40Y76         CARRY4 (Prop_carry4_CI_O[3])
                                                      0.313     4.981 r  bd_0_i/hls_inst/inst/regslice_both_imag_V_data_V_U/tmp_product_i_1__0/O[3]
                         net (fo=20, routed)          1.119     6.100    bd_0_i/hls_inst/inst/mul_32s_32s_54_2_1_U1/O51[31]
    DSP48_X2Y32          DSP48E1                                      r  bd_0_i/hls_inst/inst/mul_32s_32s_54_2_1_U1/tmp_product/B[16]
  -------------------------------------------------------------------    -------------------

                         (clock ap_clk rise edge)    10.000    10.000 r  
                                                      0.000    10.000 r  ap_clk (IN)
                         net (fo=533, unset)          0.924    10.924    bd_0_i/hls_inst/inst/mul_32s_32s_54_2_1_U1/ap_clk
    DSP48_X2Y32          DSP48E1                                      r  bd_0_i/hls_inst/inst/mul_32s_32s_54_2_1_U1/tmp_product/CLK
                         clock pessimism              0.000    10.924    
                         clock uncertainty           -0.035    10.889    
    DSP48_X2Y32          DSP48E1 (Setup_dsp48e1_CLK_B[16])
                                                     -0.632    10.257    bd_0_i/hls_inst/inst/mul_32s_32s_54_2_1_U1/tmp_product
  -------------------------------------------------------------------
                         required time                         10.257    
                         arrival time                          -6.100    
  -------------------------------------------------------------------
                         slack                                  4.157    

Slack (MET) :             4.157ns  (required time - arrival time)
  Source:                 bd_0_i/hls_inst/inst/regslice_both_imag_V_data_V_U/B_V_data_1_sel_rd_reg/C
                            (rising edge-triggered cell FDRE clocked by ap_clk  {rise@0.000ns fall@5.000ns period=10.000ns})
  Destination:            bd_0_i/hls_inst/inst/mul_32s_32s_54_2_1_U1/tmp_product/B[17]
                            (rising edge-triggered cell DSP48E1 clocked by ap_clk  {rise@0.000ns fall@5.000ns period=10.000ns})
  Path Group:             ap_clk
  Path Type:              Setup (Max at Slow Process Corner)
  Requirement:            10.000ns  (ap_clk rise@10.000ns - ap_clk rise@0.000ns)
  Data Path Delay:        5.127ns  (logic 1.978ns (38.583%)  route 3.149ns (61.417%))
  Logic Levels:           9  (CARRY4=8 LUT4=1)
  Clock Path Skew:        -0.049ns (DCD - SCD + CPR)
    Destination Clock Delay (DCD):    0.924ns = ( 10.924 - 10.000 ) 
    Source Clock Delay      (SCD):    0.973ns
    Clock Pessimism Removal (CPR):    0.000ns
  Clock Uncertainty:      0.035ns  ((TSJ^2 + TIJ^2)^1/2 + DJ) / 2 + PE
    Total System Jitter     (TSJ):    0.071ns
    Total Input Jitter      (TIJ):    0.000ns
    Discrete Jitter          (DJ):    0.000ns
    Phase Error              (PE):    0.000ns

    Location             Delay type                Incr(ns)  Path(ns)    Netlist Resource(s)
  -------------------------------------------------------------------    -------------------
                         (clock ap_clk rise edge)     0.000     0.000 r  
                                                      0.000     0.000 r  ap_clk (IN)
                         net (fo=533, unset)          0.973     0.973    bd_0_i/hls_inst/inst/regslice_both_imag_V_data_V_U/ap_clk
    SLICE_X41Y76         FDRE                                         r  bd_0_i/hls_inst/inst/regslice_both_imag_V_data_V_U/B_V_data_1_sel_rd_reg/C
  -------------------------------------------------------------------    -------------------
    SLICE_X41Y76         FDRE (Prop_fdre_C_Q)         0.456     1.429 r  bd_0_i/hls_inst/inst/regslice_both_imag_V_data_V_U/B_V_data_1_sel_rd_reg/Q
                         net (fo=96, routed)          2.021     3.450    bd_0_i/hls_inst/inst/regslice_both_imag_V_data_V_U/B_V_data_1_sel_rd_reg_n_0
    SLICE_X40Y69         LUT4 (Prop_lut4_I0_O)        0.124     3.574 r  bd_0_i/hls_inst/inst/regslice_both_imag_V_data_V_U/tmp_product__0_i_33__0/O
                         net (fo=1, routed)           0.000     3.574    bd_0_i/hls_inst/inst/regslice_both_imag_V_data_V_U/tmp_product__0_i_33__0_n_0
    SLICE_X40Y69         CARRY4 (Prop_carry4_S[3]_CO[3])
                                                      0.401     3.975 r  bd_0_i/hls_inst/inst/regslice_both_imag_V_data_V_U/tmp_product__0_i_4__0/CO[3]
                         net (fo=1, routed)           0.000     3.975    bd_0_i/hls_inst/inst/regslice_both_imag_V_data_V_U/tmp_product__0_i_4__0_n_0
    SLICE_X40Y70         CARRY4 (Prop_carry4_CI_CO[3])
                                                      0.114     4.089 r  bd_0_i/hls_inst/inst/regslice_both_imag_V_data_V_U/tmp_product__0_i_3__0/CO[3]
                         net (fo=1, routed)           0.000     4.089    bd_0_i/hls_inst/inst/regslice_both_imag_V_data_V_U/tmp_product__0_i_3__0_n_0
    SLICE_X40Y71         CARRY4 (Prop_carry4_CI_CO[3])
                                                      0.114     4.203 r  bd_0_i/hls_inst/inst/regslice_both_imag_V_data_V_U/tmp_product__0_i_2__0/CO[3]
                         net (fo=1, routed)           0.000     4.203    bd_0_i/hls_inst/inst/regslice_both_imag_V_data_V_U/tmp_product__0_i_2__0_n_0
    SLICE_X40Y72         CARRY4 (Prop_carry4_CI_CO[3])
                                                      0.114     4.317 r  bd_0_i/hls_inst/inst/regslice_both_imag_V_data_V_U/tmp_product__0_i_1__0/CO[3]
                         net (fo=1, routed)           0.000     4.317    bd_0_i/hls_inst/inst/regslice_both_imag_V_data_V_U/tmp_product__0_i_1__0_n_0
    SLICE_X40Y73         CARRY4 (Prop_carry4_CI_CO[3])
                                                      0.114     4.431 r  bd_0_i/hls_inst/inst/regslice_both_imag_V_data_V_U/tmp_product_i_4__0/CO[3]
                         net (fo=1, routed)           0.000     4.431    bd_0_i/hls_inst/inst/regslice_both_imag_V_data_V_U/tmp_product_i_4__0_n_0
    SLICE_X40Y74         CARRY4 (Prop_carry4_CI_CO[3])
                                                      0.114     4.545 r  bd_0_i/hls_inst/inst/regslice_both_imag_V_data_V_U/tmp_product_i_3__0/CO[3]
                         net (fo=1, routed)           0.009     4.554    bd_0_i/hls_inst/inst/regslice_both_imag_V_data_V_U/tmp_product_i_3__0_n_0
    SLICE_X40Y75         CARRY4 (Prop_carry4_CI_CO[3])
                                                      0.114     4.668 r  bd_0_i/hls_inst/inst/regslice_both_imag_V_data_V_U/tmp_product_i_2__0/CO[3]
                         net (fo=1, routed)           0.000     4.668    bd_0_i/hls_inst/inst/regslice_both_imag_V_data_V_U/tmp_product_i_2__0_n_0
    SLICE_X40Y76         CARRY4 (Prop_carry4_CI_O[3])
                                                      0.313     4.981 r  bd_0_i/hls_inst/inst/regslice_both_imag_V_data_V_U/tmp_product_i_1__0/O[3]
                         net (fo=20, routed)          1.119     6.100    bd_0_i/hls_inst/inst/mul_32s_32s_54_2_1_U1/O51[31]
    DSP48_X2Y32          DSP48E1                                      r  bd_0_i/hls_inst/inst/mul_32s_32s_54_2_1_U1/tmp_product/B[17]
  -------------------------------------------------------------------    -------------------

                         (clock ap_clk rise edge)    10.000    10.000 r  
                                                      0.000    10.000 r  ap_clk (IN)
                         net (fo=533, unset)          0.924    10.924    bd_0_i/hls_inst/inst/mul_32s_32s_54_2_1_U1/ap_clk
    DSP48_X2Y32          DSP48E1                                      r  bd_0_i/hls_inst/inst/mul_32s_32s_54_2_1_U1/tmp_product/CLK
                         clock pessimism              0.000    10.924    
                         clock uncertainty           -0.035    10.889    
    DSP48_X2Y32          DSP48E1 (Setup_dsp48e1_CLK_B[17])
                                                     -0.632    10.257    bd_0_i/hls_inst/inst/mul_32s_32s_54_2_1_U1/tmp_product
  -------------------------------------------------------------------
                         required time                         10.257    
                         arrival time                          -6.100    
  -------------------------------------------------------------------
                         slack                                  4.157    

Slack (MET) :             4.176ns  (required time - arrival time)
  Source:                 bd_0_i/hls_inst/inst/regslice_both_imag_V_data_V_U/B_V_data_1_sel_rd_reg/C
                            (rising edge-triggered cell FDRE clocked by ap_clk  {rise@0.000ns fall@5.000ns period=10.000ns})
  Destination:            bd_0_i/hls_inst/inst/mul_32s_32s_54_2_1_U1/dout_reg/A[26]
                            (rising edge-triggered cell DSP48E1 clocked by ap_clk  {rise@0.000ns fall@5.000ns period=10.000ns})
  Path Group:             ap_clk
  Path Type:              Setup (Max at Slow Process Corner)
  Requirement:            10.000ns  (ap_clk rise@10.000ns - ap_clk rise@0.000ns)
  Data Path Delay:        5.196ns  (logic 1.978ns (38.065%)  route 3.218ns (61.935%))
  Logic Levels:           9  (CARRY4=8 LUT4=1)
  Clock Path Skew:        -0.049ns (DCD - SCD + CPR)
    Destination Clock Delay (DCD):    0.924ns = ( 10.924 - 10.000 ) 
    Source Clock Delay      (SCD):    0.973ns
    Clock Pessimism Removal (CPR):    0.000ns
  Clock Uncertainty:      0.035ns  ((TSJ^2 + TIJ^2)^1/2 + DJ) / 2 + PE
    Total System Jitter     (TSJ):    0.071ns
    Total Input Jitter      (TIJ):    0.000ns
    Discrete Jitter          (DJ):    0.000ns
    Phase Error              (PE):    0.000ns

    Location             Delay type                Incr(ns)  Path(ns)    Netlist Resource(s)
  -------------------------------------------------------------------    -------------------
                         (clock ap_clk rise edge)     0.000     0.000 r  
                                                      0.000     0.000 r  ap_clk (IN)
                         net (fo=533, unset)          0.973     0.973    bd_0_i/hls_inst/inst/regslice_both_imag_V_data_V_U/ap_clk
    SLICE_X41Y76         FDRE                                         r  bd_0_i/hls_inst/inst/regslice_both_imag_V_data_V_U/B_V_data_1_sel_rd_reg/C
  -------------------------------------------------------------------    -------------------
    SLICE_X41Y76         FDRE (Prop_fdre_C_Q)         0.456     1.429 r  bd_0_i/hls_inst/inst/regslice_both_imag_V_data_V_U/B_V_data_1_sel_rd_reg/Q
                         net (fo=96, routed)          2.021     3.450    bd_0_i/hls_inst/inst/regslice_both_imag_V_data_V_U/B_V_data_1_sel_rd_reg_n_0
    SLICE_X40Y69         LUT4 (Prop_lut4_I0_O)        0.124     3.574 r  bd_0_i/hls_inst/inst/regslice_both_imag_V_data_V_U/tmp_product__0_i_33__0/O
                         net (fo=1, routed)           0.000     3.574    bd_0_i/hls_inst/inst/regslice_both_imag_V_data_V_U/tmp_product__0_i_33__0_n_0
    SLICE_X40Y69         CARRY4 (Prop_carry4_S[3]_CO[3])
                                                      0.401     3.975 r  bd_0_i/hls_inst/inst/regslice_both_imag_V_data_V_U/tmp_product__0_i_4__0/CO[3]
                         net (fo=1, routed)           0.000     3.975    bd_0_i/hls_inst/inst/regslice_both_imag_V_data_V_U/tmp_product__0_i_4__0_n_0
    SLICE_X40Y70         CARRY4 (Prop_carry4_CI_CO[3])
                                                      0.114     4.089 r  bd_0_i/hls_inst/inst/regslice_both_imag_V_data_V_U/tmp_product__0_i_3__0/CO[3]
                         net (fo=1, routed)           0.000     4.089    bd_0_i/hls_inst/inst/regslice_both_imag_V_data_V_U/tmp_product__0_i_3__0_n_0
    SLICE_X40Y71         CARRY4 (Prop_carry4_CI_CO[3])
                                                      0.114     4.203 r  bd_0_i/hls_inst/inst/regslice_both_imag_V_data_V_U/tmp_product__0_i_2__0/CO[3]
                         net (fo=1, routed)           0.000     4.203    bd_0_i/hls_inst/inst/regslice_both_imag_V_data_V_U/tmp_product__0_i_2__0_n_0
    SLICE_X40Y72         CARRY4 (Prop_carry4_CI_CO[3])
                                                      0.114     4.317 r  bd_0_i/hls_inst/inst/regslice_both_imag_V_data_V_U/tmp_product__0_i_1__0/CO[3]
                         net (fo=1, routed)           0.000     4.317    bd_0_i/hls_inst/inst/regslice_both_imag_V_data_V_U/tmp_product__0_i_1__0_n_0
    SLICE_X40Y73         CARRY4 (Prop_carry4_CI_CO[3])
                                                      0.114     4.431 r  bd_0_i/hls_inst/inst/regslice_both_imag_V_data_V_U/tmp_product_i_4__0/CO[3]
                         net (fo=1, routed)           0.000     4.431    bd_0_i/hls_inst/inst/regslice_both_imag_V_data_V_U/tmp_product_i_4__0_n_0
    SLICE_X40Y74         CARRY4 (Prop_carry4_CI_CO[3])
                                                      0.114     4.545 r  bd_0_i/hls_inst/inst/regslice_both_imag_V_data_V_U/tmp_product_i_3__0/CO[3]
                         net (fo=1, routed)           0.009     4.554    bd_0_i/hls_inst/inst/regslice_both_imag_V_data_V_U/tmp_product_i_3__0_n_0
    SLICE_X40Y75         CARRY4 (Prop_carry4_CI_CO[3])
                                                      0.114     4.668 r  bd_0_i/hls_inst/inst/regslice_both_imag_V_data_V_U/tmp_product_i_2__0/CO[3]
                         net (fo=1, routed)           0.000     4.668    bd_0_i/hls_inst/inst/regslice_both_imag_V_data_V_U/tmp_product_i_2__0_n_0
    SLICE_X40Y76         CARRY4 (Prop_carry4_CI_O[3])
                                                      0.313     4.981 r  bd_0_i/hls_inst/inst/regslice_both_imag_V_data_V_U/tmp_product_i_1__0/O[3]
                         net (fo=20, routed)          1.189     6.169    bd_0_i/hls_inst/inst/mul_32s_32s_54_2_1_U1/O51[31]
    DSP48_X2Y33          DSP48E1                                      r  bd_0_i/hls_inst/inst/mul_32s_32s_54_2_1_U1/dout_reg/A[26]
  -------------------------------------------------------------------    -------------------

                         (clock ap_clk rise edge)    10.000    10.000 r  
                                                      0.000    10.000 r  ap_clk (IN)
                         net (fo=533, unset)          0.924    10.924    bd_0_i/hls_inst/inst/mul_32s_32s_54_2_1_U1/ap_clk
    DSP48_X2Y33          DSP48E1                                      r  bd_0_i/hls_inst/inst/mul_32s_32s_54_2_1_U1/dout_reg/CLK
                         clock pessimism              0.000    10.924    
                         clock uncertainty           -0.035    10.889    
    DSP48_X2Y33          DSP48E1 (Setup_dsp48e1_CLK_A[26])
                                                     -0.544    10.345    bd_0_i/hls_inst/inst/mul_32s_32s_54_2_1_U1/dout_reg
  -------------------------------------------------------------------
                         required time                         10.345    
                         arrival time                          -6.169    
  -------------------------------------------------------------------
                         slack                                  4.176    

Slack (MET) :             4.176ns  (required time - arrival time)
  Source:                 bd_0_i/hls_inst/inst/regslice_both_imag_V_data_V_U/B_V_data_1_sel_rd_reg/C
                            (rising edge-triggered cell FDRE clocked by ap_clk  {rise@0.000ns fall@5.000ns period=10.000ns})
  Destination:            bd_0_i/hls_inst/inst/mul_32s_32s_54_2_1_U1/dout_reg/A[27]
                            (rising edge-triggered cell DSP48E1 clocked by ap_clk  {rise@0.000ns fall@5.000ns period=10.000ns})
  Path Group:             ap_clk
  Path Type:              Setup (Max at Slow Process Corner)
  Requirement:            10.000ns  (ap_clk rise@10.000ns - ap_clk rise@0.000ns)
  Data Path Delay:        5.196ns  (logic 1.978ns (38.065%)  route 3.218ns (61.935%))
  Logic Levels:           9  (CARRY4=8 LUT4=1)
  Clock Path Skew:        -0.049ns (DCD - SCD + CPR)
    Destination Clock Delay (DCD):    0.924ns = ( 10.924 - 10.000 ) 
    Source Clock Delay      (SCD):    0.973ns
    Clock Pessimism Removal (CPR):    0.000ns
  Clock Uncertainty:      0.035ns  ((TSJ^2 + TIJ^2)^1/2 + DJ) / 2 + PE
    Total System Jitter     (TSJ):    0.071ns
    Total Input Jitter      (TIJ):    0.000ns
    Discrete Jitter          (DJ):    0.000ns
    Phase Error              (PE):    0.000ns

    Location             Delay type                Incr(ns)  Path(ns)    Netlist Resource(s)
  -------------------------------------------------------------------    -------------------
                         (clock ap_clk rise edge)     0.000     0.000 r  
                                                      0.000     0.000 r  ap_clk (IN)
                         net (fo=533, unset)          0.973     0.973    bd_0_i/hls_inst/inst/regslice_both_imag_V_data_V_U/ap_clk
    SLICE_X41Y76         FDRE                                         r  bd_0_i/hls_inst/inst/regslice_both_imag_V_data_V_U/B_V_data_1_sel_rd_reg/C
  -------------------------------------------------------------------    -------------------
    SLICE_X41Y76         FDRE (Prop_fdre_C_Q)         0.456     1.429 r  bd_0_i/hls_inst/inst/regslice_both_imag_V_data_V_U/B_V_data_1_sel_rd_reg/Q
                         net (fo=96, routed)          2.021     3.450    bd_0_i/hls_inst/inst/regslice_both_imag_V_data_V_U/B_V_data_1_sel_rd_reg_n_0
    SLICE_X40Y69         LUT4 (Prop_lut4_I0_O)        0.124     3.574 r  bd_0_i/hls_inst/inst/regslice_both_imag_V_data_V_U/tmp_product__0_i_33__0/O
                         net (fo=1, routed)           0.000     3.574    bd_0_i/hls_inst/inst/regslice_both_imag_V_data_V_U/tmp_product__0_i_33__0_n_0
    SLICE_X40Y69         CARRY4 (Prop_carry4_S[3]_CO[3])
                                                      0.401     3.975 r  bd_0_i/hls_inst/inst/regslice_both_imag_V_data_V_U/tmp_product__0_i_4__0/CO[3]
                         net (fo=1, routed)           0.000     3.975    bd_0_i/hls_inst/inst/regslice_both_imag_V_data_V_U/tmp_product__0_i_4__0_n_0
    SLICE_X40Y70         CARRY4 (Prop_carry4_CI_CO[3])
                                                      0.114     4.089 r  bd_0_i/hls_inst/inst/regslice_both_imag_V_data_V_U/tmp_product__0_i_3__0/CO[3]
                         net (fo=1, routed)           0.000     4.089    bd_0_i/hls_inst/inst/regslice_both_imag_V_data_V_U/tmp_product__0_i_3__0_n_0
    SLICE_X40Y71         CARRY4 (Prop_carry4_CI_CO[3])
                                                      0.114     4.203 r  bd_0_i/hls_inst/inst/regslice_both_imag_V_data_V_U/tmp_product__0_i_2__0/CO[3]
                         net (fo=1, routed)           0.000     4.203    bd_0_i/hls_inst/inst/regslice_both_imag_V_data_V_U/tmp_product__0_i_2__0_n_0
    SLICE_X40Y72         CARRY4 (Prop_carry4_CI_CO[3])
                                                      0.114     4.317 r  bd_0_i/hls_inst/inst/regslice_both_imag_V_data_V_U/tmp_product__0_i_1__0/CO[3]
                         net (fo=1, routed)           0.000     4.317    bd_0_i/hls_inst/inst/regslice_both_imag_V_data_V_U/tmp_product__0_i_1__0_n_0
    SLICE_X40Y73         CARRY4 (Prop_carry4_CI_CO[3])
                                                      0.114     4.431 r  bd_0_i/hls_inst/inst/regslice_both_imag_V_data_V_U/tmp_product_i_4__0/CO[3]
                         net (fo=1, routed)           0.000     4.431    bd_0_i/hls_inst/inst/regslice_both_imag_V_data_V_U/tmp_product_i_4__0_n_0
    SLICE_X40Y74         CARRY4 (Prop_carry4_CI_CO[3])
                                                      0.114     4.545 r  bd_0_i/hls_inst/inst/regslice_both_imag_V_data_V_U/tmp_product_i_3__0/CO[3]
                         net (fo=1, routed)           0.009     4.554    bd_0_i/hls_inst/inst/regslice_both_imag_V_data_V_U/tmp_product_i_3__0_n_0
    SLICE_X40Y75         CARRY4 (Prop_carry4_CI_CO[3])
                                                      0.114     4.668 r  bd_0_i/hls_inst/inst/regslice_both_imag_V_data_V_U/tmp_product_i_2__0/CO[3]
                         net (fo=1, routed)           0.000     4.668    bd_0_i/hls_inst/inst/regslice_both_imag_V_data_V_U/tmp_product_i_2__0_n_0
    SLICE_X40Y76         CARRY4 (Prop_carry4_CI_O[3])
                                                      0.313     4.981 r  bd_0_i/hls_inst/inst/regslice_both_imag_V_data_V_U/tmp_product_i_1__0/O[3]
                         net (fo=20, routed)          1.189     6.169    bd_0_i/hls_inst/inst/mul_32s_32s_54_2_1_U1/O51[31]
    DSP48_X2Y33          DSP48E1                                      r  bd_0_i/hls_inst/inst/mul_32s_32s_54_2_1_U1/dout_reg/A[27]
  -------------------------------------------------------------------    -------------------

                         (clock ap_clk rise edge)    10.000    10.000 r  
                                                      0.000    10.000 r  ap_clk (IN)
                         net (fo=533, unset)          0.924    10.924    bd_0_i/hls_inst/inst/mul_32s_32s_54_2_1_U1/ap_clk
    DSP48_X2Y33          DSP48E1                                      r  bd_0_i/hls_inst/inst/mul_32s_32s_54_2_1_U1/dout_reg/CLK
                         clock pessimism              0.000    10.924    
                         clock uncertainty           -0.035    10.889    
    DSP48_X2Y33          DSP48E1 (Setup_dsp48e1_CLK_A[27])
                                                     -0.544    10.345    bd_0_i/hls_inst/inst/mul_32s_32s_54_2_1_U1/dout_reg
  -------------------------------------------------------------------
                         required time                         10.345    
                         arrival time                          -6.169    
  -------------------------------------------------------------------
                         slack                                  4.176    

Slack (MET) :             4.210ns  (required time - arrival time)
  Source:                 bd_0_i/hls_inst/inst/regslice_both_real_r_V_data_V_U/B_V_data_1_sel_rd_reg/C
                            (rising edge-triggered cell FDRE clocked by ap_clk  {rise@0.000ns fall@5.000ns period=10.000ns})
  Destination:            bd_0_i/hls_inst/inst/mul_32s_32s_54_2_1_U2/dout_reg/A[24]
                            (rising edge-triggered cell DSP48E1 clocked by ap_clk  {rise@0.000ns fall@5.000ns period=10.000ns})
  Path Group:             ap_clk
  Path Type:              Setup (Max at Slow Process Corner)
  Requirement:            10.000ns  (ap_clk rise@10.000ns - ap_clk rise@0.000ns)
  Data Path Delay:        5.162ns  (logic 2.189ns (42.405%)  route 2.973ns (57.595%))
  Logic Levels:           9  (CARRY4=8 LUT4=1)
  Clock Path Skew:        -0.049ns (DCD - SCD + CPR)
    Destination Clock Delay (DCD):    0.924ns = ( 10.924 - 10.000 ) 
    Source Clock Delay      (SCD):    0.973ns
    Clock Pessimism Removal (CPR):    0.000ns
  Clock Uncertainty:      0.035ns  ((TSJ^2 + TIJ^2)^1/2 + DJ) / 2 + PE
    Total System Jitter     (TSJ):    0.071ns
    Total Input Jitter      (TIJ):    0.000ns
    Discrete Jitter          (DJ):    0.000ns
    Phase Error              (PE):    0.000ns

    Location             Delay type                Incr(ns)  Path(ns)    Netlist Resource(s)
  -------------------------------------------------------------------    -------------------
                         (clock ap_clk rise edge)     0.000     0.000 r  
                                                      0.000     0.000 r  ap_clk (IN)
                         net (fo=533, unset)          0.973     0.973    bd_0_i/hls_inst/inst/regslice_both_real_r_V_data_V_U/ap_clk
    SLICE_X38Y76         FDRE                                         r  bd_0_i/hls_inst/inst/regslice_both_real_r_V_data_V_U/B_V_data_1_sel_rd_reg/C
  -------------------------------------------------------------------    -------------------
    SLICE_X38Y76         FDRE (Prop_fdre_C_Q)         0.518     1.491 r  bd_0_i/hls_inst/inst/regslice_both_real_r_V_data_V_U/B_V_data_1_sel_rd_reg/Q
                         net (fo=96, routed)          1.847     3.338    bd_0_i/hls_inst/inst/regslice_both_real_r_V_data_V_U/B_V_data_1_sel
    SLICE_X37Y69         LUT4 (Prop_lut4_I0_O)        0.124     3.462 r  bd_0_i/hls_inst/inst/regslice_both_real_r_V_data_V_U/tmp_product__0_i_35/O
                         net (fo=1, routed)           0.000     3.462    bd_0_i/hls_inst/inst/regslice_both_real_r_V_data_V_U/tmp_product__0_i_35_n_0
    SLICE_X37Y69         CARRY4 (Prop_carry4_S[1]_CO[3])
                                                      0.550     4.012 r  bd_0_i/hls_inst/inst/regslice_both_real_r_V_data_V_U/tmp_product__0_i_4/CO[3]
                         net (fo=1, routed)           0.000     4.012    bd_0_i/hls_inst/inst/regslice_both_real_r_V_data_V_U/tmp_product__0_i_4_n_0
    SLICE_X37Y70         CARRY4 (Prop_carry4_CI_CO[3])
                                                      0.114     4.126 r  bd_0_i/hls_inst/inst/regslice_both_real_r_V_data_V_U/tmp_product__0_i_3/CO[3]
                         net (fo=1, routed)           0.000     4.126    bd_0_i/hls_inst/inst/regslice_both_real_r_V_data_V_U/tmp_product__0_i_3_n_0
    SLICE_X37Y71         CARRY4 (Prop_carry4_CI_CO[3])
                                                      0.114     4.240 r  bd_0_i/hls_inst/inst/regslice_both_real_r_V_data_V_U/tmp_product__0_i_2/CO[3]
                         net (fo=1, routed)           0.000     4.240    bd_0_i/hls_inst/inst/regslice_both_real_r_V_data_V_U/tmp_product__0_i_2_n_0
    SLICE_X37Y72         CARRY4 (Prop_carry4_CI_CO[3])
                                                      0.114     4.354 r  bd_0_i/hls_inst/inst/regslice_both_real_r_V_data_V_U/tmp_product__0_i_1/CO[3]
                         net (fo=1, routed)           0.000     4.354    bd_0_i/hls_inst/inst/regslice_both_real_r_V_data_V_U/tmp_product__0_i_1_n_0
    SLICE_X37Y73         CARRY4 (Prop_carry4_CI_CO[3])
                                                      0.114     4.468 r  bd_0_i/hls_inst/inst/regslice_both_real_r_V_data_V_U/tmp_product_i_4/CO[3]
                         net (fo=1, routed)           0.000     4.468    bd_0_i/hls_inst/inst/regslice_both_real_r_V_data_V_U/tmp_product_i_4_n_0
    SLICE_X37Y74         CARRY4 (Prop_carry4_CI_CO[3])
                                                      0.114     4.582 r  bd_0_i/hls_inst/inst/regslice_both_real_r_V_data_V_U/tmp_product_i_3/CO[3]
                         net (fo=1, routed)           0.009     4.591    bd_0_i/hls_inst/inst/regslice_both_real_r_V_data_V_U/tmp_product_i_3_n_0
    SLICE_X37Y75         CARRY4 (Prop_carry4_CI_CO[3])
                                                      0.114     4.705 r  bd_0_i/hls_inst/inst/regslice_both_real_r_V_data_V_U/tmp_product_i_2/CO[3]
                         net (fo=1, routed)           0.000     4.705    bd_0_i/hls_inst/inst/regslice_both_real_r_V_data_V_U/tmp_product_i_2_n_0
    SLICE_X37Y76         CARRY4 (Prop_carry4_CI_O[3])
                                                      0.313     5.018 r  bd_0_i/hls_inst/inst/regslice_both_real_r_V_data_V_U/tmp_product_i_1/O[3]
                         net (fo=20, routed)          1.118     6.135    bd_0_i/hls_inst/inst/mul_32s_32s_54_2_1_U2/O49[31]
    DSP48_X2Y29          DSP48E1                                      r  bd_0_i/hls_inst/inst/mul_32s_32s_54_2_1_U2/dout_reg/A[24]
  -------------------------------------------------------------------    -------------------

                         (clock ap_clk rise edge)    10.000    10.000 r  
                                                      0.000    10.000 r  ap_clk (IN)
                         net (fo=533, unset)          0.924    10.924    bd_0_i/hls_inst/inst/mul_32s_32s_54_2_1_U2/ap_clk
    DSP48_X2Y29          DSP48E1                                      r  bd_0_i/hls_inst/inst/mul_32s_32s_54_2_1_U2/dout_reg/CLK
                         clock pessimism              0.000    10.924    
                         clock uncertainty           -0.035    10.889    
    DSP48_X2Y29          DSP48E1 (Setup_dsp48e1_CLK_A[24])
                                                     -0.544    10.345    bd_0_i/hls_inst/inst/mul_32s_32s_54_2_1_U2/dout_reg
  -------------------------------------------------------------------
                         required time                         10.345    
                         arrival time                          -6.135    
  -------------------------------------------------------------------
                         slack                                  4.210    

Slack (MET) :             4.210ns  (required time - arrival time)
  Source:                 bd_0_i/hls_inst/inst/regslice_both_real_r_V_data_V_U/B_V_data_1_sel_rd_reg/C
                            (rising edge-triggered cell FDRE clocked by ap_clk  {rise@0.000ns fall@5.000ns period=10.000ns})
  Destination:            bd_0_i/hls_inst/inst/mul_32s_32s_54_2_1_U2/dout_reg/A[25]
                            (rising edge-triggered cell DSP48E1 clocked by ap_clk  {rise@0.000ns fall@5.000ns period=10.000ns})
  Path Group:             ap_clk
  Path Type:              Setup (Max at Slow Process Corner)
  Requirement:            10.000ns  (ap_clk rise@10.000ns - ap_clk rise@0.000ns)
  Data Path Delay:        5.162ns  (logic 2.189ns (42.405%)  route 2.973ns (57.595%))
  Logic Levels:           9  (CARRY4=8 LUT4=1)
  Clock Path Skew:        -0.049ns (DCD - SCD + CPR)
    Destination Clock Delay (DCD):    0.924ns = ( 10.924 - 10.000 ) 
    Source Clock Delay      (SCD):    0.973ns
    Clock Pessimism Removal (CPR):    0.000ns
  Clock Uncertainty:      0.035ns  ((TSJ^2 + TIJ^2)^1/2 + DJ) / 2 + PE
    Total System Jitter     (TSJ):    0.071ns
    Total Input Jitter      (TIJ):    0.000ns
    Discrete Jitter          (DJ):    0.000ns
    Phase Error              (PE):    0.000ns

    Location             Delay type                Incr(ns)  Path(ns)    Netlist Resource(s)
  -------------------------------------------------------------------    -------------------
                         (clock ap_clk rise edge)     0.000     0.000 r  
                                                      0.000     0.000 r  ap_clk (IN)
                         net (fo=533, unset)          0.973     0.973    bd_0_i/hls_inst/inst/regslice_both_real_r_V_data_V_U/ap_clk
    SLICE_X38Y76         FDRE                                         r  bd_0_i/hls_inst/inst/regslice_both_real_r_V_data_V_U/B_V_data_1_sel_rd_reg/C
  -------------------------------------------------------------------    -------------------
    SLICE_X38Y76         FDRE (Prop_fdre_C_Q)         0.518     1.491 r  bd_0_i/hls_inst/inst/regslice_both_real_r_V_data_V_U/B_V_data_1_sel_rd_reg/Q
                         net (fo=96, routed)          1.847     3.338    bd_0_i/hls_inst/inst/regslice_both_real_r_V_data_V_U/B_V_data_1_sel
    SLICE_X37Y69         LUT4 (Prop_lut4_I0_O)        0.124     3.462 r  bd_0_i/hls_inst/inst/regslice_both_real_r_V_data_V_U/tmp_product__0_i_35/O
                         net (fo=1, routed)           0.000     3.462    bd_0_i/hls_inst/inst/regslice_both_real_r_V_data_V_U/tmp_product__0_i_35_n_0
    SLICE_X37Y69         CARRY4 (Prop_carry4_S[1]_CO[3])
                                                      0.550     4.012 r  bd_0_i/hls_inst/inst/regslice_both_real_r_V_data_V_U/tmp_product__0_i_4/CO[3]
                         net (fo=1, routed)           0.000     4.012    bd_0_i/hls_inst/inst/regslice_both_real_r_V_data_V_U/tmp_product__0_i_4_n_0
    SLICE_X37Y70         CARRY4 (Prop_carry4_CI_CO[3])
                                                      0.114     4.126 r  bd_0_i/hls_inst/inst/regslice_both_real_r_V_data_V_U/tmp_product__0_i_3/CO[3]
                         net (fo=1, routed)           0.000     4.126    bd_0_i/hls_inst/inst/regslice_both_real_r_V_data_V_U/tmp_product__0_i_3_n_0
    SLICE_X37Y71         CARRY4 (Prop_carry4_CI_CO[3])
                                                      0.114     4.240 r  bd_0_i/hls_inst/inst/regslice_both_real_r_V_data_V_U/tmp_product__0_i_2/CO[3]
                         net (fo=1, routed)           0.000     4.240    bd_0_i/hls_inst/inst/regslice_both_real_r_V_data_V_U/tmp_product__0_i_2_n_0
    SLICE_X37Y72         CARRY4 (Prop_carry4_CI_CO[3])
                                                      0.114     4.354 r  bd_0_i/hls_inst/inst/regslice_both_real_r_V_data_V_U/tmp_product__0_i_1/CO[3]
                         net (fo=1, routed)           0.000     4.354    bd_0_i/hls_inst/inst/regslice_both_real_r_V_data_V_U/tmp_product__0_i_1_n_0
    SLICE_X37Y73         CARRY4 (Prop_carry4_CI_CO[3])
                                                      0.114     4.468 r  bd_0_i/hls_inst/inst/regslice_both_real_r_V_data_V_U/tmp_product_i_4/CO[3]
                         net (fo=1, routed)           0.000     4.468    bd_0_i/hls_inst/inst/regslice_both_real_r_V_data_V_U/tmp_product_i_4_n_0
    SLICE_X37Y74         CARRY4 (Prop_carry4_CI_CO[3])
                                                      0.114     4.582 r  bd_0_i/hls_inst/inst/regslice_both_real_r_V_data_V_U/tmp_product_i_3/CO[3]
                         net (fo=1, routed)           0.009     4.591    bd_0_i/hls_inst/inst/regslice_both_real_r_V_data_V_U/tmp_product_i_3_n_0
    SLICE_X37Y75         CARRY4 (Prop_carry4_CI_CO[3])
                                                      0.114     4.705 r  bd_0_i/hls_inst/inst/regslice_both_real_r_V_data_V_U/tmp_product_i_2/CO[3]
                         net (fo=1, routed)           0.000     4.705    bd_0_i/hls_inst/inst/regslice_both_real_r_V_data_V_U/tmp_product_i_2_n_0
    SLICE_X37Y76         CARRY4 (Prop_carry4_CI_O[3])
                                                      0.313     5.018 r  bd_0_i/hls_inst/inst/regslice_both_real_r_V_data_V_U/tmp_product_i_1/O[3]
                         net (fo=20, routed)          1.118     6.135    bd_0_i/hls_inst/inst/mul_32s_32s_54_2_1_U2/O49[31]
    DSP48_X2Y29          DSP48E1                                      r  bd_0_i/hls_inst/inst/mul_32s_32s_54_2_1_U2/dout_reg/A[25]
  -------------------------------------------------------------------    -------------------

                         (clock ap_clk rise edge)    10.000    10.000 r  
                                                      0.000    10.000 r  ap_clk (IN)
                         net (fo=533, unset)          0.924    10.924    bd_0_i/hls_inst/inst/mul_32s_32s_54_2_1_U2/ap_clk
    DSP48_X2Y29          DSP48E1                                      r  bd_0_i/hls_inst/inst/mul_32s_32s_54_2_1_U2/dout_reg/CLK
                         clock pessimism              0.000    10.924    
                         clock uncertainty           -0.035    10.889    
    DSP48_X2Y29          DSP48E1 (Setup_dsp48e1_CLK_A[25])
                                                     -0.544    10.345    bd_0_i/hls_inst/inst/mul_32s_32s_54_2_1_U2/dout_reg
  -------------------------------------------------------------------
                         required time                         10.345    
                         arrival time                          -6.135    
  -------------------------------------------------------------------
                         slack                                  4.210    




