Copyright 1986-2022 Xilinx, Inc. All Rights Reserved.
----------------------------------------------------------------------------------------------
| Tool Version : Vivado v.2022.1 (win64) Build 3526262 Mon Apr 18 15:48:16 MDT 2022
| Date         : Sat Sep 26 05:29:43 2026
| Host         : ndrswcy running 64-bit major release  (build 9200)
| Command      : report_timing_summary -file ./report/fir_decimation_filter_timing_routed.rpt
| Design       : bd_0_wrapper
| Device       : 7z020-clg400
| Speed File   : -1  PRODUCTION 1.12 2019-11-22
----------------------------------------------------------------------------------------------

Timing Summary Report

------------------------------------------------------------------------------------------------
| Timer Settings
| --------------
------------------------------------------------------------------------------------------------

  Enable Multi Corner Analysis               :  Yes
  Enable Pessimism Removal                   :  Yes
  Pessimism Removal Resolution               :  Nearest Common Node
  Enable Input Delay Default Clock           :  No
  Enable Preset / Clear Arcs                 :  No
  Disable Flight Delays                      :  No
  Ignore I/O Paths                           :  No
  Timing Early Launch at Borrowing Latches   :  No
  Borrow Time for Max Delay Exceptions       :  Yes
  Merge Timing Exceptions                    :  Yes

  Corner  Analyze    Analyze    
  Name    Max Paths  Min Paths  
  ------  ---------  ---------  
  Slow    Yes        Yes        
  Fast    Yes        Yes        


------------------------------------------------------------------------------------------------
| Report Methodology
| ------------------
------------------------------------------------------------------------------------------------

Rule  Severity  Description  Violations  
----  --------  -----------  ----------  

Note: This report is based on the most recent report_methodology run and may not be up-to-date. Run report_methodology on the current design for the latest report.



check_timing report

Table of Contents
-----------------
1. checking no_clock (0)
2. checking constant_clock (0)
3. checking pulse_width_clock (0)
4. checking unconstrained_internal_endpoints (0)
5. checking no_input_delay (12)
6. checking no_output_delay (35)
7. checking multiple_clock (0)
8. checking generated_clocks (0)
9. checking loops (0)
10. checking partial_input_delay (0)
11. checking partial_output_delay (0)
12. checking latch_loops (0)

1. checking no_clock (0)
------------------------
 There are 0 register/latch pins with no clock.


2. checking constant_clock (0)
------------------------------
 There are 0 register/latch pins with constant_clock.


3. checking pulse_width_clock (0)
---------------------------------
 There are 0 register/latch pins which need pulse_width check


4. checking unconstrained_internal_endpoints (0)
------------------------------------------------
 There are 0 pins that are not constrained for maximum delay.

 There are 0 pins that are not constrained for maximum delay due to constant clock.


5. checking no_input_delay (12)
-------------------------------
 There are 12 input ports with no input delay specified. (HIGH)

 There are 0 input ports with no input delay but user has a false path constraint.


6. checking no_output_delay (35)
--------------------------------
 There are 35 ports with no output delay specified. (HIGH)

 There are 0 ports with no output delay but user has a false path constraint

 There are 0 ports with no output delay but with a timing clock defined on it or propagating through it


7. checking multiple_clock (0)
------------------------------
 There are 0 register/latch pins with multiple clocks.


8. checking generated_clocks (0)
--------------------------------
 There are 0 generated clocks that are not connected to a clock source.


9. checking loops (0)
---------------------
 There are 0 combinational loops in the design.


10. checking partial_input_delay (0)
------------------------------------
 There are 0 input ports with partial input delay specified.


11. checking partial_output_delay (0)
-------------------------------------
 There are 0 ports with partial output delay specified.


12. checking latch_loops (0)
----------------------------
 There are 0 combinational latch loops in the design through latch input



------------------------------------------------------------------------------------------------
| Design Timing Summary
| ---------------------
------------------------------------------------------------------------------------------------

    WNS(ns)      TNS(ns)  TNS Failing Endpoints  TNS Total Endpoints      WHS(ns)      THS(ns)  THS Failing Endpoints  THS Total Endpoints     WPWS(ns)     TPWS(ns)  TPWS Failing Endpoints  TPWS Total Endpoints  
    -------      -------  ---------------------  -------------------      -------      -------  ---------------------  -------------------     --------     --------  ----------------------  --------------------  
      3.484        0.000                      0                 1095        0.101        0.000                      0                 1095        4.500        0.000                       0                   369  


All user specified timing constraints are met.


------------------------------------------------------------------------------------------------
| Clock Summary
| -------------
------------------------------------------------------------------------------------------------

Clock   Waveform(ns)       Period(ns)      Frequency(MHz)
-----   ------------       ----------      --------------
ap_clk  {0.000 5.000}      10.000          100.000         


------------------------------------------------------------------------------------------------
| Intra Clock Table
| -----------------
------------------------------------------------------------------------------------------------

Clock             WNS(ns)      TNS(ns)  TNS Failing Endpoints  TNS Total Endpoints      WHS(ns)      THS(ns)  THS Failing Endpoints  THS Total Endpoints     WPWS(ns)     TPWS(ns)  TPWS Failing Endpoints  TPWS Total Endpoints  
-----             -------      -------  ---------------------  -------------------      -------      -------  ---------------------  -------------------     --------     --------  ----------------------  --------------------  
ap_clk              3.484        0.000                      0                 1095        0.101        0.000                      0                 1095        4.500        0.000                       0                   369  


------------------------------------------------------------------------------------------------
| Inter Clock Table
| -----------------
------------------------------------------------------------------------------------------------

From Clock    To Clock          WNS(ns)      TNS(ns)  TNS Failing Endpoints  TNS Total Endpoints      WHS(ns)      THS(ns)  THS Failing Endpoints  THS Total Endpoints  
----------    --------          -------      -------  ---------------------  -------------------      -------      -------  ---------------------  -------------------  


------------------------------------------------------------------------------------------------
| Other Path Groups Table
| -----------------------
------------------------------------------------------------------------------------------------

Path Group    From Clock    To Clock          WNS(ns)      TNS(ns)  TNS Failing Endpoints  TNS Total Endpoints      WHS(ns)      THS(ns)  THS Failing Endpoints  THS Total Endpoints  
----------    ----------    --------          -------      -------  ---------------------  -------------------      -------      -------  ---------------------  -------------------  


------------------------------------------------------------------------------------------------
| Timing Details
| --------------
------------------------------------------------------------------------------------------------


---------------------------------------------------------------------------------------------------
From Clock:  ap_clk
  To Clock:  ap_clk

Setup :            0  Failing Endpoints,  Worst Slack        3.484ns,  Total Violation        0.000ns
Hold  :            0  Failing Endpoints,  Worst Slack        0.101ns,  Total Violation        0.000ns
PW    :            0  Failing Endpoints,  Worst Slack        4.500ns,  Total Violation        0.000ns
---------------------------------------------------------------------------------------------------


Max Delay Paths
--------------------------------------------------------------------------------------
Slack (MET) :             3.484ns  (required time - arrival time)
  Source:                 bd_0_i/hls_inst/inst/count_V_reg[1]/C
                            (rising edge-triggered cell FDRE clocked by ap_clk  {rise@0.000ns fall@5.000ns period=10.000ns})
  Destination:            bd_0_i/hls_inst/inst/mac_muladd_16s_8s_25s_25_4_1_U14/fir_decimation_filter_mac_muladd_16s_8s_25s_25_4_1_DSP48_2_U/p_reg_reg/B[0]
                            (rising edge-triggered cell DSP48E1 clocked by ap_clk  {rise@0.000ns fall@5.000ns period=10.000ns})
  Path Group:             ap_clk
  Path Type:              Setup (Max at Slow Process Corner)
  Requirement:            10.000ns  (ap_clk rise@10.000ns - ap_clk rise@0.000ns)
  Data Path Delay:        5.982ns  (logic 0.704ns (11.769%)  route 5.278ns (88.231%))
  Logic Levels:           2  (LUT5=1 LUT6=1)
  Clock Path Skew:        -0.049ns (DCD - SCD + CPR)
    Destination Clock Delay (DCD):    0.924ns = ( 10.924 - 10.000 ) 
    Source Clock Delay      (SCD):    0.973ns
    Clock Pessimism Removal (CPR):    0.000ns
  Clock Uncertainty:      0.035ns  ((TSJ^2 + TIJ^2)^1/2 + DJ) / 2 + PE
    Total System Jitter     (TSJ):    0.071ns
    Total Input Jitter      (TIJ):    0.000ns
    Discrete Jitter          (DJ):    0.000ns
    Phase Error              (PE):    0.000ns

    Location             Delay type                Incr(ns)  Path(ns)    Netlist Resource(s)
  -------------------------------------------------------------------    -------------------
                         (clock ap_clk rise edge)     0.000     0.000 r  
                                                      0.000     0.000 r  ap_clk (IN)
                         net (fo=368, unset)          0.973     0.973    bd_0_i/hls_inst/inst/ap_clk
    SLICE_X28Y65         FDRE                                         r  bd_0_i/hls_inst/inst/count_V_reg[1]/C
  -------------------------------------------------------------------    -------------------
    SLICE_X28Y65         FDRE (Prop_fdre_C_Q)         0.456     1.429 r  bd_0_i/hls_inst/inst/count_V_reg[1]/Q
                         net (fo=92, routed)          3.425     4.854    bd_0_i/hls_inst/inst/mac_muladd_16s_8s_25s_25_4_1_U14/fir_decimation_filter_mac_muladd_16s_8s_25s_25_4_1_DSP48_2_U/p_reg_reg_1
    SLICE_X33Y57         LUT6 (Prop_lut6_I3_O)        0.124     4.978 r  bd_0_i/hls_inst/inst/mac_muladd_16s_8s_25s_25_4_1_U14/fir_decimation_filter_mac_muladd_16s_8s_25s_25_4_1_DSP48_2_U/p_ZZ21fir_decimation_filterRN3hls6streamINS_4axisI8ap_fixedILi8ELi1EL9ap_q_mode5E_5[0]_i_2/O
                         net (fo=1, routed)           0.665     5.644    bd_0_i/hls_inst/inst/mac_muladd_16s_8s_25s_25_4_1_U14/fir_decimation_filter_mac_muladd_16s_8s_25s_25_4_1_DSP48_2_U/mux_2_0__0[0]
    SLICE_X33Y57         LUT5 (Prop_lut5_I0_O)        0.124     5.768 r  bd_0_i/hls_inst/inst/mac_muladd_16s_8s_25s_25_4_1_U14/fir_decimation_filter_mac_muladd_16s_8s_25s_25_4_1_DSP48_2_U/p_ZZ21fir_decimation_filterRN3hls6streamINS_4axisI8ap_fixedILi8ELi1EL9ap_q_mode5E_5[0]_i_1/O
                         net (fo=6, routed)           1.187     6.955    bd_0_i/hls_inst/inst/mac_muladd_16s_8s_25s_25_4_1_U14/fir_decimation_filter_mac_muladd_16s_8s_25s_25_4_1_DSP48_2_U/B[0]
    DSP48_X2Y24          DSP48E1                                      r  bd_0_i/hls_inst/inst/mac_muladd_16s_8s_25s_25_4_1_U14/fir_decimation_filter_mac_muladd_16s_8s_25s_25_4_1_DSP48_2_U/p_reg_reg/B[0]
  -------------------------------------------------------------------    -------------------

                         (clock ap_clk rise edge)    10.000    10.000 r  
                                                      0.000    10.000 r  ap_clk (IN)
                         net (fo=368, unset)          0.924    10.924    bd_0_i/hls_inst/inst/mac_muladd_16s_8s_25s_25_4_1_U14/fir_decimation_filter_mac_muladd_16s_8s_25s_25_4_1_DSP48_2_U/ap_clk
    DSP48_X2Y24          DSP48E1                                      r  bd_0_i/hls_inst/inst/mac_muladd_16s_8s_25s_25_4_1_U14/fir_decimation_filter_mac_muladd_16s_8s_25s_25_4_1_DSP48_2_U/p_reg_reg/CLK
                         clock pessimism              0.000    10.924    
                         clock uncertainty           -0.035    10.889    
    DSP48_X2Y24          DSP48E1 (Setup_dsp48e1_CLK_B[0])
                                                     -0.450    10.439    bd_0_i/hls_inst/inst/mac_muladd_16s_8s_25s_25_4_1_U14/fir_decimation_filter_mac_muladd_16s_8s_25s_25_4_1_DSP48_2_U/p_reg_reg
  -------------------------------------------------------------------
                         required time                         10.439    
                         arrival time                          -6.955    
  -------------------------------------------------------------------
                         slack                                  3.484    





Min Delay Paths
--------------------------------------------------------------------------------------
Slack (MET) :             0.101ns  (arrival time - required time)
  Source:                 bd_0_i/hls_inst/inst/p_ZZ21fir_decimation_filterRN3hls6streamINS_4axisI8ap_fixedILi8ELi1EL9ap_q_mode5E_3_reg[2]/C
                            (rising edge-triggered cell FDRE clocked by ap_clk  {rise@0.000ns fall@5.000ns period=10.000ns})
  Destination:            bd_0_i/hls_inst/inst/p_ZZ21fir_decimation_filterRN3hls6streamINS_4axisI8ap_fixedILi8ELi1EL9ap_q_mode5E_18_reg[2]/D
                            (rising edge-triggered cell FDRE clocked by ap_clk  {rise@0.000ns fall@5.000ns period=10.000ns})
  Path Group:             ap_clk
  Path Type:              Hold (Min at Fast Process Corner)
  Requirement:            0.000ns  (ap_clk rise@0.000ns - ap_clk rise@0.000ns)
  Data Path Delay:        0.242ns  (logic 0.186ns (76.826%)  route 0.056ns (23.173%))
  Logic Levels:           1  (LUT5=1)
  Clock Path Skew:        0.022ns (DCD - SCD - CPR)
    Destination Clock Delay (DCD):    0.432ns
    Source Clock Delay      (SCD):    0.410ns
    Clock Pessimism Removal (CPR):    -0.000ns

    Location             Delay type                Incr(ns)  Path(ns)    Netlist Resource(s)
  -------------------------------------------------------------------    -------------------
                         (clock ap_clk rise edge)     0.000     0.000 r  
                                                      0.000     0.000 r  ap_clk (IN)
                         net (fo=368, unset)          0.410     0.410    bd_0_i/hls_inst/inst/ap_clk
    SLICE_X31Y57         FDRE                                         r  bd_0_i/hls_inst/inst/p_ZZ21fir_decimation_filterRN3hls6streamINS_4axisI8ap_fixedILi8ELi1EL9ap_q_mode5E_3_reg[2]/C
  -------------------------------------------------------------------    -------------------
    SLICE_X31Y57         FDRE (Prop_fdre_C_Q)         0.141     0.551 r  bd_0_i/hls_inst/inst/p_ZZ21fir_decimation_filterRN3hls6streamINS_4axisI8ap_fixedILi8ELi1EL9ap_q_mode5E_3_reg[2]/Q
                         net (fo=1, routed)           0.056     0.607    bd_0_i/hls_inst/inst/mac_muladd_16s_8s_24s_25_4_1_U12/fir_decimation_filter_mac_muladd_16s_8s_24s_25_4_1_DSP48_1_U/m_reg_reg_0[2]
    SLICE_X30Y57         LUT5 (Prop_lut5_I4_O)        0.045     0.652 r  bd_0_i/hls_inst/inst/mac_muladd_16s_8s_24s_25_4_1_U12/fir_decimation_filter_mac_muladd_16s_8s_24s_25_4_1_DSP48_1_U/p_ZZ21fir_decimation_filterRN3hls6streamINS_4axisI8ap_fixedILi8ELi1EL9ap_q_mode5E_6[2]_i_1/O
                         net (fo=6, routed)           0.000     0.652    bd_0_i/hls_inst/inst/r_V_fu_388_p7[2]
    SLICE_X30Y57         FDRE                                         r  bd_0_i/hls_inst/inst/p_ZZ21fir_decimation_filterRN3hls6streamINS_4axisI8ap_fixedILi8ELi1EL9ap_q_mode5E_18_reg[2]/D
  -------------------------------------------------------------------    -------------------

                         (clock ap_clk rise edge)     0.000     0.000 r  
                                                      0.000     0.000 r  ap_clk (IN)
                         net (fo=368, unset)          0.432     0.432    bd_0_i/hls_inst/inst/ap_clk
    SLICE_X30Y57         FDRE                                         r  bd_0_i/hls_inst/inst/p_ZZ21fir_decimation_filterRN3hls6streamINS_4axisI8ap_fixedILi8ELi1EL9ap_q_mode5E_18_reg[2]/C
                         clock pessimism              0.000     0.432    
    SLICE_X30Y57         FDRE (Hold_fdre_C_D)         0.120     0.552    bd_0_i/hls_inst/inst/p_ZZ21fir_decimation_filterRN3hls6streamINS_4axisI8ap_fixedILi8ELi1EL9ap_q_mode5E_18_reg[2]
  -------------------------------------------------------------------
                         required time                         -0.552    
                         arrival time                           0.652    
  -------------------------------------------------------------------
                         slack                                  0.101    





Pulse Width Checks
--------------------------------------------------------------------------------------
Clock Name:         ap_clk
Waveform(ns):       { 0.000 5.000 }
Period(ns):         10.000
Sources:            { ap_clk }

Check Type        Corner  Lib Pin      Reference Pin  Required(ns)  Actual(ns)  Slack(ns)  Location      Pin
Min Period        n/a     DSP48E1/CLK  n/a            3.884         10.000      6.116      DSP48_X2Y22   bd_0_i/hls_inst/inst/mac_muladd_16s_8s_24s_25_4_1_U12/fir_decimation_filter_mac_muladd_16s_8s_24s_25_4_1_DSP48_1_U/m_reg_reg/CLK
Low Pulse Width   Slow    FDRE/C       n/a            0.500         5.000       4.500      SLICE_X34Y64  bd_0_i/hls_inst/inst/add_ln859_reg_771_reg[0]/C
High Pulse Width  Slow    FDRE/C       n/a            0.500         5.000       4.500      SLICE_X34Y64  bd_0_i/hls_inst/inst/add_ln859_reg_771_reg[0]/C



