Copyright 1986-2022 Xilinx, Inc. All Rights Reserved.
----------------------------------------------------------------------------------------------------------
| Tool Version : Vivado v.2022.1 (win64) Build 3526262 Mon Apr 18 15:48:16 MDT 2022
| Date         : Sat Sep 26 05:29:43 2026
| Host         : ndrswcy running 64-bit major release  (build 9200)
| Command      : report_timing -max_paths 10 -file ./report/fir_decimation_filter_timing_paths_routed.rpt
| Design       : bd_0_wrapper
| Device       : 7z020-clg400
| Speed File   : -1  PRODUCTION 1.12 2019-11-22
----------------------------------------------------------------------------------------------------------

Timing Report

Slack (MET) :             3.484ns  (required time - arrival time)
  Source:                 bd_0_i/hls_inst/inst/count_V_reg[1]/C
                            (rising edge-triggered cell FDRE clocked by ap_clk  {rise@0.000ns fall@5.000ns period=10.000ns})
  Destination:            bd_0_i/hls_inst/inst/mac_muladd_16s_8s_25s_25_4_1_U14/fir_decimation_filter_mac_muladd_16s_8s_25s_25_4_1_DSP48_2_U/p_reg_reg/B[0]
                            (rising edge-triggered cell DSP48E1 clocked by ap_clk  {rise@0.000ns fall@5.000ns period=10.000ns})
  Path Group:             ap_clk
  Path Type:              Setup (Max at Slow Process Corner)
  Requirement:            10.000ns  (ap_clk rise@10.000ns - ap_clk rise@0.000ns)
  Data Path Delay:        5.982ns  (logic 0.704ns (11.769%)  route 5.278ns (88.231%))
  Logic Levels:           2  (LUT5=1 LUT6=1)
  Clock Path Skew:        -0.049ns (DCD - SCD + CPR)
    Destination Clock Delay (DCD):    0.924ns = ( 10.924 - 10.000 ) 
    Source Clock Delay      (SCD):    0.973ns
    Clock Pessimism Removal (CPR):    0.000ns
  Clock Uncertainty:      0.035ns  ((TSJ^2 + TIJ^2)^1/2 + DJ) / 2 + PE
    Total System Jitter     (TSJ):    0.071ns
    Total Input Jitter      (TIJ):    0.000ns
    Discrete Jitter          (DJ):    0.000ns
    Phase Error              (PE):    0.000ns

    Location             Delay type                Incr(ns)  Path(ns)    Netlist Resource(s)
  -------------------------------------------------------------------    -------------------
                         (clock ap_clk rise edge)     0.000     0.000 r  
                                                      0.000     0.000 r  ap_clk (IN)
                         net (fo=368, unset)          0.973     0.973    bd_0_i/hls_inst/inst/ap_clk
    SLICE_X28Y65         FDRE                                         r  bd_0_i/hls_inst/inst/count_V_reg[1]/C
  -------------------------------------------------------------------    -------------------
    SLICE_X28Y65         FDRE (Prop_fdre_C_Q)         0.456     1.429 r  bd_0_i/hls_inst/inst/count_V_reg[1]/Q
                         net (fo=92, routed)          3.425     4.854    bd_0_i/hls_inst/inst/mac_muladd_16s_8s_25s_25_4_1_U14/fir_decimation_filter_mac_muladd_16s_8s_25s_25_4_1_DSP48_2_U/p_reg_reg_1
    SLICE_X33Y57         LUT6 (Prop_lut6_I3_O)        0.124     4.978 r  bd_0_i/hls_inst/inst/mac_muladd_16s_8s_25s_25_4_1_U14/fir_decimation_filter_mac_muladd_16s_8s_25s_25_4_1_DSP48_2_U/p_ZZ21fir_decimation_filterRN3hls6streamINS_4axisI8ap_fixedILi8ELi1EL9ap_q_mode5E_5[0]_i_2/O
                         net (fo=1, routed)           0.665     5.644    bd_0_i/hls_inst/inst/mac_muladd_16s_8s_25s_25_4_1_U14/fir_decimation_filter_mac_muladd_16s_8s_25s_25_4_1_DSP48_2_U/mux_2_0__0[0]
    SLICE_X33Y57         LUT5 (Prop_lut5_I0_O)        0.124     5.768 r  bd_0_i/hls_inst/inst/mac_muladd_16s_8s_25s_25_4_1_U14/fir_decimation_filter_mac_muladd_16s_8s_25s_25_4_1_DSP48_2_U/p_ZZ21fir_decimation_filterRN3hls6streamINS_4axisI8ap_fixedILi8ELi1EL9ap_q_mode5E_5[0]_i_1/O
                         net (fo=6, routed)           1.187     6.955    bd_0_i/hls_inst/inst/mac_muladd_16s_8s_25s_25_4_1_U14/fir_decimation_filter_mac_muladd_16s_8s_25s_25_4_1_DSP48_2_U/B[0]
    DSP48_X2Y24          DSP48E1                                      r  bd_0_i/hls_inst/inst/mac_muladd_16s_8s_25s_25_4_1_U14/fir_decimation_filter_mac_muladd_16s_8s_25s_25_4_1_DSP48_2_U/p_reg_reg/B[0]
  -------------------------------------------------------------------    -------------------

                         (clock ap_clk rise edge)    10.000    10.000 r  
                                                      0.000    10.000 r  ap_clk (IN)
                         net (fo=368, unset)          0.924    10.924    bd_0_i/hls_inst/inst/mac_muladd_16s_8s_25s_25_4_1_U14/fir_decimation_filter_mac_muladd_16s_8s_25s_25_4_1_DSP48_2_U/ap_clk
    DSP48_X2Y24          DSP48E1                                      r  bd_0_i/hls_inst/inst/mac_muladd_16s_8s_25s_25_4_1_U14/fir_decimation_filter_mac_muladd_16s_8s_25s_25_4_1_DSP48_2_U/p_reg_reg/CLK
                         clock pessimism              0.000    10.924    
                         clock uncertainty           -0.035    10.889    
    DSP48_X2Y24          DSP48E1 (Setup_dsp48e1_CLK_B[0])
                                                     -0.450    10.439    bd_0_i/hls_inst/inst/mac_muladd_16s_8s_25s_25_4_1_U14/fir_decimation_filter_mac_muladd_16s_8s_25s_25_4_1_DSP48_2_U/p_reg_reg
  -------------------------------------------------------------------
                         required time                         10.439    
                         arrival time                          -6.955    
  -------------------------------------------------------------------
                         slack                                  3.484    

Slack (MET) :             4.036ns  (required time - arrival time)
  Source:                 bd_0_i/hls_inst/inst/count_V_reg[1]/C
                            (rising edge-triggered cell FDRE clocked by ap_clk  {rise@0.000ns fall@5.000ns period=10.000ns})
  Destination:            bd_0_i/hls_inst/inst/mac_muladd_16s_8s_25s_25_4_1_U14/fir_decimation_filter_mac_muladd_16s_8s_25s_25_4_1_DSP48_2_U/p_reg_reg/B[3]
                            (rising edge-triggered cell DSP48E1 clocked by ap_clk  {rise@0.000ns fall@5.000ns period=10.000ns})
  Path Group:             ap_clk
  Path Type:              Setup (Max at Slow Process Corner)
  Requirement:            10.000ns  (ap_clk rise@10.000ns - ap_clk rise@0.000ns)
  Data Path Delay:        5.430ns  (logic 0.704ns (12.965%)  route 4.726ns (87.035%))
  Logic Levels:           2  (LUT5=1 LUT6=1)
  Clock Path Skew:        -0.049ns (DCD - SCD + CPR)
    Destination Clock Delay (DCD):    0.924ns = ( 10.924 - 10.000 ) 
    Source Clock Delay      (SCD):    0.973ns
    Clock Pessimism Removal (CPR):    0.000ns
  Clock Uncertainty:      0.035ns  ((TSJ^2 + TIJ^2)^1/2 + DJ) / 2 + PE
    Total System Jitter     (TSJ):    0.071ns
    Total Input Jitter      (TIJ):    0.000ns
    Discrete Jitter          (DJ):    0.000ns
    Phase Error              (PE):    0.000ns

    Location             Delay type                Incr(ns)  Path(ns)    Netlist Resource(s)
  -------------------------------------------------------------------    -------------------
                         (clock ap_clk rise edge)     0.000     0.000 r  
                                                      0.000     0.000 r  ap_clk (IN)
                         net (fo=368, unset)          0.973     0.973    bd_0_i/hls_inst/inst/ap_clk
    SLICE_X28Y65         FDRE                                         r  bd_0_i/hls_inst/inst/count_V_reg[1]/C
  -------------------------------------------------------------------    -------------------
    SLICE_X28Y65         FDRE (Prop_fdre_C_Q)         0.456     1.429 r  bd_0_i/hls_inst/inst/count_V_reg[1]/Q
                         net (fo=92, routed)          3.424     4.853    bd_0_i/hls_inst/inst/mac_muladd_16s_8s_25s_25_4_1_U14/fir_decimation_filter_mac_muladd_16s_8s_25s_25_4_1_DSP48_2_U/p_reg_reg_1
    SLICE_X33Y57         LUT6 (Prop_lut6_I3_O)        0.124     4.977 r  bd_0_i/hls_inst/inst/mac_muladd_16s_8s_25s_25_4_1_U14/fir_decimation_filter_mac_muladd_16s_8s_25s_25_4_1_DSP48_2_U/p_ZZ21fir_decimation_filterRN3hls6streamINS_4axisI8ap_fixedILi8ELi1EL9ap_q_mode5E_5[3]_i_2/O
                         net (fo=1, routed)           0.154     5.131    bd_0_i/hls_inst/inst/mac_muladd_16s_8s_25s_25_4_1_U14/fir_decimation_filter_mac_muladd_16s_8s_25s_25_4_1_DSP48_2_U/mux_2_0__0[3]
    SLICE_X33Y57         LUT5 (Prop_lut5_I0_O)        0.124     5.255 r  bd_0_i/hls_inst/inst/mac_muladd_16s_8s_25s_25_4_1_U14/fir_decimation_filter_mac_muladd_16s_8s_25s_25_4_1_DSP48_2_U/p_ZZ21fir_decimation_filterRN3hls6streamINS_4axisI8ap_fixedILi8ELi1EL9ap_q_mode5E_5[3]_i_1/O
                         net (fo=6, routed)           1.148     6.403    bd_0_i/hls_inst/inst/mac_muladd_16s_8s_25s_25_4_1_U14/fir_decimation_filter_mac_muladd_16s_8s_25s_25_4_1_DSP48_2_U/B[3]
    DSP48_X2Y24          DSP48E1                                      r  bd_0_i/hls_inst/inst/mac_muladd_16s_8s_25s_25_4_1_U14/fir_decimation_filter_mac_muladd_16s_8s_25s_25_4_1_DSP48_2_U/p_reg_reg/B[3]
  -------------------------------------------------------------------    -------------------

                         (clock ap_clk rise edge)    10.000    10.000 r  
                                                      0.000    10.000 r  ap_clk (IN)
                         net (fo=368, unset)          0.924    10.924    bd_0_i/hls_inst/inst/mac_muladd_16s_8s_25s_25_4_1_U14/fir_decimation_filter_mac_muladd_16s_8s_25s_25_4_1_DSP48_2_U/ap_clk
    DSP48_X2Y24          DSP48E1                                      r  bd_0_i/hls_inst/inst/mac_muladd_16s_8s_25s_25_4_1_U14/fir_decimation_filter_mac_muladd_16s_8s_25s_25_4_1_DSP48_2_U/p_reg_reg/CLK
                         clock pessimism              0.000    10.924    
                         clock uncertainty           -0.035    10.889    
    DSP48_X2Y24          DSP48E1 (Setup_dsp48e1_CLK_B[3])
                                                     -0.450    10.439    bd_0_i/hls_inst/inst/mac_muladd_16s_8s_25s_25_4_1_U14/fir_decimation_filter_mac_muladd_16s_8s_25s_25_4_1_DSP48_2_U/p_reg_reg
  -------------------------------------------------------------------
                         required time                         10.439    
                         arrival time                          -6.403    
  -------------------------------------------------------------------
                         slack                                  4.036    

Slack (MET) :             4.123ns  (required time - arrival time)
  Source:                 bd_0_i/hls_inst/inst/count_V_reg[1]/C
                            (rising edge-triggered cell FDRE clocked by ap_clk  {rise@0.000ns fall@5.000ns period=10.000ns})
  Destination:            bd_0_i/hls_inst/inst/p_ZZ21fir_decimation_filterRN3hls6streamINS_4axisI8ap_fixedILi8ELi1EL9ap_q_mode5E_5_reg[0]/D
                            (rising edge-triggered cell FDRE clocked by ap_clk  {rise@0.000ns fall@5.000ns period=10.000ns})
  Path Group:             ap_clk
  Path Type:              Setup (Max at Slow Process Corner)
  Requirement:            10.000ns  (ap_clk rise@10.000ns - ap_clk rise@0.000ns)
  Data Path Delay:        5.762ns  (logic 0.704ns (12.218%)  route 5.058ns (87.782%))
  Logic Levels:           2  (LUT5=1 LUT6=1)
  Clock Path Skew:        -0.049ns (DCD - SCD + CPR)
    Destination Clock Delay (DCD):    0.924ns = ( 10.924 - 10.000 ) 
    Source Clock Delay      (SCD):    0.973ns
    Clock Pessimism Removal (CPR):    0.000ns
  Clock Uncertainty:      0.035ns  ((TSJ^2 + TIJ^2)^1/2 + DJ) / 2 + PE
    Total System Jitter     (TSJ):    0.071ns
    Total Input Jitter      (TIJ):    0.000ns
    Discrete Jitter          (DJ):    0.000ns
    Phase Error              (PE):    0.000ns

    Location             Delay type                Incr(ns)  Path(ns)    Netlist Resource(s)
  -------------------------------------------------------------------    -------------------
                         (clock ap_clk rise edge)     0.000     0.000 r  
                                                      0.000     0.000 r  ap_clk (IN)
                         net (fo=368, unset)          0.973     0.973    bd_0_i/hls_inst/inst/ap_clk
    SLICE_X28Y65         FDRE                                         r  bd_0_i/hls_inst/inst/count_V_reg[1]/C
  -------------------------------------------------------------------    -------------------
    SLICE_X28Y65         FDRE (Prop_fdre_C_Q)         0.456     1.429 r  bd_0_i/hls_inst/inst/count_V_reg[1]/Q
                         net (fo=92, routed)          3.425     4.854    bd_0_i/hls_inst/inst/mac_muladd_16s_8s_25s_25_4_1_U14/fir_decimation_filter_mac_muladd_16s_8s_25s_25_4_1_DSP48_2_U/p_reg_reg_1
    SLICE_X33Y57         LUT6 (Prop_lut6_I3_O)        0.124     4.978 r  bd_0_i/hls_inst/inst/mac_muladd_16s_8s_25s_25_4_1_U14/fir_decimation_filter_mac_muladd_16s_8s_25s_25_4_1_DSP48_2_U/p_ZZ21fir_decimation_filterRN3hls6streamINS_4axisI8ap_fixedILi8ELi1EL9ap_q_mode5E_5[0]_i_2/O
                         net (fo=1, routed)           0.665     5.644    bd_0_i/hls_inst/inst/mac_muladd_16s_8s_25s_25_4_1_U14/fir_decimation_filter_mac_muladd_16s_8s_25s_25_4_1_DSP48_2_U/mux_2_0__0[0]
    SLICE_X33Y57         LUT5 (Prop_lut5_I0_O)        0.124     5.768 r  bd_0_i/hls_inst/inst/mac_muladd_16s_8s_25s_25_4_1_U14/fir_decimation_filter_mac_muladd_16s_8s_25s_25_4_1_DSP48_2_U/p_ZZ21fir_decimation_filterRN3hls6streamINS_4axisI8ap_fixedILi8ELi1EL9ap_q_mode5E_5[0]_i_1/O
                         net (fo=6, routed)           0.967     6.735    bd_0_i/hls_inst/inst/r_V_3_fu_322_p7[0]
    SLICE_X38Y58         FDRE                                         r  bd_0_i/hls_inst/inst/p_ZZ21fir_decimation_filterRN3hls6streamINS_4axisI8ap_fixedILi8ELi1EL9ap_q_mode5E_5_reg[0]/D
  -------------------------------------------------------------------    -------------------

                         (clock ap_clk rise edge)    10.000    10.000 r  
                                                      0.000    10.000 r  ap_clk (IN)
                         net (fo=368, unset)          0.924    10.924    bd_0_i/hls_inst/inst/ap_clk
    SLICE_X38Y58         FDRE                                         r  bd_0_i/hls_inst/inst/p_ZZ21fir_decimation_filterRN3hls6streamINS_4axisI8ap_fixedILi8ELi1EL9ap_q_mode5E_5_reg[0]/C
                         clock pessimism              0.000    10.924    
                         clock uncertainty           -0.035    10.889    
    SLICE_X38Y58         FDRE (Setup_fdre_C_D)       -0.031    10.858    bd_0_i/hls_inst/inst/p_ZZ21fir_decimation_filterRN3hls6streamINS_4axisI8ap_fixedILi8ELi1EL9ap_q_mode5E_5_reg[0]
  -------------------------------------------------------------------
                         required time                         10.858    
                         arrival time                          -6.735    
  -------------------------------------------------------------------
                         slack                                  4.123    

Slack (MET) :             4.127ns  (required time - arrival time)
  Source:                 bd_0_i/hls_inst/inst/count_V_reg[1]/C
                            (rising edge-triggered cell FDRE clocked by ap_clk  {rise@0.000ns fall@5.000ns period=10.000ns})
  Destination:            bd_0_i/hls_inst/inst/p_ZZ21fir_decimation_filterRN3hls6streamINS_4axisI8ap_fixedILi8ELi1EL9ap_q_mode5E_1_reg[0]/D
                            (rising edge-triggered cell FDRE clocked by ap_clk  {rise@0.000ns fall@5.000ns period=10.000ns})
  Path Group:             ap_clk
  Path Type:              Setup (Max at Slow Process Corner)
  Requirement:            10.000ns  (ap_clk rise@10.000ns - ap_clk rise@0.000ns)
  Data Path Delay:        5.757ns  (logic 0.704ns (12.228%)  route 5.053ns (87.772%))
  Logic Levels:           2  (LUT5=1 LUT6=1)
  Clock Path Skew:        -0.049ns (DCD - SCD + CPR)
    Destination Clock Delay (DCD):    0.924ns = ( 10.924 - 10.000 ) 
    Source Clock Delay      (SCD):    0.973ns
    Clock Pessimism Removal (CPR):    0.000ns
  Clock Uncertainty:      0.035ns  ((TSJ^2 + TIJ^2)^1/2 + DJ) / 2 + PE
    Total System Jitter     (TSJ):    0.071ns
    Total Input Jitter      (TIJ):    0.000ns
    Discrete Jitter          (DJ):    0.000ns
    Phase Error              (PE):    0.000ns

    Location             Delay type                Incr(ns)  Path(ns)    Netlist Resource(s)
  -------------------------------------------------------------------    -------------------
                         (clock ap_clk rise edge)     0.000     0.000 r  
                                                      0.000     0.000 r  ap_clk (IN)
                         net (fo=368, unset)          0.973     0.973    bd_0_i/hls_inst/inst/ap_clk
    SLICE_X28Y65         FDRE                                         r  bd_0_i/hls_inst/inst/count_V_reg[1]/C
  -------------------------------------------------------------------    -------------------
    SLICE_X28Y65         FDRE (Prop_fdre_C_Q)         0.456     1.429 r  bd_0_i/hls_inst/inst/count_V_reg[1]/Q
                         net (fo=92, routed)          3.425     4.854    bd_0_i/hls_inst/inst/mac_muladd_16s_8s_25s_25_4_1_U14/fir_decimation_filter_mac_muladd_16s_8s_25s_25_4_1_DSP48_2_U/p_reg_reg_1
    SLICE_X33Y57         LUT6 (Prop_lut6_I3_O)        0.124     4.978 r  bd_0_i/hls_inst/inst/mac_muladd_16s_8s_25s_25_4_1_U14/fir_decimation_filter_mac_muladd_16s_8s_25s_25_4_1_DSP48_2_U/p_ZZ21fir_decimation_filterRN3hls6streamINS_4axisI8ap_fixedILi8ELi1EL9ap_q_mode5E_5[0]_i_2/O
                         net (fo=1, routed)           0.665     5.644    bd_0_i/hls_inst/inst/mac_muladd_16s_8s_25s_25_4_1_U14/fir_decimation_filter_mac_muladd_16s_8s_25s_25_4_1_DSP48_2_U/mux_2_0__0[0]
    SLICE_X33Y57         LUT5 (Prop_lut5_I0_O)        0.124     5.768 r  bd_0_i/hls_inst/inst/mac_muladd_16s_8s_25s_25_4_1_U14/fir_decimation_filter_mac_muladd_16s_8s_25s_25_4_1_DSP48_2_U/p_ZZ21fir_decimation_filterRN3hls6streamINS_4axisI8ap_fixedILi8ELi1EL9ap_q_mode5E_5[0]_i_1/O
                         net (fo=6, routed)           0.963     6.730    bd_0_i/hls_inst/inst/r_V_3_fu_322_p7[0]
    SLICE_X36Y60         FDRE                                         r  bd_0_i/hls_inst/inst/p_ZZ21fir_decimation_filterRN3hls6streamINS_4axisI8ap_fixedILi8ELi1EL9ap_q_mode5E_1_reg[0]/D
  -------------------------------------------------------------------    -------------------

                         (clock ap_clk rise edge)    10.000    10.000 r  
                                                      0.000    10.000 r  ap_clk (IN)
                         net (fo=368, unset)          0.924    10.924    bd_0_i/hls_inst/inst/ap_clk
    SLICE_X36Y60         FDRE                                         r  bd_0_i/hls_inst/inst/p_ZZ21fir_decimation_filterRN3hls6streamINS_4axisI8ap_fixedILi8ELi1EL9ap_q_mode5E_1_reg[0]/C
                         clock pessimism              0.000    10.924    
                         clock uncertainty           -0.035    10.889    
    SLICE_X36Y60         FDRE (Setup_fdre_C_D)       -0.031    10.858    bd_0_i/hls_inst/inst/p_ZZ21fir_decimation_filterRN3hls6streamINS_4axisI8ap_fixedILi8ELi1EL9ap_q_mode5E_1_reg[0]
  -------------------------------------------------------------------
                         required time                         10.858    
                         arrival time                          -6.730    
  -------------------------------------------------------------------
                         slack                                  4.127    

Slack (MET) :             4.131ns  (required time - arrival time)
  Source:                 bd_0_i/hls_inst/inst/count_V_reg[0]/C
                            (rising edge-triggered cell FDRE clocked by ap_clk  {rise@0.000ns fall@5.000ns period=10.000ns})
  Destination:            bd_0_i/hls_inst/inst/mac_muladd_16s_8s_24s_25_4_1_U12/fir_decimation_filter_mac_muladd_16s_8s_24s_25_4_1_DSP48_1_U/m_reg_reg/B[10]
                            (rising edge-triggered cell DSP48E1 clocked by ap_clk  {rise@0.000ns fall@5.000ns period=10.000ns})
  Path Group:             ap_clk
  Path Type:              Setup (Max at Slow Process Corner)
  Requirement:            10.000ns  (ap_clk rise@10.000ns - ap_clk rise@0.000ns)
  Data Path Delay:        5.335ns  (logic 0.704ns (13.196%)  route 4.631ns (86.804%))
  Logic Levels:           2  (LUT5=1 LUT6=1)
  Clock Path Skew:        -0.049ns (DCD - SCD + CPR)
    Destination Clock Delay (DCD):    0.924ns = ( 10.924 - 10.000 ) 
    Source Clock Delay      (SCD):    0.973ns
    Clock Pessimism Removal (CPR):    0.000ns
  Clock Uncertainty:      0.035ns  ((TSJ^2 + TIJ^2)^1/2 + DJ) / 2 + PE
    Total System Jitter     (TSJ):    0.071ns
    Total Input Jitter      (TIJ):    0.000ns
    Discrete Jitter          (DJ):    0.000ns
    Phase Error              (PE):    0.000ns

    Location             Delay type                Incr(ns)  Path(ns)    Netlist Resource(s)
  -------------------------------------------------------------------    -------------------
                         (clock ap_clk rise edge)     0.000     0.000 r  
                                                      0.000     0.000 r  ap_clk (IN)
                         net (fo=368, unset)          0.973     0.973    bd_0_i/hls_inst/inst/ap_clk
    SLICE_X28Y65         FDRE                                         r  bd_0_i/hls_inst/inst/count_V_reg[0]/C
  -------------------------------------------------------------------    -------------------
    SLICE_X28Y65         FDRE (Prop_fdre_C_Q)         0.456     1.429 r  bd_0_i/hls_inst/inst/count_V_reg[0]/Q
                         net (fo=92, routed)          2.443     3.872    bd_0_i/hls_inst/inst/mac_muladd_16s_8s_24s_25_4_1_U12/fir_decimation_filter_mac_muladd_16s_8s_24s_25_4_1_DSP48_1_U/p_reg_reg_3
    SLICE_X29Y60         LUT6 (Prop_lut6_I2_O)        0.124     3.996 r  bd_0_i/hls_inst/inst/mac_muladd_16s_8s_24s_25_4_1_U12/fir_decimation_filter_mac_muladd_16s_8s_24s_25_4_1_DSP48_1_U/p_ZZ21fir_decimation_filterRN3hls6streamINS_4axisI8ap_fixedILi8ELi1EL9ap_q_mode5E_6[7]_i_2/O
                         net (fo=1, routed)           0.294     4.290    bd_0_i/hls_inst/inst/mac_muladd_16s_8s_24s_25_4_1_U12/fir_decimation_filter_mac_muladd_16s_8s_24s_25_4_1_DSP48_1_U/mux_2_0[7]
    SLICE_X29Y61         LUT5 (Prop_lut5_I0_O)        0.124     4.414 r  bd_0_i/hls_inst/inst/mac_muladd_16s_8s_24s_25_4_1_U12/fir_decimation_filter_mac_muladd_16s_8s_24s_25_4_1_DSP48_1_U/p_ZZ21fir_decimation_filterRN3hls6streamINS_4axisI8ap_fixedILi8ELi1EL9ap_q_mode5E_6[7]_i_1/O
                         net (fo=16, routed)          1.893     6.308    bd_0_i/hls_inst/inst/mac_muladd_16s_8s_24s_25_4_1_U12/fir_decimation_filter_mac_muladd_16s_8s_24s_25_4_1_DSP48_1_U/B[7]
    DSP48_X2Y22          DSP48E1                                      r  bd_0_i/hls_inst/inst/mac_muladd_16s_8s_24s_25_4_1_U12/fir_decimation_filter_mac_muladd_16s_8s_24s_25_4_1_DSP48_1_U/m_reg_reg/B[10]
  -------------------------------------------------------------------    -------------------

                         (clock ap_clk rise edge)    10.000    10.000 r  
                                                      0.000    10.000 r  ap_clk (IN)
                         net (fo=368, unset)          0.924    10.924    bd_0_i/hls_inst/inst/mac_muladd_16s_8s_24s_25_4_1_U12/fir_decimation_filter_mac_muladd_16s_8s_24s_25_4_1_DSP48_1_U/ap_clk
    DSP48_X2Y22          DSP48E1                                      r  bd_0_i/hls_inst/inst/mac_muladd_16s_8s_24s_25_4_1_U12/fir_decimation_filter_mac_muladd_16s_8s_24s_25_4_1_DSP48_1_U/m_reg_reg/CLK
                         clock pessimism              0.000    10.924    
                         clock uncertainty           -0.035    10.889    
    DSP48_X2Y22          DSP48E1 (Setup_dsp48e1_CLK_B[10])
                                                     -0.450    10.439    bd_0_i/hls_inst/inst/mac_muladd_16s_8s_24s_25_4_1_U12/fir_decimation_filter_mac_muladd_16s_8s_24s_25_4_1_DSP48_1_U/m_reg_reg
  -------------------------------------------------------------------
                         required time                         10.439    
                         arrival time                          -6.308    
  -------------------------------------------------------------------
                         slack                                  4.131    

Slack (MET) :             4.145ns  (required time - arrival time)
  Source:                 bd_0_i/hls_inst/inst/count_V_reg[0]/C
                            (rising edge-triggered cell FDRE clocked by ap_clk  {rise@0.000ns fall@5.000ns period=10.000ns})
  Destination:            bd_0_i/hls_inst/inst/mac_muladd_16s_8s_24s_25_4_1_U12/fir_decimation_filter_mac_muladd_16s_8s_24s_25_4_1_DSP48_1_U/m_reg_reg/B[8]
                            (rising edge-triggered cell DSP48E1 clocked by ap_clk  {rise@0.000ns fall@5.000ns period=10.000ns})
  Path Group:             ap_clk
  Path Type:              Setup (Max at Slow Process Corner)
  Requirement:            10.000ns  (ap_clk rise@10.000ns - ap_clk rise@0.000ns)
  Data Path Delay:        5.321ns  (logic 0.704ns (13.231%)  route 4.617ns (86.769%))
  Logic Levels:           2  (LUT5=1 LUT6=1)
  Clock Path Skew:        -0.049ns (DCD - SCD + CPR)
    Destination Clock Delay (DCD):    0.924ns = ( 10.924 - 10.000 ) 
    Source Clock Delay      (SCD):    0.973ns
    Clock Pessimism Removal (CPR):    0.000ns
  Clock Uncertainty:      0.035ns  ((TSJ^2 + TIJ^2)^1/2 + DJ) / 2 + PE
    Total System Jitter     (TSJ):    0.071ns
    Total Input Jitter      (TIJ):    0.000ns
    Discrete Jitter          (DJ):    0.000ns
    Phase Error              (PE):    0.000ns

    Location             Delay type                Incr(ns)  Path(ns)    Netlist Resource(s)
  -------------------------------------------------------------------    -------------------
                         (clock ap_clk rise edge)     0.000     0.000 r  
                                                      0.000     0.000 r  ap_clk (IN)
                         net (fo=368, unset)          0.973     0.973    bd_0_i/hls_inst/inst/ap_clk
    SLICE_X28Y65         FDRE                                         r  bd_0_i/hls_inst/inst/count_V_reg[0]/C
  -------------------------------------------------------------------    -------------------
    SLICE_X28Y65         FDRE (Prop_fdre_C_Q)         0.456     1.429 r  bd_0_i/hls_inst/inst/count_V_reg[0]/Q
                         net (fo=92, routed)          2.443     3.872    bd_0_i/hls_inst/inst/mac_muladd_16s_8s_24s_25_4_1_U12/fir_decimation_filter_mac_muladd_16s_8s_24s_25_4_1_DSP48_1_U/p_reg_reg_3
    SLICE_X29Y60         LUT6 (Prop_lut6_I2_O)        0.124     3.996 r  bd_0_i/hls_inst/inst/mac_muladd_16s_8s_24s_25_4_1_U12/fir_decimation_filter_mac_muladd_16s_8s_24s_25_4_1_DSP48_1_U/p_ZZ21fir_decimation_filterRN3hls6streamINS_4axisI8ap_fixedILi8ELi1EL9ap_q_mode5E_6[7]_i_2/O
                         net (fo=1, routed)           0.294     4.290    bd_0_i/hls_inst/inst/mac_muladd_16s_8s_24s_25_4_1_U12/fir_decimation_filter_mac_muladd_16s_8s_24s_25_4_1_DSP48_1_U/mux_2_0[7]
    SLICE_X29Y61         LUT5 (Prop_lut5_I0_O)        0.124     4.414 r  bd_0_i/hls_inst/inst/mac_muladd_16s_8s_24s_25_4_1_U12/fir_decimation_filter_mac_muladd_16s_8s_24s_25_4_1_DSP48_1_U/p_ZZ21fir_decimation_filterRN3hls6streamINS_4axisI8ap_fixedILi8ELi1EL9ap_q_mode5E_6[7]_i_1/O
                         net (fo=16, routed)          1.879     6.294    bd_0_i/hls_inst/inst/mac_muladd_16s_8s_24s_25_4_1_U12/fir_decimation_filter_mac_muladd_16s_8s_24s_25_4_1_DSP48_1_U/B[7]
    DSP48_X2Y22          DSP48E1                                      r  bd_0_i/hls_inst/inst/mac_muladd_16s_8s_24s_25_4_1_U12/fir_decimation_filter_mac_muladd_16s_8s_24s_25_4_1_DSP48_1_U/m_reg_reg/B[8]
  -------------------------------------------------------------------    -------------------

                         (clock ap_clk rise edge)    10.000    10.000 r  
                                                      0.000    10.000 r  ap_clk (IN)
                         net (fo=368, unset)          0.924    10.924    bd_0_i/hls_inst/inst/mac_muladd_16s_8s_24s_25_4_1_U12/fir_decimation_filter_mac_muladd_16s_8s_24s_25_4_1_DSP48_1_U/ap_clk
    DSP48_X2Y22          DSP48E1                                      r  bd_0_i/hls_inst/inst/mac_muladd_16s_8s_24s_25_4_1_U12/fir_decimation_filter_mac_muladd_16s_8s_24s_25_4_1_DSP48_1_U/m_reg_reg/CLK
                         clock pessimism              0.000    10.924    
                         clock uncertainty           -0.035    10.889    
    DSP48_X2Y22          DSP48E1 (Setup_dsp48e1_CLK_B[8])
                                                     -0.450    10.439    bd_0_i/hls_inst/inst/mac_muladd_16s_8s_24s_25_4_1_U12/fir_decimation_filter_mac_muladd_16s_8s_24s_25_4_1_DSP48_1_U/m_reg_reg
  -------------------------------------------------------------------
                         required time                         10.439    
                         arrival time                          -6.294    
  -------------------------------------------------------------------
                         slack                                  4.145    

Slack (MET) :             4.148ns  (required time - arrival time)
  Source:                 bd_0_i/hls_inst/inst/count_V_reg[0]/C
                            (rising edge-triggered cell FDRE clocked by ap_clk  {rise@0.000ns fall@5.000ns period=10.000ns})
  Destination:            bd_0_i/hls_inst/inst/mac_muladd_16s_8s_24s_25_4_1_U13/fir_decimation_filter_mac_muladd_16s_8s_24s_25_4_1_DSP48_1_U/p_reg_reg/B[16]
                            (rising edge-triggered cell DSP48E1 clocked by ap_clk  {rise@0.000ns fall@5.000ns period=10.000ns})
  Path Group:             ap_clk
  Path Type:              Setup (Max at Slow Process Corner)
  Requirement:            10.000ns  (ap_clk rise@10.000ns - ap_clk rise@0.000ns)
  Data Path Delay:        5.318ns  (logic 0.704ns (13.239%)  route 4.614ns (86.761%))
  Logic Levels:           2  (LUT5=1 LUT6=1)
  Clock Path Skew:        -0.049ns (DCD - SCD + CPR)
    Destination Clock Delay (DCD):    0.924ns = ( 10.924 - 10.000 ) 
    Source Clock Delay      (SCD):    0.973ns
    Clock Pessimism Removal (CPR):    0.000ns
  Clock Uncertainty:      0.035ns  ((TSJ^2 + TIJ^2)^1/2 + DJ) / 2 + PE
    Total System Jitter     (TSJ):    0.071ns
    Total Input Jitter      (TIJ):    0.000ns
    Discrete Jitter          (DJ):    0.000ns
    Phase Error              (PE):    0.000ns

    Location             Delay type                Incr(ns)  Path(ns)    Netlist Resource(s)
  -------------------------------------------------------------------    -------------------
                         (clock ap_clk rise edge)     0.000     0.000 r  
                                                      0.000     0.000 r  ap_clk (IN)
                         net (fo=368, unset)          0.973     0.973    bd_0_i/hls_inst/inst/ap_clk
    SLICE_X28Y65         FDRE                                         r  bd_0_i/hls_inst/inst/count_V_reg[0]/C
  -------------------------------------------------------------------    -------------------
    SLICE_X28Y65         FDRE (Prop_fdre_C_Q)         0.456     1.429 r  bd_0_i/hls_inst/inst/count_V_reg[0]/Q
                         net (fo=92, routed)          2.261     3.690    bd_0_i/hls_inst/inst/mac_muladd_16s_8s_24s_25_4_1_U13/fir_decimation_filter_mac_muladd_16s_8s_24s_25_4_1_DSP48_1_U/p_reg_reg_2
    SLICE_X33Y62         LUT6 (Prop_lut6_I2_O)        0.124     3.814 r  bd_0_i/hls_inst/inst/mac_muladd_16s_8s_24s_25_4_1_U13/fir_decimation_filter_mac_muladd_16s_8s_24s_25_4_1_DSP48_1_U/p_ZZ21fir_decimation_filterRN3hls6streamINS_4axisI8ap_fixedILi8ELi1EL9ap_q_mode5E_4[7]_i_2/O
                         net (fo=1, routed)           0.577     4.391    bd_0_i/hls_inst/inst/mac_muladd_16s_8s_24s_25_4_1_U13/fir_decimation_filter_mac_muladd_16s_8s_24s_25_4_1_DSP48_1_U/mux_2_0__1[7]
    SLICE_X35Y62         LUT5 (Prop_lut5_I0_O)        0.124     4.515 r  bd_0_i/hls_inst/inst/mac_muladd_16s_8s_24s_25_4_1_U13/fir_decimation_filter_mac_muladd_16s_8s_24s_25_4_1_DSP48_1_U/p_ZZ21fir_decimation_filterRN3hls6streamINS_4axisI8ap_fixedILi8ELi1EL9ap_q_mode5E_4[7]_i_1/O
                         net (fo=16, routed)          1.775     6.291    bd_0_i/hls_inst/inst/mac_muladd_16s_8s_24s_25_4_1_U13/fir_decimation_filter_mac_muladd_16s_8s_24s_25_4_1_DSP48_1_U/B[7]
    DSP48_X2Y27          DSP48E1                                      r  bd_0_i/hls_inst/inst/mac_muladd_16s_8s_24s_25_4_1_U13/fir_decimation_filter_mac_muladd_16s_8s_24s_25_4_1_DSP48_1_U/p_reg_reg/B[16]
  -------------------------------------------------------------------    -------------------

                         (clock ap_clk rise edge)    10.000    10.000 r  
                                                      0.000    10.000 r  ap_clk (IN)
                         net (fo=368, unset)          0.924    10.924    bd_0_i/hls_inst/inst/mac_muladd_16s_8s_24s_25_4_1_U13/fir_decimation_filter_mac_muladd_16s_8s_24s_25_4_1_DSP48_1_U/ap_clk
    DSP48_X2Y27          DSP48E1                                      r  bd_0_i/hls_inst/inst/mac_muladd_16s_8s_24s_25_4_1_U13/fir_decimation_filter_mac_muladd_16s_8s_24s_25_4_1_DSP48_1_U/p_reg_reg/CLK
                         clock pessimism              0.000    10.924    
                         clock uncertainty           -0.035    10.889    
    DSP48_X2Y27          DSP48E1 (Setup_dsp48e1_CLK_B[16])
                                                     -0.450    10.439    bd_0_i/hls_inst/inst/mac_muladd_16s_8s_24s_25_4_1_U13/fir_decimation_filter_mac_muladd_16s_8s_24s_25_4_1_DSP48_1_U/p_reg_reg
  -------------------------------------------------------------------
                         required time                         10.439    
                         arrival time                          -6.291    
  -------------------------------------------------------------------
                         slack                                  4.148    

Slack (MET) :             4.148ns  (required time - arrival time)
  Source:                 bd_0_i/hls_inst/inst/count_V_reg[0]/C
                            (rising edge-triggered cell FDRE clocked by ap_clk  {rise@0.000ns fall@5.000ns period=10.000ns})
  Destination:            bd_0_i/hls_inst/inst/mac_muladd_16s_8s_24s_25_4_1_U13/fir_decimation_filter_mac_muladd_16s_8s_24s_25_4_1_DSP48_1_U/p_reg_reg/B[17]
                            (rising edge-triggered cell DSP48E1 clocked by ap_clk  {rise@0.000ns fall@5.000ns period=10.000ns})
  Path Group:             ap_clk
  Path Type:              Setup (Max at Slow Process Corner)
  Requirement:            10.000ns  (ap_clk rise@10.000ns - ap_clk rise@0.000ns)
  Data Path Delay:        5.318ns  (logic 0.704ns (13.239%)  route 4.614ns (86.761%))
  Logic Levels:           2  (LUT5=1 LUT6=1)
  Clock Path Skew:        -0.049ns (DCD - SCD + CPR)
    Destination Clock Delay (DCD):    0.924ns = ( 10.924 - 10.000 ) 
    Source Clock Delay      (SCD):    0.973ns
    Clock Pessimism Removal (CPR):    0.000ns
  Clock Uncertainty:      0.035ns  ((TSJ^2 + TIJ^2)^1/2 + DJ) / 2 + PE
    Total System Jitter     (TSJ):    0.071ns
    Total Input Jitter      (TIJ):    0.000ns
    Discrete Jitter          (DJ):    0.000ns
    Phase Error              (PE):    0.000ns

    Location             Delay type                Incr(ns)  Path(ns)    Netlist Resource(s)
  -------------------------------------------------------------------    -------------------
                         (clock ap_clk rise edge)     0.000     0.000 r  
                                                      0.000     0.000 r  ap_clk (IN)
                         net (fo=368, unset)          0.973     0.973    bd_0_i/hls_inst/inst/ap_clk
    SLICE_X28Y65         FDRE                                         r  bd_0_i/hls_inst/inst/count_V_reg[0]/C
  -------------------------------------------------------------------    -------------------
    SLICE_X28Y65         FDRE (Prop_fdre_C_Q)         0.456     1.429 r  bd_0_i/hls_inst/inst/count_V_reg[0]/Q
                         net (fo=92, routed)          2.261     3.690    bd_0_i/hls_inst/inst/mac_muladd_16s_8s_24s_25_4_1_U13/fir_decimation_filter_mac_muladd_16s_8s_24s_25_4_1_DSP48_1_U/p_reg_reg_2
    SLICE_X33Y62         LUT6 (Prop_lut6_I2_O)        0.124     3.814 r  bd_0_i/hls_inst/inst/mac_muladd_16s_8s_24s_25_4_1_U13/fir_decimation_filter_mac_muladd_16s_8s_24s_25_4_1_DSP48_1_U/p_ZZ21fir_decimation_filterRN3hls6streamINS_4axisI8ap_fixedILi8ELi1EL9ap_q_mode5E_4[7]_i_2/O
                         net (fo=1, routed)           0.577     4.391    bd_0_i/hls_inst/inst/mac_muladd_16s_8s_24s_25_4_1_U13/fir_decimation_filter_mac_muladd_16s_8s_24s_25_4_1_DSP48_1_U/mux_2_0__1[7]
    SLICE_X35Y62         LUT5 (Prop_lut5_I0_O)        0.124     4.515 r  bd_0_i/hls_inst/inst/mac_muladd_16s_8s_24s_25_4_1_U13/fir_decimation_filter_mac_muladd_16s_8s_24s_25_4_1_DSP48_1_U/p_ZZ21fir_decimation_filterRN3hls6streamINS_4axisI8ap_fixedILi8ELi1EL9ap_q_mode5E_4[7]_i_1/O
                         net (fo=16, routed)          1.775     6.291    bd_0_i/hls_inst/inst/mac_muladd_16s_8s_24s_25_4_1_U13/fir_decimation_filter_mac_muladd_16s_8s_24s_25_4_1_DSP48_1_U/B[7]
    DSP48_X2Y27          DSP48E1                                      r  bd_0_i/hls_inst/inst/mac_muladd_16s_8s_24s_25_4_1_U13/fir_decimation_filter_mac_muladd_16s_8s_24s_25_4_1_DSP48_1_U/p_reg_reg/B[17]
  -------------------------------------------------------------------    -------------------

                         (clock ap_clk rise edge)    10.000    10.000 r  
                                                      0.000    10.000 r  ap_clk (IN)
                         net (fo=368, unset)          0.924    10.924    bd_0_i/hls_inst/inst/mac_muladd_16s_8s_24s_25_4_1_U13/fir_decimation_filter_mac_muladd_16s_8s_24s_25_4_1_DSP48_1_U/ap_clk
    DSP48_X2Y27          DSP48E1                                      r  bd_0_i/hls_inst/inst/mac_muladd_16s_8s_24s_25_4_1_U13/fir_decimation_filter_mac_muladd_16s_8s_24s_25_4_1_DSP48_1_U/p_reg_reg/CLK
                         clock pessimism              0.000    10.924    
                         clock uncertainty           -0.035    10.889    
    DSP48_X2Y27          DSP48E1 (Setup_dsp48e1_CLK_B[17])
                                                     -0.450    10.439    bd_0_i/hls_inst/inst/mac_muladd_16s_8s_24s_25_4_1_U13/fir_decimation_filter_mac_muladd_16s_8s_24s_25_4_1_DSP48_1_U/p_reg_reg
  -------------------------------------------------------------------
                         required time                         10.439    
                         arrival time                          -6.291    
  -------------------------------------------------------------------
                         slack                                  4.148    

Slack (MET) :             4.184ns  (required time - arrival time)
  Source:                 bd_0_i/hls_inst/inst/count_V_reg[0]/C
                            (rising edge-triggered cell FDRE clocked by ap_clk  {rise@0.000ns fall@5.000ns period=10.000ns})
  Destination:            bd_0_i/hls_inst/inst/mac_muladd_16s_8s_24s_25_4_1_U12/fir_decimation_filter_mac_muladd_16s_8s_24s_25_4_1_DSP48_1_U/m_reg_reg/B[16]
                            (rising edge-triggered cell DSP48E1 clocked by ap_clk  {rise@0.000ns fall@5.000ns period=10.000ns})
  Path Group:             ap_clk
  Path Type:              Setup (Max at Slow Process Corner)
  Requirement:            10.000ns  (ap_clk rise@10.000ns - ap_clk rise@0.000ns)
  Data Path Delay:        5.282ns  (logic 0.704ns (13.330%)  route 4.578ns (86.670%))
  Logic Levels:           2  (LUT5=1 LUT6=1)
  Clock Path Skew:        -0.049ns (DCD - SCD + CPR)
    Destination Clock Delay (DCD):    0.924ns = ( 10.924 - 10.000 ) 
    Source Clock Delay      (SCD):    0.973ns
    Clock Pessimism Removal (CPR):    0.000ns
  Clock Uncertainty:      0.035ns  ((TSJ^2 + TIJ^2)^1/2 + DJ) / 2 + PE
    Total System Jitter     (TSJ):    0.071ns
    Total Input Jitter      (TIJ):    0.000ns
    Discrete Jitter          (DJ):    0.000ns
    Phase Error              (PE):    0.000ns

    Location             Delay type                Incr(ns)  Path(ns)    Netlist Resource(s)
  -------------------------------------------------------------------    -------------------
                         (clock ap_clk rise edge)     0.000     0.000 r  
                                                      0.000     0.000 r  ap_clk (IN)
                         net (fo=368, unset)          0.973     0.973    bd_0_i/hls_inst/inst/ap_clk
    SLICE_X28Y65         FDRE                                         r  bd_0_i/hls_inst/inst/count_V_reg[0]/C
  -------------------------------------------------------------------    -------------------
    SLICE_X28Y65         FDRE (Prop_fdre_C_Q)         0.456     1.429 r  bd_0_i/hls_inst/inst/count_V_reg[0]/Q
                         net (fo=92, routed)          2.443     3.872    bd_0_i/hls_inst/inst/mac_muladd_16s_8s_24s_25_4_1_U12/fir_decimation_filter_mac_muladd_16s_8s_24s_25_4_1_DSP48_1_U/p_reg_reg_3
    SLICE_X29Y60         LUT6 (Prop_lut6_I2_O)        0.124     3.996 r  bd_0_i/hls_inst/inst/mac_muladd_16s_8s_24s_25_4_1_U12/fir_decimation_filter_mac_muladd_16s_8s_24s_25_4_1_DSP48_1_U/p_ZZ21fir_decimation_filterRN3hls6streamINS_4axisI8ap_fixedILi8ELi1EL9ap_q_mode5E_6[7]_i_2/O
                         net (fo=1, routed)           0.294     4.290    bd_0_i/hls_inst/inst/mac_muladd_16s_8s_24s_25_4_1_U12/fir_decimation_filter_mac_muladd_16s_8s_24s_25_4_1_DSP48_1_U/mux_2_0[7]
    SLICE_X29Y61         LUT5 (Prop_lut5_I0_O)        0.124     4.414 r  bd_0_i/hls_inst/inst/mac_muladd_16s_8s_24s_25_4_1_U12/fir_decimation_filter_mac_muladd_16s_8s_24s_25_4_1_DSP48_1_U/p_ZZ21fir_decimation_filterRN3hls6streamINS_4axisI8ap_fixedILi8ELi1EL9ap_q_mode5E_6[7]_i_1/O
                         net (fo=16, routed)          1.840     6.255    bd_0_i/hls_inst/inst/mac_muladd_16s_8s_24s_25_4_1_U12/fir_decimation_filter_mac_muladd_16s_8s_24s_25_4_1_DSP48_1_U/B[7]
    DSP48_X2Y22          DSP48E1                                      r  bd_0_i/hls_inst/inst/mac_muladd_16s_8s_24s_25_4_1_U12/fir_decimation_filter_mac_muladd_16s_8s_24s_25_4_1_DSP48_1_U/m_reg_reg/B[16]
  -------------------------------------------------------------------    -------------------

                         (clock ap_clk rise edge)    10.000    10.000 r  
                                                      0.000    10.000 r  ap_clk (IN)
                         net (fo=368, unset)          0.924    10.924    bd_0_i/hls_inst/inst/mac_muladd_16s_8s_24s_25_4_1_U12/fir_decimation_filter_mac_muladd_16s_8s_24s_25_4_1_DSP48_1_U/ap_clk
    DSP48_X2Y22          DSP48E1                                      r  bd_0_i/hls_inst/inst/mac_muladd_16s_8s_24s_25_4_1_U12/fir_decimation_filter_mac_muladd_16s_8s_24s_25_4_1_DSP48_1_U/m_reg_reg/CLK
                         clock pessimism              0.000    10.924    
                         clock uncertainty           -0.035    10.889    
    DSP48_X2Y22          DSP48E1 (Setup_dsp48e1_CLK_B[16])
                                                     -0.450    10.439    bd_0_i/hls_inst/inst/mac_muladd_16s_8s_24s_25_4_1_U12/fir_decimation_filter_mac_muladd_16s_8s_24s_25_4_1_DSP48_1_U/m_reg_reg
  -------------------------------------------------------------------
                         required time                         10.439    
                         arrival time                          -6.255    
  -------------------------------------------------------------------
                         slack                                  4.184    

Slack (MET) :             4.184ns  (required time - arrival time)
  Source:                 bd_0_i/hls_inst/inst/count_V_reg[0]/C
                            (rising edge-triggered cell FDRE clocked by ap_clk  {rise@0.000ns fall@5.000ns period=10.000ns})
  Destination:            bd_0_i/hls_inst/inst/mac_muladd_16s_8s_24s_25_4_1_U12/fir_decimation_filter_mac_muladd_16s_8s_24s_25_4_1_DSP48_1_U/m_reg_reg/B[17]
                            (rising edge-triggered cell DSP48E1 clocked by ap_clk  {rise@0.000ns fall@5.000ns period=10.000ns})
  Path Group:             ap_clk
  Path Type:              Setup (Max at Slow Process Corner)
  Requirement:            10.000ns  (ap_clk rise@10.000ns - ap_clk rise@0.000ns)
  Data Path Delay:        5.282ns  (logic 0.704ns (13.330%)  route 4.578ns (86.670%))
  Logic Levels:           2  (LUT5=1 LUT6=1)
  Clock Path Skew:        -0.049ns (DCD - SCD + CPR)
    Destination Clock Delay (DCD):    0.924ns = ( 10.924 - 10.000 ) 
    Source Clock Delay      (SCD):    0.973ns
    Clock Pessimism Removal (CPR):    0.000ns
  Clock Uncertainty:      0.035ns  ((TSJ^2 + TIJ^2)^1/2 + DJ) / 2 + PE
    Total System Jitter     (TSJ):    0.071ns
    Total Input Jitter      (TIJ):    0.000ns
    Discrete Jitter          (DJ):    0.000ns
    Phase Error              (PE):    0.000ns

    Location             Delay type                Incr(ns)  Path(ns)    Netlist Resource(s)
  -------------------------------------------------------------------    -------------------
                         (clock ap_clk rise edge)     0.000     0.000 r  
                                                      0.000     0.000 r  ap_clk (IN)
                         net (fo=368, unset)          0.973     0.973    bd_0_i/hls_inst/inst/ap_clk
    SLICE_X28Y65         FDRE                                         r  bd_0_i/hls_inst/inst/count_V_reg[0]/C
  -------------------------------------------------------------------    -------------------
    SLICE_X28Y65         FDRE (Prop_fdre_C_Q)         0.456     1.429 r  bd_0_i/hls_inst/inst/count_V_reg[0]/Q
                         net (fo=92, routed)          2.443     3.872    bd_0_i/hls_inst/inst/mac_muladd_16s_8s_24s_25_4_1_U12/fir_decimation_filter_mac_muladd_16s_8s_24s_25_4_1_DSP48_1_U/p_reg_reg_3
    SLICE_X29Y60         LUT6 (Prop_lut6_I2_O)        0.124     3.996 r  bd_0_i/hls_inst/inst/mac_muladd_16s_8s_24s_25_4_1_U12/fir_decimation_filter_mac_muladd_16s_8s_24s_25_4_1_DSP48_1_U/p_ZZ21fir_decimation_filterRN3hls6streamINS_4axisI8ap_fixedILi8ELi1EL9ap_q_mode5E_6[7]_i_2/O
                         net (fo=1, routed)           0.294     4.290    bd_0_i/hls_inst/inst/mac_muladd_16s_8s_24s_25_4_1_U12/fir_decimation_filter_mac_muladd_16s_8s_24s_25_4_1_DSP48_1_U/mux_2_0[7]
    SLICE_X29Y61         LUT5 (Prop_lut5_I0_O)        0.124     4.414 r  bd_0_i/hls_inst/inst/mac_muladd_16s_8s_24s_25_4_1_U12/fir_decimation_filter_mac_muladd_16s_8s_24s_25_4_1_DSP48_1_U/p_ZZ21fir_decimation_filterRN3hls6streamINS_4axisI8ap_fixedILi8ELi1EL9ap_q_mode5E_6[7]_i_1/O
                         net (fo=16, routed)          1.840     6.255    bd_0_i/hls_inst/inst/mac_muladd_16s_8s_24s_25_4_1_U12/fir_decimation_filter_mac_muladd_16s_8s_24s_25_4_1_DSP48_1_U/B[7]
    DSP48_X2Y22          DSP48E1                                      r  bd_0_i/hls_inst/inst/mac_muladd_16s_8s_24s_25_4_1_U12/fir_decimation_filter_mac_muladd_16s_8s_24s_25_4_1_DSP48_1_U/m_reg_reg/B[17]
  -------------------------------------------------------------------    -------------------

                         (clock ap_clk rise edge)    10.000    10.000 r  
                                                      0.000    10.000 r  ap_clk (IN)
                         net (fo=368, unset)          0.924    10.924    bd_0_i/hls_inst/inst/mac_muladd_16s_8s_24s_25_4_1_U12/fir_decimation_filter_mac_muladd_16s_8s_24s_25_4_1_DSP48_1_U/ap_clk
    DSP48_X2Y22          DSP48E1                                      r  bd_0_i/hls_inst/inst/mac_muladd_16s_8s_24s_25_4_1_U12/fir_decimation_filter_mac_muladd_16s_8s_24s_25_4_1_DSP48_1_U/m_reg_reg/CLK
                         clock pessimism              0.000    10.924    
                         clock uncertainty           -0.035    10.889    
    DSP48_X2Y22          DSP48E1 (Setup_dsp48e1_CLK_B[17])
                                                     -0.450    10.439    bd_0_i/hls_inst/inst/mac_muladd_16s_8s_24s_25_4_1_U12/fir_decimation_filter_mac_muladd_16s_8s_24s_25_4_1_DSP48_1_U/m_reg_reg
  -------------------------------------------------------------------
                         required time                         10.439    
                         arrival time                          -6.255    
  -------------------------------------------------------------------
                         slack                                  4.184    




