Copyright 1986-2022 Xilinx, Inc. All Rights Reserved.
-------------------------------------------------------------------------------------------------------------------------------------------------
| Tool Version : Vivado v.2022.1 (win64) Build 3526262 Mon Apr 18 15:48:16 MDT 2022
| Date         : Sat Sep 26 05:29:42 2026
| Host         : ndrswcy running 64-bit major release  (build 9200)
| Command      : report_utilization -hierarchical -hierarchical_depth 5 -file ./report/fir_decimation_filter_utilization_hierarchical_routed.rpt
| Design       : bd_0_wrapper
| Device       : xc7z020clg400-1
| Speed File   : -1
| Design State : Routed
-------------------------------------------------------------------------------------------------------------------------------------------------

Utilization Design Information

Table of Contents
-----------------
1. Utilization by Hierarchy

1. Utilization by Hierarchy
---------------------------

+------------------------------------------------------------------------+------------------------------------------------------------------------------+------------+------------+---------+------+-----+--------+--------+------------+
|                                Instance                                |                                    Module                                    | Total LUTs | Logic LUTs | LUTRAMs | SRLs | FFs | RAMB36 | RAMB18 | DSP Blocks |
+------------------------------------------------------------------------+------------------------------------------------------------------------------+------------+------------+---------+------+-----+--------+--------+------------+
| bd_0_wrapper                                                           |                                                                        (top) |        172 |        172 |       0 |    0 | 364 |      0 |      0 |          5 |
|   bd_0_i                                                               |                                                                         bd_0 |        172 |        172 |       0 |    0 | 364 |      0 |      0 |          5 |
|     hls_inst                                                           |                                                              bd_0_hls_inst_0 |        172 |        172 |       0 |    0 | 364 |      0 |      0 |          5 |
|       (hls_inst)                                                       |                                                              bd_0_hls_inst_0 |          0 |          0 |       0 |    0 |   0 |      0 |      0 |          0 |
|       inst                                                             |                                        bd_0_hls_inst_0_fir_decimation_filter |        172 |        172 |       0 |    0 | 364 |      0 |      0 |          5 |
|         (inst)                                                         |                                        bd_0_hls_inst_0_fir_decimation_filter |          3 |          3 |       0 |    0 | 264 |      0 |      0 |          0 |
|         mac_muladd_16s_8s_24s_25_4_1_U12                               |           bd_0_hls_inst_0_fir_decimation_filter_mac_muladd_16s_8s_24s_25_4_1 |         25 |         25 |       0 |    0 |   0 |      0 |      0 |          2 |
|           fir_decimation_filter_mac_muladd_16s_8s_24s_25_4_1_DSP48_1_U | bd_0_hls_inst_0_fir_decimation_filter_mac_muladd_16s_8s_24s_25_4_1_DSP48_1_3 |         25 |         25 |       0 |    0 |   0 |      0 |      0 |          2 |
|         mac_muladd_16s_8s_24s_25_4_1_U13                               |         bd_0_hls_inst_0_fir_decimation_filter_mac_muladd_16s_8s_24s_25_4_1_0 |         38 |         38 |       0 |    0 |   0 |      0 |      0 |          2 |
|           fir_decimation_filter_mac_muladd_16s_8s_24s_25_4_1_DSP48_1_U |   bd_0_hls_inst_0_fir_decimation_filter_mac_muladd_16s_8s_24s_25_4_1_DSP48_1 |         38 |         38 |       0 |    0 |   0 |      0 |      0 |          2 |
|         mac_muladd_16s_8s_25s_25_4_1_U14                               |           bd_0_hls_inst_0_fir_decimation_filter_mac_muladd_16s_8s_25s_25_4_1 |         46 |         46 |       0 |    0 |   0 |      0 |      0 |          1 |
|           fir_decimation_filter_mac_muladd_16s_8s_25s_25_4_1_DSP48_2_U |   bd_0_hls_inst_0_fir_decimation_filter_mac_muladd_16s_8s_25s_25_4_1_DSP48_2 |         46 |         46 |       0 |    0 |   0 |      0 |      0 |          1 |
|         mux_533_16_1_1_U8                                              |                         bd_0_hls_inst_0_fir_decimation_filter_mux_533_16_1_1 |          3 |          3 |       0 |    0 |   0 |      0 |      0 |          0 |
|         mux_533_16_1_1_U9                                              |                       bd_0_hls_inst_0_fir_decimation_filter_mux_533_16_1_1_1 |          4 |          4 |       0 |    0 |   0 |      0 |      0 |          0 |
|         regslice_both_input_r_V_data_V_U                               |                          bd_0_hls_inst_0_fir_decimation_filter_regslice_both |         14 |         14 |       0 |    0 |  20 |      0 |      0 |          0 |
|         regslice_both_input_r_V_last_V_U                               |          bd_0_hls_inst_0_fir_decimation_filter_regslice_both__parameterized0 |          7 |          7 |       0 |    0 |   6 |      0 |      0 |          0 |
|         regslice_both_output_r_V_data_V_U                              |          bd_0_hls_inst_0_fir_decimation_filter_regslice_both__parameterized1 |         34 |         34 |       0 |    0 |  68 |      0 |      0 |          0 |
|         regslice_both_output_r_V_last_V_U                              |        bd_0_hls_inst_0_fir_decimation_filter_regslice_both__parameterized0_2 |          6 |          6 |       0 |    0 |   6 |      0 |      0 |          0 |
+------------------------------------------------------------------------+------------------------------------------------------------------------------+------------+------------+---------+------+-----+--------+--------+------------+
* Note: The sum of lower-level cells may be larger than their parent cells total, due to cross-hierarchy LUT combining


