Copyright 1986-2022 Xilinx, Inc. All Rights Reserved.
---------------------------------------------------------------------------------------------------------
| Tool Version : Vivado v.2022.1 (win64) Build 3526262 Mon Apr 18 15:48:16 MDT 2022
| Date         : Sat Sep 26 05:28:51 2026
| Host         : ndrswcy running 64-bit major release  (build 9200)
| Command      : report_timing -max_paths 10 -file ./report/fir_decimation_filter_timing_paths_synth.rpt
| Design       : bd_0_wrapper
| Device       : 7z020-clg400
| Speed File   : -1  PRODUCTION 1.12 2019-11-22
---------------------------------------------------------------------------------------------------------

Timing Report

Slack (MET) :             5.309ns  (required time - arrival time)
  Source:                 bd_0_i/hls_inst/inst/sum_V_reg[3]/C
                            (rising edge-triggered cell FDRE clocked by ap_clk  {rise@0.000ns fall@5.000ns period=10.000ns})
  Destination:            bd_0_i/hls_inst/inst/output_temp_data_V_reg_781_reg[29]/D
                            (rising edge-triggered cell FDRE clocked by ap_clk  {rise@0.000ns fall@5.000ns period=10.000ns})
  Path Group:             ap_clk
  Path Type:              Setup (Max at Slow Process Corner)
  Requirement:            10.000ns  (ap_clk rise@10.000ns - ap_clk rise@0.000ns)
  Data Path Delay:        4.409ns  (logic 2.629ns (59.628%)  route 1.780ns (40.372%))
  Logic Levels:           9  (CARRY4=7 LUT3=1 LUT4=1)
  Clock Path Skew:        -0.049ns (DCD - SCD + CPR)
    Destination Clock Delay (DCD):    0.924ns = ( 10.924 - 10.000 ) 
    Source Clock Delay      (SCD):    0.973ns
    Clock Pessimism Removal (CPR):    0.000ns
  Clock Uncertainty:      0.035ns  ((TSJ^2 + TIJ^2)^1/2 + DJ) / 2 + PE
    Total System Jitter     (TSJ):    0.071ns
    Total Input Jitter      (TIJ):    0.000ns
    Discrete Jitter          (DJ):    0.000ns
    Phase Error              (PE):    0.000ns

    Location             Delay type                Incr(ns)  Path(ns)    Netlist Resource(s)
  -------------------------------------------------------------------    -------------------
                         (clock ap_clk rise edge)     0.000     0.000 r  
                                                      0.000     0.000 r  ap_clk (IN)
                         net (fo=368, unset)          0.973     0.973    bd_0_i/hls_inst/inst/ap_clk
                         FDRE                                         r  bd_0_i/hls_inst/inst/sum_V_reg[3]/C
  -------------------------------------------------------------------    -------------------
                         FDRE (Prop_fdre_C_Q)         0.518     1.491 r  bd_0_i/hls_inst/inst/sum_V_reg[3]/Q
                         net (fo=2, unplaced)         0.752     2.243    bd_0_i/hls_inst/inst/mac_muladd_16s_8s_25s_25_4_1_U14/fir_decimation_filter_mac_muladd_16s_8s_25s_25_4_1_DSP48_2_U/B_V_data_1_payload_A_reg[31][3]
                         LUT3 (Prop_lut3_I0_O)        0.321     2.564 r  bd_0_i/hls_inst/inst/mac_muladd_16s_8s_25s_25_4_1_U14/fir_decimation_filter_mac_muladd_16s_8s_25s_25_4_1_DSP48_2_U/output_temp_data_V_reg_781[7]_i_5/O
                         net (fo=2, unplaced)         0.485     3.049    bd_0_i/hls_inst/inst/mac_muladd_16s_8s_25s_25_4_1_U14/fir_decimation_filter_mac_muladd_16s_8s_25s_25_4_1_DSP48_2_U/output_temp_data_V_reg_781[7]_i_5_n_0
                         LUT4 (Prop_lut4_I3_O)        0.355     3.404 r  bd_0_i/hls_inst/inst/mac_muladd_16s_8s_25s_25_4_1_U14/fir_decimation_filter_mac_muladd_16s_8s_25s_25_4_1_DSP48_2_U/output_temp_data_V_reg_781[7]_i_9/O
                         net (fo=1, unplaced)         0.000     3.404    bd_0_i/hls_inst/inst/mac_muladd_16s_8s_25s_25_4_1_U14/fir_decimation_filter_mac_muladd_16s_8s_25s_25_4_1_DSP48_2_U/output_temp_data_V_reg_781[7]_i_9_n_0
                         CARRY4 (Prop_carry4_S[0]_CO[3])
                                                      0.513     3.917 r  bd_0_i/hls_inst/inst/mac_muladd_16s_8s_25s_25_4_1_U14/fir_decimation_filter_mac_muladd_16s_8s_25s_25_4_1_DSP48_2_U/output_temp_data_V_reg_781_reg[7]_i_1/CO[3]
                         net (fo=1, unplaced)         0.000     3.917    bd_0_i/hls_inst/inst/mac_muladd_16s_8s_25s_25_4_1_U14/fir_decimation_filter_mac_muladd_16s_8s_25s_25_4_1_DSP48_2_U/output_temp_data_V_reg_781_reg[7]_i_1_n_0
                         CARRY4 (Prop_carry4_CI_CO[3])
                                                      0.117     4.034 r  bd_0_i/hls_inst/inst/mac_muladd_16s_8s_25s_25_4_1_U14/fir_decimation_filter_mac_muladd_16s_8s_25s_25_4_1_DSP48_2_U/output_temp_data_V_reg_781_reg[11]_i_1/CO[3]
                         net (fo=1, unplaced)         0.000     4.034    bd_0_i/hls_inst/inst/mac_muladd_16s_8s_25s_25_4_1_U14/fir_decimation_filter_mac_muladd_16s_8s_25s_25_4_1_DSP48_2_U/output_temp_data_V_reg_781_reg[11]_i_1_n_0
                         CARRY4 (Prop_carry4_CI_CO[3])
                                                      0.117     4.151 r  bd_0_i/hls_inst/inst/mac_muladd_16s_8s_25s_25_4_1_U14/fir_decimation_filter_mac_muladd_16s_8s_25s_25_4_1_DSP48_2_U/output_temp_data_V_reg_781_reg[15]_i_1/CO[3]
                         net (fo=1, unplaced)         0.000     4.151    bd_0_i/hls_inst/inst/mac_muladd_16s_8s_25s_25_4_1_U14/fir_decimation_filter_mac_muladd_16s_8s_25s_25_4_1_DSP48_2_U/output_temp_data_V_reg_781_reg[15]_i_1_n_0
                         CARRY4 (Prop_carry4_CI_CO[3])
                                                      0.117     4.268 r  bd_0_i/hls_inst/inst/mac_muladd_16s_8s_25s_25_4_1_U14/fir_decimation_filter_mac_muladd_16s_8s_25s_25_4_1_DSP48_2_U/output_temp_data_V_reg_781_reg[19]_i_1/CO[3]
                         net (fo=1, unplaced)         0.000     4.268    bd_0_i/hls_inst/inst/mac_muladd_16s_8s_25s_25_4_1_U14/fir_decimation_filter_mac_muladd_16s_8s_25s_25_4_1_DSP48_2_U/output_temp_data_V_reg_781_reg[19]_i_1_n_0
                         CARRY4 (Prop_carry4_CI_CO[3])
                                                      0.117     4.385 r  bd_0_i/hls_inst/inst/mac_muladd_16s_8s_25s_25_4_1_U14/fir_decimation_filter_mac_muladd_16s_8s_25s_25_4_1_DSP48_2_U/output_temp_data_V_reg_781_reg[23]_i_1/CO[3]
                         net (fo=1, unplaced)         0.000     4.385    bd_0_i/hls_inst/inst/mac_muladd_16s_8s_25s_25_4_1_U14/fir_decimation_filter_mac_muladd_16s_8s_25s_25_4_1_DSP48_2_U/output_temp_data_V_reg_781_reg[23]_i_1_n_0
                         CARRY4 (Prop_carry4_CI_CO[3])
                                                      0.117     4.502 r  bd_0_i/hls_inst/inst/mac_muladd_16s_8s_25s_25_4_1_U14/fir_decimation_filter_mac_muladd_16s_8s_25s_25_4_1_DSP48_2_U/output_temp_data_V_reg_781_reg[27]_i_1/CO[3]
                         net (fo=1, unplaced)         0.000     4.502    bd_0_i/hls_inst/inst/mac_muladd_16s_8s_25s_25_4_1_U14/fir_decimation_filter_mac_muladd_16s_8s_25s_25_4_1_DSP48_2_U/output_temp_data_V_reg_781_reg[27]_i_1_n_0
                         CARRY4 (Prop_carry4_CI_O[1])
                                                      0.337     4.839 r  bd_0_i/hls_inst/inst/mac_muladd_16s_8s_25s_25_4_1_U14/fir_decimation_filter_mac_muladd_16s_8s_25s_25_4_1_DSP48_2_U/output_temp_data_V_reg_781_reg[31]_i_1/O[1]
                         net (fo=3, unplaced)         0.543     5.382    bd_0_i/hls_inst/inst/output_r_TDATA_int_regslice[29]
                         FDRE                                         r  bd_0_i/hls_inst/inst/output_temp_data_V_reg_781_reg[29]/D
  -------------------------------------------------------------------    -------------------

                         (clock ap_clk rise edge)    10.000    10.000 r  
                                                      0.000    10.000 r  ap_clk (IN)
                         net (fo=368, unset)          0.924    10.924    bd_0_i/hls_inst/inst/ap_clk
                         FDRE                                         r  bd_0_i/hls_inst/inst/output_temp_data_V_reg_781_reg[29]/C
                         clock pessimism              0.000    10.924    
                         clock uncertainty           -0.035    10.889    
                         FDRE (Setup_fdre_C_D)       -0.198    10.691    bd_0_i/hls_inst/inst/output_temp_data_V_reg_781_reg[29]
  -------------------------------------------------------------------
                         required time                         10.691    
                         arrival time                          -5.382    
  -------------------------------------------------------------------
                         slack                                  5.309    

Slack (MET) :             5.309ns  (required time - arrival time)
  Source:                 bd_0_i/hls_inst/inst/sum_V_reg[3]/C
                            (rising edge-triggered cell FDRE clocked by ap_clk  {rise@0.000ns fall@5.000ns period=10.000ns})
  Destination:            bd_0_i/hls_inst/inst/regslice_both_output_r_V_data_V_U/B_V_data_1_payload_B_reg[29]/D
                            (rising edge-triggered cell FDRE clocked by ap_clk  {rise@0.000ns fall@5.000ns period=10.000ns})
  Path Group:             ap_clk
  Path Type:              Setup (Max at Slow Process Corner)
  Requirement:            10.000ns  (ap_clk rise@10.000ns - ap_clk rise@0.000ns)
  Data Path Delay:        4.409ns  (logic 2.629ns (59.628%)  route 1.780ns (40.372%))
  Logic Levels:           9  (CARRY4=7 LUT3=1 LUT4=1)
  Clock Path Skew:        -0.049ns (DCD - SCD + CPR)
    Destination Clock Delay (DCD):    0.924ns = ( 10.924 - 10.000 ) 
    Source Clock Delay      (SCD):    0.973ns
    Clock Pessimism Removal (CPR):    0.000ns
  Clock Uncertainty:      0.035ns  ((TSJ^2 + TIJ^2)^1/2 + DJ) / 2 + PE
    Total System Jitter     (TSJ):    0.071ns
    Total Input Jitter      (TIJ):    0.000ns
    Discrete Jitter          (DJ):    0.000ns
    Phase Error              (PE):    0.000ns

    Location             Delay type                Incr(ns)  Path(ns)    Netlist Resource(s)
  -------------------------------------------------------------------    -------------------
                         (clock ap_clk rise edge)     0.000     0.000 r  
                                                      0.000     0.000 r  ap_clk (IN)
                         net (fo=368, unset)          0.973     0.973    bd_0_i/hls_inst/inst/ap_clk
                         FDRE                                         r  bd_0_i/hls_inst/inst/sum_V_reg[3]/C
  -------------------------------------------------------------------    -------------------
                         FDRE (Prop_fdre_C_Q)         0.518     1.491 r  bd_0_i/hls_inst/inst/sum_V_reg[3]/Q
                         net (fo=2, unplaced)         0.752     2.243    bd_0_i/hls_inst/inst/mac_muladd_16s_8s_25s_25_4_1_U14/fir_decimation_filter_mac_muladd_16s_8s_25s_25_4_1_DSP48_2_U/B_V_data_1_payload_A_reg[31][3]
                         LUT3 (Prop_lut3_I0_O)        0.321     2.564 r  bd_0_i/hls_inst/inst/mac_muladd_16s_8s_25s_25_4_1_U14/fir_decimation_filter_mac_muladd_16s_8s_25s_25_4_1_DSP48_2_U/output_temp_data_V_reg_781[7]_i_5/O
                         net (fo=2, unplaced)         0.485     3.049    bd_0_i/hls_inst/inst/mac_muladd_16s_8s_25s_25_4_1_U14/fir_decimation_filter_mac_muladd_16s_8s_25s_25_4_1_DSP48_2_U/output_temp_data_V_reg_781[7]_i_5_n_0
                         LUT4 (Prop_lut4_I3_O)        0.355     3.404 r  bd_0_i/hls_inst/inst/mac_muladd_16s_8s_25s_25_4_1_U14/fir_decimation_filter_mac_muladd_16s_8s_25s_25_4_1_DSP48_2_U/output_temp_data_V_reg_781[7]_i_9/O
                         net (fo=1, unplaced)         0.000     3.404    bd_0_i/hls_inst/inst/mac_muladd_16s_8s_25s_25_4_1_U14/fir_decimation_filter_mac_muladd_16s_8s_25s_25_4_1_DSP48_2_U/output_temp_data_V_reg_781[7]_i_9_n_0
                         CARRY4 (Prop_carry4_S[0]_CO[3])
                                                      0.513     3.917 r  bd_0_i/hls_inst/inst/mac_muladd_16s_8s_25s_25_4_1_U14/fir_decimation_filter_mac_muladd_16s_8s_25s_25_4_1_DSP48_2_U/output_temp_data_V_reg_781_reg[7]_i_1/CO[3]
                         net (fo=1, unplaced)         0.000     3.917    bd_0_i/hls_inst/inst/mac_muladd_16s_8s_25s_25_4_1_U14/fir_decimation_filter_mac_muladd_16s_8s_25s_25_4_1_DSP48_2_U/output_temp_data_V_reg_781_reg[7]_i_1_n_0
                         CARRY4 (Prop_carry4_CI_CO[3])
                                                      0.117     4.034 r  bd_0_i/hls_inst/inst/mac_muladd_16s_8s_25s_25_4_1_U14/fir_decimation_filter_mac_muladd_16s_8s_25s_25_4_1_DSP48_2_U/output_temp_data_V_reg_781_reg[11]_i_1/CO[3]
                         net (fo=1, unplaced)         0.000     4.034    bd_0_i/hls_inst/inst/mac_muladd_16s_8s_25s_25_4_1_U14/fir_decimation_filter_mac_muladd_16s_8s_25s_25_4_1_DSP48_2_U/output_temp_data_V_reg_781_reg[11]_i_1_n_0
                         CARRY4 (Prop_carry4_CI_CO[3])
                                                      0.117     4.151 r  bd_0_i/hls_inst/inst/mac_muladd_16s_8s_25s_25_4_1_U14/fir_decimation_filter_mac_muladd_16s_8s_25s_25_4_1_DSP48_2_U/output_temp_data_V_reg_781_reg[15]_i_1/CO[3]
                         net (fo=1, unplaced)         0.000     4.151    bd_0_i/hls_inst/inst/mac_muladd_16s_8s_25s_25_4_1_U14/fir_decimation_filter_mac_muladd_16s_8s_25s_25_4_1_DSP48_2_U/output_temp_data_V_reg_781_reg[15]_i_1_n_0
                         CARRY4 (Prop_carry4_CI_CO[3])
                                                      0.117     4.268 r  bd_0_i/hls_inst/inst/mac_muladd_16s_8s_25s_25_4_1_U14/fir_decimation_filter_mac_muladd_16s_8s_25s_25_4_1_DSP48_2_U/output_temp_data_V_reg_781_reg[19]_i_1/CO[3]
                         net (fo=1, unplaced)         0.000     4.268    bd_0_i/hls_inst/inst/mac_muladd_16s_8s_25s_25_4_1_U14/fir_decimation_filter_mac_muladd_16s_8s_25s_25_4_1_DSP48_2_U/output_temp_data_V_reg_781_reg[19]_i_1_n_0
                         CARRY4 (Prop_carry4_CI_CO[3])
                                                      0.117     4.385 r  bd_0_i/hls_inst/inst/mac_muladd_16s_8s_25s_25_4_1_U14/fir_decimation_filter_mac_muladd_16s_8s_25s_25_4_1_DSP48_2_U/output_temp_data_V_reg_781_reg[23]_i_1/CO[3]
                         net (fo=1, unplaced)         0.000     4.385    bd_0_i/hls_inst/inst/mac_muladd_16s_8s_25s_25_4_1_U14/fir_decimation_filter_mac_muladd_16s_8s_25s_25_4_1_DSP48_2_U/output_temp_data_V_reg_781_reg[23]_i_1_n_0
                         CARRY4 (Prop_carry4_CI_CO[3])
                                                      0.117     4.502 r  bd_0_i/hls_inst/inst/mac_muladd_16s_8s_25s_25_4_1_U14/fir_decimation_filter_mac_muladd_16s_8s_25s_25_4_1_DSP48_2_U/output_temp_data_V_reg_781_reg[27]_i_1/CO[3]
                         net (fo=1, unplaced)         0.000     4.502    bd_0_i/hls_inst/inst/mac_muladd_16s_8s_25s_25_4_1_U14/fir_decimation_filter_mac_muladd_16s_8s_25s_25_4_1_DSP48_2_U/output_temp_data_V_reg_781_reg[27]_i_1_n_0
                         CARRY4 (Prop_carry4_CI_O[1])
                                                      0.337     4.839 r  bd_0_i/hls_inst/inst/mac_muladd_16s_8s_25s_25_4_1_U14/fir_decimation_filter_mac_muladd_16s_8s_25s_25_4_1_DSP48_2_U/output_temp_data_V_reg_781_reg[31]_i_1/O[1]
                         net (fo=3, unplaced)         0.543     5.382    bd_0_i/hls_inst/inst/regslice_both_output_r_V_data_V_U/B_V_data_1_payload_A_reg[31]_1[29]
                         FDRE                                         r  bd_0_i/hls_inst/inst/regslice_both_output_r_V_data_V_U/B_V_data_1_payload_B_reg[29]/D
  -------------------------------------------------------------------    -------------------

                         (clock ap_clk rise edge)    10.000    10.000 r  
                                                      0.000    10.000 r  ap_clk (IN)
                         net (fo=368, unset)          0.924    10.924    bd_0_i/hls_inst/inst/regslice_both_output_r_V_data_V_U/ap_clk
                         FDRE                                         r  bd_0_i/hls_inst/inst/regslice_both_output_r_V_data_V_U/B_V_data_1_payload_B_reg[29]/C
                         clock pessimism              0.000    10.924    
                         clock uncertainty           -0.035    10.889    
                         FDRE (Setup_fdre_C_D)       -0.198    10.691    bd_0_i/hls_inst/inst/regslice_both_output_r_V_data_V_U/B_V_data_1_payload_B_reg[29]
  -------------------------------------------------------------------
                         required time                         10.691    
                         arrival time                          -5.382    
  -------------------------------------------------------------------
                         slack                                  5.309    

Slack (MET) :             5.319ns  (required time - arrival time)
  Source:                 bd_0_i/hls_inst/inst/sum_V_reg[3]/C
                            (rising edge-triggered cell FDRE clocked by ap_clk  {rise@0.000ns fall@5.000ns period=10.000ns})
  Destination:            bd_0_i/hls_inst/inst/output_temp_data_V_reg_781_reg[31]/D
                            (rising edge-triggered cell FDRE clocked by ap_clk  {rise@0.000ns fall@5.000ns period=10.000ns})
  Path Group:             ap_clk
  Path Type:              Setup (Max at Slow Process Corner)
  Requirement:            10.000ns  (ap_clk rise@10.000ns - ap_clk rise@0.000ns)
  Data Path Delay:        4.398ns  (logic 2.623ns (59.641%)  route 1.775ns (40.359%))
  Logic Levels:           9  (CARRY4=7 LUT3=1 LUT4=1)
  Clock Path Skew:        -0.049ns (DCD - SCD + CPR)
    Destination Clock Delay (DCD):    0.924ns = ( 10.924 - 10.000 ) 
    Source Clock Delay      (SCD):    0.973ns
    Clock Pessimism Removal (CPR):    0.000ns
  Clock Uncertainty:      0.035ns  ((TSJ^2 + TIJ^2)^1/2 + DJ) / 2 + PE
    Total System Jitter     (TSJ):    0.071ns
    Total Input Jitter      (TIJ):    0.000ns
    Discrete Jitter          (DJ):    0.000ns
    Phase Error              (PE):    0.000ns

    Location             Delay type                Incr(ns)  Path(ns)    Netlist Resource(s)
  -------------------------------------------------------------------    -------------------
                         (clock ap_clk rise edge)     0.000     0.000 r  
                                                      0.000     0.000 r  ap_clk (IN)
                         net (fo=368, unset)          0.973     0.973    bd_0_i/hls_inst/inst/ap_clk
                         FDRE                                         r  bd_0_i/hls_inst/inst/sum_V_reg[3]/C
  -------------------------------------------------------------------    -------------------
                         FDRE (Prop_fdre_C_Q)         0.518     1.491 r  bd_0_i/hls_inst/inst/sum_V_reg[3]/Q
                         net (fo=2, unplaced)         0.752     2.243    bd_0_i/hls_inst/inst/mac_muladd_16s_8s_25s_25_4_1_U14/fir_decimation_filter_mac_muladd_16s_8s_25s_25_4_1_DSP48_2_U/B_V_data_1_payload_A_reg[31][3]
                         LUT3 (Prop_lut3_I0_O)        0.321     2.564 r  bd_0_i/hls_inst/inst/mac_muladd_16s_8s_25s_25_4_1_U14/fir_decimation_filter_mac_muladd_16s_8s_25s_25_4_1_DSP48_2_U/output_temp_data_V_reg_781[7]_i_5/O
                         net (fo=2, unplaced)         0.485     3.049    bd_0_i/hls_inst/inst/mac_muladd_16s_8s_25s_25_4_1_U14/fir_decimation_filter_mac_muladd_16s_8s_25s_25_4_1_DSP48_2_U/output_temp_data_V_reg_781[7]_i_5_n_0
                         LUT4 (Prop_lut4_I3_O)        0.355     3.404 r  bd_0_i/hls_inst/inst/mac_muladd_16s_8s_25s_25_4_1_U14/fir_decimation_filter_mac_muladd_16s_8s_25s_25_4_1_DSP48_2_U/output_temp_data_V_reg_781[7]_i_9/O
                         net (fo=1, unplaced)         0.000     3.404    bd_0_i/hls_inst/inst/mac_muladd_16s_8s_25s_25_4_1_U14/fir_decimation_filter_mac_muladd_16s_8s_25s_25_4_1_DSP48_2_U/output_temp_data_V_reg_781[7]_i_9_n_0
                         CARRY4 (Prop_carry4_S[0]_CO[3])
                                                      0.513     3.917 r  bd_0_i/hls_inst/inst/mac_muladd_16s_8s_25s_25_4_1_U14/fir_decimation_filter_mac_muladd_16s_8s_25s_25_4_1_DSP48_2_U/output_temp_data_V_reg_781_reg[7]_i_1/CO[3]
                         net (fo=1, unplaced)         0.000     3.917    bd_0_i/hls_inst/inst/mac_muladd_16s_8s_25s_25_4_1_U14/fir_decimation_filter_mac_muladd_16s_8s_25s_25_4_1_DSP48_2_U/output_temp_data_V_reg_781_reg[7]_i_1_n_0
                         CARRY4 (Prop_carry4_CI_CO[3])
                                                      0.117     4.034 r  bd_0_i/hls_inst/inst/mac_muladd_16s_8s_25s_25_4_1_U14/fir_decimation_filter_mac_muladd_16s_8s_25s_25_4_1_DSP48_2_U/output_temp_data_V_reg_781_reg[11]_i_1/CO[3]
                         net (fo=1, unplaced)         0.000     4.034    bd_0_i/hls_inst/inst/mac_muladd_16s_8s_25s_25_4_1_U14/fir_decimation_filter_mac_muladd_16s_8s_25s_25_4_1_DSP48_2_U/output_temp_data_V_reg_781_reg[11]_i_1_n_0
                         CARRY4 (Prop_carry4_CI_CO[3])
                                                      0.117     4.151 r  bd_0_i/hls_inst/inst/mac_muladd_16s_8s_25s_25_4_1_U14/fir_decimation_filter_mac_muladd_16s_8s_25s_25_4_1_DSP48_2_U/output_temp_data_V_reg_781_reg[15]_i_1/CO[3]
                         net (fo=1, unplaced)         0.000     4.151    bd_0_i/hls_inst/inst/mac_muladd_16s_8s_25s_25_4_1_U14/fir_decimation_filter_mac_muladd_16s_8s_25s_25_4_1_DSP48_2_U/output_temp_data_V_reg_781_reg[15]_i_1_n_0
                         CARRY4 (Prop_carry4_CI_CO[3])
                                                      0.117     4.268 r  bd_0_i/hls_inst/inst/mac_muladd_16s_8s_25s_25_4_1_U14/fir_decimation_filter_mac_muladd_16s_8s_25s_25_4_1_DSP48_2_U/output_temp_data_V_reg_781_reg[19]_i_1/CO[3]
                         net (fo=1, unplaced)         0.000     4.268    bd_0_i/hls_inst/inst/mac_muladd_16s_8s_25s_25_4_1_U14/fir_decimation_filter_mac_muladd_16s_8s_25s_25_4_1_DSP48_2_U/output_temp_data_V_reg_781_reg[19]_i_1_n_0
                         CARRY4 (Prop_carry4_CI_CO[3])
                                                      0.117     4.385 r  bd_0_i/hls_inst/inst/mac_muladd_16s_8s_25s_25_4_1_U14/fir_decimation_filter_mac_muladd_16s_8s_25s_25_4_1_DSP48_2_U/output_temp_data_V_reg_781_reg[23]_i_1/CO[3]
                         net (fo=1, unplaced)         0.000     4.385    bd_0_i/hls_inst/inst/mac_muladd_16s_8s_25s_25_4_1_U14/fir_decimation_filter_mac_muladd_16s_8s_25s_25_4_1_DSP48_2_U/output_temp_data_V_reg_781_reg[23]_i_1_n_0
                         CARRY4 (Prop_carry4_CI_CO[3])
                                                      0.117     4.502 r  bd_0_i/hls_inst/inst/mac_muladd_16s_8s_25s_25_4_1_U14/fir_decimation_filter_mac_muladd_16s_8s_25s_25_4_1_DSP48_2_U/output_temp_data_V_reg_781_reg[27]_i_1/CO[3]
                         net (fo=1, unplaced)         0.000     4.502    bd_0_i/hls_inst/inst/mac_muladd_16s_8s_25s_25_4_1_U14/fir_decimation_filter_mac_muladd_16s_8s_25s_25_4_1_DSP48_2_U/output_temp_data_V_reg_781_reg[27]_i_1_n_0
                         CARRY4 (Prop_carry4_CI_O[3])
                                                      0.331     4.833 r  bd_0_i/hls_inst/inst/mac_muladd_16s_8s_25s_25_4_1_U14/fir_decimation_filter_mac_muladd_16s_8s_25s_25_4_1_DSP48_2_U/output_temp_data_V_reg_781_reg[31]_i_1/O[3]
                         net (fo=3, unplaced)         0.538     5.371    bd_0_i/hls_inst/inst/output_r_TDATA_int_regslice[31]
                         FDRE                                         r  bd_0_i/hls_inst/inst/output_temp_data_V_reg_781_reg[31]/D
  -------------------------------------------------------------------    -------------------

                         (clock ap_clk rise edge)    10.000    10.000 r  
                                                      0.000    10.000 r  ap_clk (IN)
                         net (fo=368, unset)          0.924    10.924    bd_0_i/hls_inst/inst/ap_clk
                         FDRE                                         r  bd_0_i/hls_inst/inst/output_temp_data_V_reg_781_reg[31]/C
                         clock pessimism              0.000    10.924    
                         clock uncertainty           -0.035    10.889    
                         FDRE (Setup_fdre_C_D)       -0.199    10.690    bd_0_i/hls_inst/inst/output_temp_data_V_reg_781_reg[31]
  -------------------------------------------------------------------
                         required time                         10.690    
                         arrival time                          -5.371    
  -------------------------------------------------------------------
                         slack                                  5.319    

Slack (MET) :             5.319ns  (required time - arrival time)
  Source:                 bd_0_i/hls_inst/inst/sum_V_reg[3]/C
                            (rising edge-triggered cell FDRE clocked by ap_clk  {rise@0.000ns fall@5.000ns period=10.000ns})
  Destination:            bd_0_i/hls_inst/inst/regslice_both_output_r_V_data_V_U/B_V_data_1_payload_B_reg[31]/D
                            (rising edge-triggered cell FDRE clocked by ap_clk  {rise@0.000ns fall@5.000ns period=10.000ns})
  Path Group:             ap_clk
  Path Type:              Setup (Max at Slow Process Corner)
  Requirement:            10.000ns  (ap_clk rise@10.000ns - ap_clk rise@0.000ns)
  Data Path Delay:        4.398ns  (logic 2.623ns (59.641%)  route 1.775ns (40.359%))
  Logic Levels:           9  (CARRY4=7 LUT3=1 LUT4=1)
  Clock Path Skew:        -0.049ns (DCD - SCD + CPR)
    Destination Clock Delay (DCD):    0.924ns = ( 10.924 - 10.000 ) 
    Source Clock Delay      (SCD):    0.973ns
    Clock Pessimism Removal (CPR):    0.000ns
  Clock Uncertainty:      0.035ns  ((TSJ^2 + TIJ^2)^1/2 + DJ) / 2 + PE
    Total System Jitter     (TSJ):    0.071ns
    Total Input Jitter      (TIJ):    0.000ns
    Discrete Jitter          (DJ):    0.000ns
    Phase Error              (PE):    0.000ns

    Location             Delay type                Incr(ns)  Path(ns)    Netlist Resource(s)
  -------------------------------------------------------------------    -------------------
                         (clock ap_clk rise edge)     0.000     0.000 r  
                                                      0.000     0.000 r  ap_clk (IN)
                         net (fo=368, unset)          0.973     0.973    bd_0_i/hls_inst/inst/ap_clk
                         FDRE                                         r  bd_0_i/hls_inst/inst/sum_V_reg[3]/C
  -------------------------------------------------------------------    -------------------
                         FDRE (Prop_fdre_C_Q)         0.518     1.491 r  bd_0_i/hls_inst/inst/sum_V_reg[3]/Q
                         net (fo=2, unplaced)         0.752     2.243    bd_0_i/hls_inst/inst/mac_muladd_16s_8s_25s_25_4_1_U14/fir_decimation_filter_mac_muladd_16s_8s_25s_25_4_1_DSP48_2_U/B_V_data_1_payload_A_reg[31][3]
                         LUT3 (Prop_lut3_I0_O)        0.321     2.564 r  bd_0_i/hls_inst/inst/mac_muladd_16s_8s_25s_25_4_1_U14/fir_decimation_filter_mac_muladd_16s_8s_25s_25_4_1_DSP48_2_U/output_temp_data_V_reg_781[7]_i_5/O
                         net (fo=2, unplaced)         0.485     3.049    bd_0_i/hls_inst/inst/mac_muladd_16s_8s_25s_25_4_1_U14/fir_decimation_filter_mac_muladd_16s_8s_25s_25_4_1_DSP48_2_U/output_temp_data_V_reg_781[7]_i_5_n_0
                         LUT4 (Prop_lut4_I3_O)        0.355     3.404 r  bd_0_i/hls_inst/inst/mac_muladd_16s_8s_25s_25_4_1_U14/fir_decimation_filter_mac_muladd_16s_8s_25s_25_4_1_DSP48_2_U/output_temp_data_V_reg_781[7]_i_9/O
                         net (fo=1, unplaced)         0.000     3.404    bd_0_i/hls_inst/inst/mac_muladd_16s_8s_25s_25_4_1_U14/fir_decimation_filter_mac_muladd_16s_8s_25s_25_4_1_DSP48_2_U/output_temp_data_V_reg_781[7]_i_9_n_0
                         CARRY4 (Prop_carry4_S[0]_CO[3])
                                                      0.513     3.917 r  bd_0_i/hls_inst/inst/mac_muladd_16s_8s_25s_25_4_1_U14/fir_decimation_filter_mac_muladd_16s_8s_25s_25_4_1_DSP48_2_U/output_temp_data_V_reg_781_reg[7]_i_1/CO[3]
                         net (fo=1, unplaced)         0.000     3.917    bd_0_i/hls_inst/inst/mac_muladd_16s_8s_25s_25_4_1_U14/fir_decimation_filter_mac_muladd_16s_8s_25s_25_4_1_DSP48_2_U/output_temp_data_V_reg_781_reg[7]_i_1_n_0
                         CARRY4 (Prop_carry4_CI_CO[3])
                                                      0.117     4.034 r  bd_0_i/hls_inst/inst/mac_muladd_16s_8s_25s_25_4_1_U14/fir_decimation_filter_mac_muladd_16s_8s_25s_25_4_1_DSP48_2_U/output_temp_data_V_reg_781_reg[11]_i_1/CO[3]
                         net (fo=1, unplaced)         0.000     4.034    bd_0_i/hls_inst/inst/mac_muladd_16s_8s_25s_25_4_1_U14/fir_decimation_filter_mac_muladd_16s_8s_25s_25_4_1_DSP48_2_U/output_temp_data_V_reg_781_reg[11]_i_1_n_0
                         CARRY4 (Prop_carry4_CI_CO[3])
                                                      0.117     4.151 r  bd_0_i/hls_inst/inst/mac_muladd_16s_8s_25s_25_4_1_U14/fir_decimation_filter_mac_muladd_16s_8s_25s_25_4_1_DSP48_2_U/output_temp_data_V_reg_781_reg[15]_i_1/CO[3]
                         net (fo=1, unplaced)         0.000     4.151    bd_0_i/hls_inst/inst/mac_muladd_16s_8s_25s_25_4_1_U14/fir_decimation_filter_mac_muladd_16s_8s_25s_25_4_1_DSP48_2_U/output_temp_data_V_reg_781_reg[15]_i_1_n_0
                         CARRY4 (Prop_carry4_CI_CO[3])
                                                      0.117     4.268 r  bd_0_i/hls_inst/inst/mac_muladd_16s_8s_25s_25_4_1_U14/fir_decimation_filter_mac_muladd_16s_8s_25s_25_4_1_DSP48_2_U/output_temp_data_V_reg_781_reg[19]_i_1/CO[3]
                         net (fo=1, unplaced)         0.000     4.268    bd_0_i/hls_inst/inst/mac_muladd_16s_8s_25s_25_4_1_U14/fir_decimation_filter_mac_muladd_16s_8s_25s_25_4_1_DSP48_2_U/output_temp_data_V_reg_781_reg[19]_i_1_n_0
                         CARRY4 (Prop_carry4_CI_CO[3])
                                                      0.117     4.385 r  bd_0_i/hls_inst/inst/mac_muladd_16s_8s_25s_25_4_1_U14/fir_decimation_filter_mac_muladd_16s_8s_25s_25_4_1_DSP48_2_U/output_temp_data_V_reg_781_reg[23]_i_1/CO[3]
                         net (fo=1, unplaced)         0.000     4.385    bd_0_i/hls_inst/inst/mac_muladd_16s_8s_25s_25_4_1_U14/fir_decimation_filter_mac_muladd_16s_8s_25s_25_4_1_DSP48_2_U/output_temp_data_V_reg_781_reg[23]_i_1_n_0
                         CARRY4 (Prop_carry4_CI_CO[3])
                                                      0.117     4.502 r  bd_0_i/hls_inst/inst/mac_muladd_16s_8s_25s_25_4_1_U14/fir_decimation_filter_mac_muladd_16s_8s_25s_25_4_1_DSP48_2_U/output_temp_data_V_reg_781_reg[27]_i_1/CO[3]
                         net (fo=1, unplaced)         0.000     4.502    bd_0_i/hls_inst/inst/mac_muladd_16s_8s_25s_25_4_1_U14/fir_decimation_filter_mac_muladd_16s_8s_25s_25_4_1_DSP48_2_U/output_temp_data_V_reg_781_reg[27]_i_1_n_0
                         CARRY4 (Prop_carry4_CI_O[3])
                                                      0.331     4.833 r  bd_0_i/hls_inst/inst/mac_muladd_16s_8s_25s_25_4_1_U14/fir_decimation_filter_mac_muladd_16s_8s_25s_25_4_1_DSP48_2_U/output_temp_data_V_reg_781_reg[31]_i_1/O[3]
                         net (fo=3, unplaced)         0.538     5.371    bd_0_i/hls_inst/inst/regslice_both_output_r_V_data_V_U/B_V_data_1_payload_A_reg[31]_1[31]
                         FDRE                                         r  bd_0_i/hls_inst/inst/regslice_both_output_r_V_data_V_U/B_V_data_1_payload_B_reg[31]/D
  -------------------------------------------------------------------    -------------------

                         (clock ap_clk rise edge)    10.000    10.000 r  
                                                      0.000    10.000 r  ap_clk (IN)
                         net (fo=368, unset)          0.924    10.924    bd_0_i/hls_inst/inst/regslice_both_output_r_V_data_V_U/ap_clk
                         FDRE                                         r  bd_0_i/hls_inst/inst/regslice_both_output_r_V_data_V_U/B_V_data_1_payload_B_reg[31]/C
                         clock pessimism              0.000    10.924    
                         clock uncertainty           -0.035    10.889    
                         FDRE (Setup_fdre_C_D)       -0.199    10.690    bd_0_i/hls_inst/inst/regslice_both_output_r_V_data_V_U/B_V_data_1_payload_B_reg[31]
  -------------------------------------------------------------------
                         required time                         10.690    
                         arrival time                          -5.371    
  -------------------------------------------------------------------
                         slack                                  5.319    

Slack (MET) :             5.426ns  (required time - arrival time)
  Source:                 bd_0_i/hls_inst/inst/sum_V_reg[3]/C
                            (rising edge-triggered cell FDRE clocked by ap_clk  {rise@0.000ns fall@5.000ns period=10.000ns})
  Destination:            bd_0_i/hls_inst/inst/output_temp_data_V_reg_781_reg[25]/D
                            (rising edge-triggered cell FDRE clocked by ap_clk  {rise@0.000ns fall@5.000ns period=10.000ns})
  Path Group:             ap_clk
  Path Type:              Setup (Max at Slow Process Corner)
  Requirement:            10.000ns  (ap_clk rise@10.000ns - ap_clk rise@0.000ns)
  Data Path Delay:        4.292ns  (logic 2.512ns (58.527%)  route 1.780ns (41.472%))
  Logic Levels:           8  (CARRY4=6 LUT3=1 LUT4=1)
  Clock Path Skew:        -0.049ns (DCD - SCD + CPR)
    Destination Clock Delay (DCD):    0.924ns = ( 10.924 - 10.000 ) 
    Source Clock Delay      (SCD):    0.973ns
    Clock Pessimism Removal (CPR):    0.000ns
  Clock Uncertainty:      0.035ns  ((TSJ^2 + TIJ^2)^1/2 + DJ) / 2 + PE
    Total System Jitter     (TSJ):    0.071ns
    Total Input Jitter      (TIJ):    0.000ns
    Discrete Jitter          (DJ):    0.000ns
    Phase Error              (PE):    0.000ns

    Location             Delay type                Incr(ns)  Path(ns)    Netlist Resource(s)
  -------------------------------------------------------------------    -------------------
                         (clock ap_clk rise edge)     0.000     0.000 r  
                                                      0.000     0.000 r  ap_clk (IN)
                         net (fo=368, unset)          0.973     0.973    bd_0_i/hls_inst/inst/ap_clk
                         FDRE                                         r  bd_0_i/hls_inst/inst/sum_V_reg[3]/C
  -------------------------------------------------------------------    -------------------
                         FDRE (Prop_fdre_C_Q)         0.518     1.491 r  bd_0_i/hls_inst/inst/sum_V_reg[3]/Q
                         net (fo=2, unplaced)         0.752     2.243    bd_0_i/hls_inst/inst/mac_muladd_16s_8s_25s_25_4_1_U14/fir_decimation_filter_mac_muladd_16s_8s_25s_25_4_1_DSP48_2_U/B_V_data_1_payload_A_reg[31][3]
                         LUT3 (Prop_lut3_I0_O)        0.321     2.564 r  bd_0_i/hls_inst/inst/mac_muladd_16s_8s_25s_25_4_1_U14/fir_decimation_filter_mac_muladd_16s_8s_25s_25_4_1_DSP48_2_U/output_temp_data_V_reg_781[7]_i_5/O
                         net (fo=2, unplaced)         0.485     3.049    bd_0_i/hls_inst/inst/mac_muladd_16s_8s_25s_25_4_1_U14/fir_decimation_filter_mac_muladd_16s_8s_25s_25_4_1_DSP48_2_U/output_temp_data_V_reg_781[7]_i_5_n_0
                         LUT4 (Prop_lut4_I3_O)        0.355     3.404 r  bd_0_i/hls_inst/inst/mac_muladd_16s_8s_25s_25_4_1_U14/fir_decimation_filter_mac_muladd_16s_8s_25s_25_4_1_DSP48_2_U/output_temp_data_V_reg_781[7]_i_9/O
                         net (fo=1, unplaced)         0.000     3.404    bd_0_i/hls_inst/inst/mac_muladd_16s_8s_25s_25_4_1_U14/fir_decimation_filter_mac_muladd_16s_8s_25s_25_4_1_DSP48_2_U/output_temp_data_V_reg_781[7]_i_9_n_0
                         CARRY4 (Prop_carry4_S[0]_CO[3])
                                                      0.513     3.917 r  bd_0_i/hls_inst/inst/mac_muladd_16s_8s_25s_25_4_1_U14/fir_decimation_filter_mac_muladd_16s_8s_25s_25_4_1_DSP48_2_U/output_temp_data_V_reg_781_reg[7]_i_1/CO[3]
                         net (fo=1, unplaced)         0.000     3.917    bd_0_i/hls_inst/inst/mac_muladd_16s_8s_25s_25_4_1_U14/fir_decimation_filter_mac_muladd_16s_8s_25s_25_4_1_DSP48_2_U/output_temp_data_V_reg_781_reg[7]_i_1_n_0
                         CARRY4 (Prop_carry4_CI_CO[3])
                                                      0.117     4.034 r  bd_0_i/hls_inst/inst/mac_muladd_16s_8s_25s_25_4_1_U14/fir_decimation_filter_mac_muladd_16s_8s_25s_25_4_1_DSP48_2_U/output_temp_data_V_reg_781_reg[11]_i_1/CO[3]
                         net (fo=1, unplaced)         0.000     4.034    bd_0_i/hls_inst/inst/mac_muladd_16s_8s_25s_25_4_1_U14/fir_decimation_filter_mac_muladd_16s_8s_25s_25_4_1_DSP48_2_U/output_temp_data_V_reg_781_reg[11]_i_1_n_0
                         CARRY4 (Prop_carry4_CI_CO[3])
                                                      0.117     4.151 r  bd_0_i/hls_inst/inst/mac_muladd_16s_8s_25s_25_4_1_U14/fir_decimation_filter_mac_muladd_16s_8s_25s_25_4_1_DSP48_2_U/output_temp_data_V_reg_781_reg[15]_i_1/CO[3]
                         net (fo=1, unplaced)         0.000     4.151    bd_0_i/hls_inst/inst/mac_muladd_16s_8s_25s_25_4_1_U14/fir_decimation_filter_mac_muladd_16s_8s_25s_25_4_1_DSP48_2_U/output_temp_data_V_reg_781_reg[15]_i_1_n_0
                         CARRY4 (Prop_carry4_CI_CO[3])
                                                      0.117     4.268 r  bd_0_i/hls_inst/inst/mac_muladd_16s_8s_25s_25_4_1_U14/fir_decimation_filter_mac_muladd_16s_8s_25s_25_4_1_DSP48_2_U/output_temp_data_V_reg_781_reg[19]_i_1/CO[3]
                         net (fo=1, unplaced)         0.000     4.268    bd_0_i/hls_inst/inst/mac_muladd_16s_8s_25s_25_4_1_U14/fir_decimation_filter_mac_muladd_16s_8s_25s_25_4_1_DSP48_2_U/output_temp_data_V_reg_781_reg[19]_i_1_n_0
                         CARRY4 (Prop_carry4_CI_CO[3])
                                                      0.117     4.385 r  bd_0_i/hls_inst/inst/mac_muladd_16s_8s_25s_25_4_1_U14/fir_decimation_filter_mac_muladd_16s_8s_25s_25_4_1_DSP48_2_U/output_temp_data_V_reg_781_reg[23]_i_1/CO[3]
                         net (fo=1, unplaced)         0.000     4.385    bd_0_i/hls_inst/inst/mac_muladd_16s_8s_25s_25_4_1_U14/fir_decimation_filter_mac_muladd_16s_8s_25s_25_4_1_DSP48_2_U/output_temp_data_V_reg_781_reg[23]_i_1_n_0
                         CARRY4 (Prop_carry4_CI_O[1])
                                                      0.337     4.722 r  bd_0_i/hls_inst/inst/mac_muladd_16s_8s_25s_25_4_1_U14/fir_decimation_filter_mac_muladd_16s_8s_25s_25_4_1_DSP48_2_U/output_temp_data_V_reg_781_reg[27]_i_1/O[1]
                         net (fo=3, unplaced)         0.543     5.265    bd_0_i/hls_inst/inst/output_r_TDATA_int_regslice[25]
                         FDRE                                         r  bd_0_i/hls_inst/inst/output_temp_data_V_reg_781_reg[25]/D
  -------------------------------------------------------------------    -------------------

                         (clock ap_clk rise edge)    10.000    10.000 r  
                                                      0.000    10.000 r  ap_clk (IN)
                         net (fo=368, unset)          0.924    10.924    bd_0_i/hls_inst/inst/ap_clk
                         FDRE                                         r  bd_0_i/hls_inst/inst/output_temp_data_V_reg_781_reg[25]/C
                         clock pessimism              0.000    10.924    
                         clock uncertainty           -0.035    10.889    
                         FDRE (Setup_fdre_C_D)       -0.198    10.691    bd_0_i/hls_inst/inst/output_temp_data_V_reg_781_reg[25]
  -------------------------------------------------------------------
                         required time                         10.691    
                         arrival time                          -5.265    
  -------------------------------------------------------------------
                         slack                                  5.426    

Slack (MET) :             5.426ns  (required time - arrival time)
  Source:                 bd_0_i/hls_inst/inst/sum_V_reg[3]/C
                            (rising edge-triggered cell FDRE clocked by ap_clk  {rise@0.000ns fall@5.000ns period=10.000ns})
  Destination:            bd_0_i/hls_inst/inst/regslice_both_output_r_V_data_V_U/B_V_data_1_payload_B_reg[25]/D
                            (rising edge-triggered cell FDRE clocked by ap_clk  {rise@0.000ns fall@5.000ns period=10.000ns})
  Path Group:             ap_clk
  Path Type:              Setup (Max at Slow Process Corner)
  Requirement:            10.000ns  (ap_clk rise@10.000ns - ap_clk rise@0.000ns)
  Data Path Delay:        4.292ns  (logic 2.512ns (58.527%)  route 1.780ns (41.472%))
  Logic Levels:           8  (CARRY4=6 LUT3=1 LUT4=1)
  Clock Path Skew:        -0.049ns (DCD - SCD + CPR)
    Destination Clock Delay (DCD):    0.924ns = ( 10.924 - 10.000 ) 
    Source Clock Delay      (SCD):    0.973ns
    Clock Pessimism Removal (CPR):    0.000ns
  Clock Uncertainty:      0.035ns  ((TSJ^2 + TIJ^2)^1/2 + DJ) / 2 + PE
    Total System Jitter     (TSJ):    0.071ns
    Total Input Jitter      (TIJ):    0.000ns
    Discrete Jitter          (DJ):    0.000ns
    Phase Error              (PE):    0.000ns

    Location             Delay type                Incr(ns)  Path(ns)    Netlist Resource(s)
  -------------------------------------------------------------------    -------------------
                         (clock ap_clk rise edge)     0.000     0.000 r  
                                                      0.000     0.000 r  ap_clk (IN)
                         net (fo=368, unset)          0.973     0.973    bd_0_i/hls_inst/inst/ap_clk
                         FDRE                                         r  bd_0_i/hls_inst/inst/sum_V_reg[3]/C
  -------------------------------------------------------------------    -------------------
                         FDRE (Prop_fdre_C_Q)         0.518     1.491 r  bd_0_i/hls_inst/inst/sum_V_reg[3]/Q
                         net (fo=2, unplaced)         0.752     2.243    bd_0_i/hls_inst/inst/mac_muladd_16s_8s_25s_25_4_1_U14/fir_decimation_filter_mac_muladd_16s_8s_25s_25_4_1_DSP48_2_U/B_V_data_1_payload_A_reg[31][3]
                         LUT3 (Prop_lut3_I0_O)        0.321     2.564 r  bd_0_i/hls_inst/inst/mac_muladd_16s_8s_25s_25_4_1_U14/fir_decimation_filter_mac_muladd_16s_8s_25s_25_4_1_DSP48_2_U/output_temp_data_V_reg_781[7]_i_5/O
                         net (fo=2, unplaced)         0.485     3.049    bd_0_i/hls_inst/inst/mac_muladd_16s_8s_25s_25_4_1_U14/fir_decimation_filter_mac_muladd_16s_8s_25s_25_4_1_DSP48_2_U/output_temp_data_V_reg_781[7]_i_5_n_0
                         LUT4 (Prop_lut4_I3_O)        0.355     3.404 r  bd_0_i/hls_inst/inst/mac_muladd_16s_8s_25s_25_4_1_U14/fir_decimation_filter_mac_muladd_16s_8s_25s_25_4_1_DSP48_2_U/output_temp_data_V_reg_781[7]_i_9/O
                         net (fo=1, unplaced)         0.000     3.404    bd_0_i/hls_inst/inst/mac_muladd_16s_8s_25s_25_4_1_U14/fir_decimation_filter_mac_muladd_16s_8s_25s_25_4_1_DSP48_2_U/output_temp_data_V_reg_781[7]_i_9_n_0
                         CARRY4 (Prop_carry4_S[0]_CO[3])
                                                      0.513     3.917 r  bd_0_i/hls_inst/inst/mac_muladd_16s_8s_25s_25_4_1_U14/fir_decimation_filter_mac_muladd_16s_8s_25s_25_4_1_DSP48_2_U/output_temp_data_V_reg_781_reg[7]_i_1/CO[3]
                         net (fo=1, unplaced)         0.000     3.917    bd_0_i/hls_inst/inst/mac_muladd_16s_8s_25s_25_4_1_U14/fir_decimation_filter_mac_muladd_16s_8s_25s_25_4_1_DSP48_2_U/output_temp_data_V_reg_781_reg[7]_i_1_n_0
                         CARRY4 (Prop_carry4_CI_CO[3])
                                                      0.117     4.034 r  bd_0_i/hls_inst/inst/mac_muladd_16s_8s_25s_25_4_1_U14/fir_decimation_filter_mac_muladd_16s_8s_25s_25_4_1_DSP48_2_U/output_temp_data_V_reg_781_reg[11]_i_1/CO[3]
                         net (fo=1, unplaced)         0.000     4.034    bd_0_i/hls_inst/inst/mac_muladd_16s_8s_25s_25_4_1_U14/fir_decimation_filter_mac_muladd_16s_8s_25s_25_4_1_DSP48_2_U/output_temp_data_V_reg_781_reg[11]_i_1_n_0
                         CARRY4 (Prop_carry4_CI_CO[3])
                                                      0.117     4.151 r  bd_0_i/hls_inst/inst/mac_muladd_16s_8s_25s_25_4_1_U14/fir_decimation_filter_mac_muladd_16s_8s_25s_25_4_1_DSP48_2_U/output_temp_data_V_reg_781_reg[15]_i_1/CO[3]
                         net (fo=1, unplaced)         0.000     4.151    bd_0_i/hls_inst/inst/mac_muladd_16s_8s_25s_25_4_1_U14/fir_decimation_filter_mac_muladd_16s_8s_25s_25_4_1_DSP48_2_U/output_temp_data_V_reg_781_reg[15]_i_1_n_0
                         CARRY4 (Prop_carry4_CI_CO[3])
                                                      0.117     4.268 r  bd_0_i/hls_inst/inst/mac_muladd_16s_8s_25s_25_4_1_U14/fir_decimation_filter_mac_muladd_16s_8s_25s_25_4_1_DSP48_2_U/output_temp_data_V_reg_781_reg[19]_i_1/CO[3]
                         net (fo=1, unplaced)         0.000     4.268    bd_0_i/hls_inst/inst/mac_muladd_16s_8s_25s_25_4_1_U14/fir_decimation_filter_mac_muladd_16s_8s_25s_25_4_1_DSP48_2_U/output_temp_data_V_reg_781_reg[19]_i_1_n_0
                         CARRY4 (Prop_carry4_CI_CO[3])
                                                      0.117     4.385 r  bd_0_i/hls_inst/inst/mac_muladd_16s_8s_25s_25_4_1_U14/fir_decimation_filter_mac_muladd_16s_8s_25s_25_4_1_DSP48_2_U/output_temp_data_V_reg_781_reg[23]_i_1/CO[3]
                         net (fo=1, unplaced)         0.000     4.385    bd_0_i/hls_inst/inst/mac_muladd_16s_8s_25s_25_4_1_U14/fir_decimation_filter_mac_muladd_16s_8s_25s_25_4_1_DSP48_2_U/output_temp_data_V_reg_781_reg[23]_i_1_n_0
                         CARRY4 (Prop_carry4_CI_O[1])
                                                      0.337     4.722 r  bd_0_i/hls_inst/inst/mac_muladd_16s_8s_25s_25_4_1_U14/fir_decimation_filter_mac_muladd_16s_8s_25s_25_4_1_DSP48_2_U/output_temp_data_V_reg_781_reg[27]_i_1/O[1]
                         net (fo=3, unplaced)         0.543     5.265    bd_0_i/hls_inst/inst/regslice_both_output_r_V_data_V_U/B_V_data_1_payload_A_reg[31]_1[25]
                         FDRE                                         r  bd_0_i/hls_inst/inst/regslice_both_output_r_V_data_V_U/B_V_data_1_payload_B_reg[25]/D
  -------------------------------------------------------------------    -------------------

                         (clock ap_clk rise edge)    10.000    10.000 r  
                                                      0.000    10.000 r  ap_clk (IN)
                         net (fo=368, unset)          0.924    10.924    bd_0_i/hls_inst/inst/regslice_both_output_r_V_data_V_U/ap_clk
                         FDRE                                         r  bd_0_i/hls_inst/inst/regslice_both_output_r_V_data_V_U/B_V_data_1_payload_B_reg[25]/C
                         clock pessimism              0.000    10.924    
                         clock uncertainty           -0.035    10.889    
                         FDRE (Setup_fdre_C_D)       -0.198    10.691    bd_0_i/hls_inst/inst/regslice_both_output_r_V_data_V_U/B_V_data_1_payload_B_reg[25]
  -------------------------------------------------------------------
                         required time                         10.691    
                         arrival time                          -5.265    
  -------------------------------------------------------------------
                         slack                                  5.426    

Slack (MET) :             5.436ns  (required time - arrival time)
  Source:                 bd_0_i/hls_inst/inst/sum_V_reg[3]/C
                            (rising edge-triggered cell FDRE clocked by ap_clk  {rise@0.000ns fall@5.000ns period=10.000ns})
  Destination:            bd_0_i/hls_inst/inst/output_temp_data_V_reg_781_reg[27]/D
                            (rising edge-triggered cell FDRE clocked by ap_clk  {rise@0.000ns fall@5.000ns period=10.000ns})
  Path Group:             ap_clk
  Path Type:              Setup (Max at Slow Process Corner)
  Requirement:            10.000ns  (ap_clk rise@10.000ns - ap_clk rise@0.000ns)
  Data Path Delay:        4.281ns  (logic 2.506ns (58.538%)  route 1.775ns (41.462%))
  Logic Levels:           8  (CARRY4=6 LUT3=1 LUT4=1)
  Clock Path Skew:        -0.049ns (DCD - SCD + CPR)
    Destination Clock Delay (DCD):    0.924ns = ( 10.924 - 10.000 ) 
    Source Clock Delay      (SCD):    0.973ns
    Clock Pessimism Removal (CPR):    0.000ns
  Clock Uncertainty:      0.035ns  ((TSJ^2 + TIJ^2)^1/2 + DJ) / 2 + PE
    Total System Jitter     (TSJ):    0.071ns
    Total Input Jitter      (TIJ):    0.000ns
    Discrete Jitter          (DJ):    0.000ns
    Phase Error              (PE):    0.000ns

    Location             Delay type                Incr(ns)  Path(ns)    Netlist Resource(s)
  -------------------------------------------------------------------    -------------------
                         (clock ap_clk rise edge)     0.000     0.000 r  
                                                      0.000     0.000 r  ap_clk (IN)
                         net (fo=368, unset)          0.973     0.973    bd_0_i/hls_inst/inst/ap_clk
                         FDRE                                         r  bd_0_i/hls_inst/inst/sum_V_reg[3]/C
  -------------------------------------------------------------------    -------------------
                         FDRE (Prop_fdre_C_Q)         0.518     1.491 r  bd_0_i/hls_inst/inst/sum_V_reg[3]/Q
                         net (fo=2, unplaced)         0.752     2.243    bd_0_i/hls_inst/inst/mac_muladd_16s_8s_25s_25_4_1_U14/fir_decimation_filter_mac_muladd_16s_8s_25s_25_4_1_DSP48_2_U/B_V_data_1_payload_A_reg[31][3]
                         LUT3 (Prop_lut3_I0_O)        0.321     2.564 r  bd_0_i/hls_inst/inst/mac_muladd_16s_8s_25s_25_4_1_U14/fir_decimation_filter_mac_muladd_16s_8s_25s_25_4_1_DSP48_2_U/output_temp_data_V_reg_781[7]_i_5/O
                         net (fo=2, unplaced)         0.485     3.049    bd_0_i/hls_inst/inst/mac_muladd_16s_8s_25s_25_4_1_U14/fir_decimation_filter_mac_muladd_16s_8s_25s_25_4_1_DSP48_2_U/output_temp_data_V_reg_781[7]_i_5_n_0
                         LUT4 (Prop_lut4_I3_O)        0.355     3.404 r  bd_0_i/hls_inst/inst/mac_muladd_16s_8s_25s_25_4_1_U14/fir_decimation_filter_mac_muladd_16s_8s_25s_25_4_1_DSP48_2_U/output_temp_data_V_reg_781[7]_i_9/O
                         net (fo=1, unplaced)         0.000     3.404    bd_0_i/hls_inst/inst/mac_muladd_16s_8s_25s_25_4_1_U14/fir_decimation_filter_mac_muladd_16s_8s_25s_25_4_1_DSP48_2_U/output_temp_data_V_reg_781[7]_i_9_n_0
                         CARRY4 (Prop_carry4_S[0]_CO[3])
                                                      0.513     3.917 r  bd_0_i/hls_inst/inst/mac_muladd_16s_8s_25s_25_4_1_U14/fir_decimation_filter_mac_muladd_16s_8s_25s_25_4_1_DSP48_2_U/output_temp_data_V_reg_781_reg[7]_i_1/CO[3]
                         net (fo=1, unplaced)         0.000     3.917    bd_0_i/hls_inst/inst/mac_muladd_16s_8s_25s_25_4_1_U14/fir_decimation_filter_mac_muladd_16s_8s_25s_25_4_1_DSP48_2_U/output_temp_data_V_reg_781_reg[7]_i_1_n_0
                         CARRY4 (Prop_carry4_CI_CO[3])
                                                      0.117     4.034 r  bd_0_i/hls_inst/inst/mac_muladd_16s_8s_25s_25_4_1_U14/fir_decimation_filter_mac_muladd_16s_8s_25s_25_4_1_DSP48_2_U/output_temp_data_V_reg_781_reg[11]_i_1/CO[3]
                         net (fo=1, unplaced)         0.000     4.034    bd_0_i/hls_inst/inst/mac_muladd_16s_8s_25s_25_4_1_U14/fir_decimation_filter_mac_muladd_16s_8s_25s_25_4_1_DSP48_2_U/output_temp_data_V_reg_781_reg[11]_i_1_n_0
                         CARRY4 (Prop_carry4_CI_CO[3])
                                                      0.117     4.151 r  bd_0_i/hls_inst/inst/mac_muladd_16s_8s_25s_25_4_1_U14/fir_decimation_filter_mac_muladd_16s_8s_25s_25_4_1_DSP48_2_U/output_temp_data_V_reg_781_reg[15]_i_1/CO[3]
                         net (fo=1, unplaced)         0.000     4.151    bd_0_i/hls_inst/inst/mac_muladd_16s_8s_25s_25_4_1_U14/fir_decimation_filter_mac_muladd_16s_8s_25s_25_4_1_DSP48_2_U/output_temp_data_V_reg_781_reg[15]_i_1_n_0
                         CARRY4 (Prop_carry4_CI_CO[3])
                                                      0.117     4.268 r  bd_0_i/hls_inst/inst/mac_muladd_16s_8s_25s_25_4_1_U14/fir_decimation_filter_mac_muladd_16s_8s_25s_25_4_1_DSP48_2_U/output_temp_data_V_reg_781_reg[19]_i_1/CO[3]
                         net (fo=1, unplaced)         0.000     4.268    bd_0_i/hls_inst/inst/mac_muladd_16s_8s_25s_25_4_1_U14/fir_decimation_filter_mac_muladd_16s_8s_25s_25_4_1_DSP48_2_U/output_temp_data_V_reg_781_reg[19]_i_1_n_0
                         CARRY4 (Prop_carry4_CI_CO[3])
                                                      0.117     4.385 r  bd_0_i/hls_inst/inst/mac_muladd_16s_8s_25s_25_4_1_U14/fir_decimation_filter_mac_muladd_16s_8s_25s_25_4_1_DSP48_2_U/output_temp_data_V_reg_781_reg[23]_i_1/CO[3]
                         net (fo=1, unplaced)         0.000     4.385    bd_0_i/hls_inst/inst/mac_muladd_16s_8s_25s_25_4_1_U14/fir_decimation_filter_mac_muladd_16s_8s_25s_25_4_1_DSP48_2_U/output_temp_data_V_reg_781_reg[23]_i_1_n_0
                         CARRY4 (Prop_carry4_CI_O[3])
                                                      0.331     4.716 r  bd_0_i/hls_inst/inst/mac_muladd_16s_8s_25s_25_4_1_U14/fir_decimation_filter_mac_muladd_16s_8s_25s_25_4_1_DSP48_2_U/output_temp_data_V_reg_781_reg[27]_i_1/O[3]
                         net (fo=3, unplaced)         0.538     5.254    bd_0_i/hls_inst/inst/output_r_TDATA_int_regslice[27]
                         FDRE                                         r  bd_0_i/hls_inst/inst/output_temp_data_V_reg_781_reg[27]/D
  -------------------------------------------------------------------    -------------------

                         (clock ap_clk rise edge)    10.000    10.000 r  
                                                      0.000    10.000 r  ap_clk (IN)
                         net (fo=368, unset)          0.924    10.924    bd_0_i/hls_inst/inst/ap_clk
                         FDRE                                         r  bd_0_i/hls_inst/inst/output_temp_data_V_reg_781_reg[27]/C
                         clock pessimism              0.000    10.924    
                         clock uncertainty           -0.035    10.889    
                         FDRE (Setup_fdre_C_D)       -0.199    10.690    bd_0_i/hls_inst/inst/output_temp_data_V_reg_781_reg[27]
  -------------------------------------------------------------------
                         required time                         10.690    
                         arrival time                          -5.254    
  -------------------------------------------------------------------
                         slack                                  5.436    

Slack (MET) :             5.436ns  (required time - arrival time)
  Source:                 bd_0_i/hls_inst/inst/sum_V_reg[3]/C
                            (rising edge-triggered cell FDRE clocked by ap_clk  {rise@0.000ns fall@5.000ns period=10.000ns})
  Destination:            bd_0_i/hls_inst/inst/regslice_both_output_r_V_data_V_U/B_V_data_1_payload_B_reg[27]/D
                            (rising edge-triggered cell FDRE clocked by ap_clk  {rise@0.000ns fall@5.000ns period=10.000ns})
  Path Group:             ap_clk
  Path Type:              Setup (Max at Slow Process Corner)
  Requirement:            10.000ns  (ap_clk rise@10.000ns - ap_clk rise@0.000ns)
  Data Path Delay:        4.281ns  (logic 2.506ns (58.538%)  route 1.775ns (41.462%))
  Logic Levels:           8  (CARRY4=6 LUT3=1 LUT4=1)
  Clock Path Skew:        -0.049ns (DCD - SCD + CPR)
    Destination Clock Delay (DCD):    0.924ns = ( 10.924 - 10.000 ) 
    Source Clock Delay      (SCD):    0.973ns
    Clock Pessimism Removal (CPR):    0.000ns
  Clock Uncertainty:      0.035ns  ((TSJ^2 + TIJ^2)^1/2 + DJ) / 2 + PE
    Total System Jitter     (TSJ):    0.071ns
    Total Input Jitter      (TIJ):    0.000ns
    Discrete Jitter          (DJ):    0.000ns
    Phase Error              (PE):    0.000ns

    Location             Delay type                Incr(ns)  Path(ns)    Netlist Resource(s)
  -------------------------------------------------------------------    -------------------
                         (clock ap_clk rise edge)     0.000     0.000 r  
                                                      0.000     0.000 r  ap_clk (IN)
                         net (fo=368, unset)          0.973     0.973    bd_0_i/hls_inst/inst/ap_clk
                         FDRE                                         r  bd_0_i/hls_inst/inst/sum_V_reg[3]/C
  -------------------------------------------------------------------    -------------------
                         FDRE (Prop_fdre_C_Q)         0.518     1.491 r  bd_0_i/hls_inst/inst/sum_V_reg[3]/Q
                         net (fo=2, unplaced)         0.752     2.243    bd_0_i/hls_inst/inst/mac_muladd_16s_8s_25s_25_4_1_U14/fir_decimation_filter_mac_muladd_16s_8s_25s_25_4_1_DSP48_2_U/B_V_data_1_payload_A_reg[31][3]
                         LUT3 (Prop_lut3_I0_O)        0.321     2.564 r  bd_0_i/hls_inst/inst/mac_muladd_16s_8s_25s_25_4_1_U14/fir_decimation_filter_mac_muladd_16s_8s_25s_25_4_1_DSP48_2_U/output_temp_data_V_reg_781[7]_i_5/O
                         net (fo=2, unplaced)         0.485     3.049    bd_0_i/hls_inst/inst/mac_muladd_16s_8s_25s_25_4_1_U14/fir_decimation_filter_mac_muladd_16s_8s_25s_25_4_1_DSP48_2_U/output_temp_data_V_reg_781[7]_i_5_n_0
                         LUT4 (Prop_lut4_I3_O)        0.355     3.404 r  bd_0_i/hls_inst/inst/mac_muladd_16s_8s_25s_25_4_1_U14/fir_decimation_filter_mac_muladd_16s_8s_25s_25_4_1_DSP48_2_U/output_temp_data_V_reg_781[7]_i_9/O
                         net (fo=1, unplaced)         0.000     3.404    bd_0_i/hls_inst/inst/mac_muladd_16s_8s_25s_25_4_1_U14/fir_decimation_filter_mac_muladd_16s_8s_25s_25_4_1_DSP48_2_U/output_temp_data_V_reg_781[7]_i_9_n_0
                         CARRY4 (Prop_carry4_S[0]_CO[3])
                                                      0.513     3.917 r  bd_0_i/hls_inst/inst/mac_muladd_16s_8s_25s_25_4_1_U14/fir_decimation_filter_mac_muladd_16s_8s_25s_25_4_1_DSP48_2_U/output_temp_data_V_reg_781_reg[7]_i_1/CO[3]
                         net (fo=1, unplaced)         0.000     3.917    bd_0_i/hls_inst/inst/mac_muladd_16s_8s_25s_25_4_1_U14/fir_decimation_filter_mac_muladd_16s_8s_25s_25_4_1_DSP48_2_U/output_temp_data_V_reg_781_reg[7]_i_1_n_0
                         CARRY4 (Prop_carry4_CI_CO[3])
                                                      0.117     4.034 r  bd_0_i/hls_inst/inst/mac_muladd_16s_8s_25s_25_4_1_U14/fir_decimation_filter_mac_muladd_16s_8s_25s_25_4_1_DSP48_2_U/output_temp_data_V_reg_781_reg[11]_i_1/CO[3]
                         net (fo=1, unplaced)         0.000     4.034    bd_0_i/hls_inst/inst/mac_muladd_16s_8s_25s_25_4_1_U14/fir_decimation_filter_mac_muladd_16s_8s_25s_25_4_1_DSP48_2_U/output_temp_data_V_reg_781_reg[11]_i_1_n_0
                         CARRY4 (Prop_carry4_CI_CO[3])
                                                      0.117     4.151 r  bd_0_i/hls_inst/inst/mac_muladd_16s_8s_25s_25_4_1_U14/fir_decimation_filter_mac_muladd_16s_8s_25s_25_4_1_DSP48_2_U/output_temp_data_V_reg_781_reg[15]_i_1/CO[3]
                         net (fo=1, unplaced)         0.000     4.151    bd_0_i/hls_inst/inst/mac_muladd_16s_8s_25s_25_4_1_U14/fir_decimation_filter_mac_muladd_16s_8s_25s_25_4_1_DSP48_2_U/output_temp_data_V_reg_781_reg[15]_i_1_n_0
                         CARRY4 (Prop_carry4_CI_CO[3])
                                                      0.117     4.268 r  bd_0_i/hls_inst/inst/mac_muladd_16s_8s_25s_25_4_1_U14/fir_decimation_filter_mac_muladd_16s_8s_25s_25_4_1_DSP48_2_U/output_temp_data_V_reg_781_reg[19]_i_1/CO[3]
                         net (fo=1, unplaced)         0.000     4.268    bd_0_i/hls_inst/inst/mac_muladd_16s_8s_25s_25_4_1_U14/fir_decimation_filter_mac_muladd_16s_8s_25s_25_4_1_DSP48_2_U/output_temp_data_V_reg_781_reg[19]_i_1_n_0
                         CARRY4 (Prop_carry4_CI_CO[3])
                                                      0.117     4.385 r  bd_0_i/hls_inst/inst/mac_muladd_16s_8s_25s_25_4_1_U14/fir_decimation_filter_mac_muladd_16s_8s_25s_25_4_1_DSP48_2_U/output_temp_data_V_reg_781_reg[23]_i_1/CO[3]
                         net (fo=1, unplaced)         0.000     4.385    bd_0_i/hls_inst/inst/mac_muladd_16s_8s_25s_25_4_1_U14/fir_decimation_filter_mac_muladd_16s_8s_25s_25_4_1_DSP48_2_U/output_temp_data_V_reg_781_reg[23]_i_1_n_0
                         CARRY4 (Prop_carry4_CI_O[3])
                                                      0.331     4.716 r  bd_0_i/hls_inst/inst/mac_muladd_16s_8s_25s_25_4_1_U14/fir_decimation_filter_mac_muladd_16s_8s_25s_25_4_1_DSP48_2_U/output_temp_data_V_reg_781_reg[27]_i_1/O[3]
                         net (fo=3, unplaced)         0.538     5.254    bd_0_i/hls_inst/inst/regslice_both_output_r_V_data_V_U/B_V_data_1_payload_A_reg[31]_1[27]
                         FDRE                                         r  bd_0_i/hls_inst/inst/regslice_both_output_r_V_data_V_U/B_V_data_1_payload_B_reg[27]/D
  -------------------------------------------------------------------    -------------------

                         (clock ap_clk rise edge)    10.000    10.000 r  
                                                      0.000    10.000 r  ap_clk (IN)
                         net (fo=368, unset)          0.924    10.924    bd_0_i/hls_inst/inst/regslice_both_output_r_V_data_V_U/ap_clk
                         FDRE                                         r  bd_0_i/hls_inst/inst/regslice_both_output_r_V_data_V_U/B_V_data_1_payload_B_reg[27]/C
                         clock pessimism              0.000    10.924    
                         clock uncertainty           -0.035    10.889    
                         FDRE (Setup_fdre_C_D)       -0.199    10.690    bd_0_i/hls_inst/inst/regslice_both_output_r_V_data_V_U/B_V_data_1_payload_B_reg[27]
  -------------------------------------------------------------------
                         required time                         10.690    
                         arrival time                          -5.254    
  -------------------------------------------------------------------
                         slack                                  5.436    

Slack (MET) :             5.543ns  (required time - arrival time)
  Source:                 bd_0_i/hls_inst/inst/sum_V_reg[3]/C
                            (rising edge-triggered cell FDRE clocked by ap_clk  {rise@0.000ns fall@5.000ns period=10.000ns})
  Destination:            bd_0_i/hls_inst/inst/output_temp_data_V_reg_781_reg[21]/D
                            (rising edge-triggered cell FDRE clocked by ap_clk  {rise@0.000ns fall@5.000ns period=10.000ns})
  Path Group:             ap_clk
  Path Type:              Setup (Max at Slow Process Corner)
  Requirement:            10.000ns  (ap_clk rise@10.000ns - ap_clk rise@0.000ns)
  Data Path Delay:        4.175ns  (logic 2.395ns (57.365%)  route 1.780ns (42.635%))
  Logic Levels:           7  (CARRY4=5 LUT3=1 LUT4=1)
  Clock Path Skew:        -0.049ns (DCD - SCD + CPR)
    Destination Clock Delay (DCD):    0.924ns = ( 10.924 - 10.000 ) 
    Source Clock Delay      (SCD):    0.973ns
    Clock Pessimism Removal (CPR):    0.000ns
  Clock Uncertainty:      0.035ns  ((TSJ^2 + TIJ^2)^1/2 + DJ) / 2 + PE
    Total System Jitter     (TSJ):    0.071ns
    Total Input Jitter      (TIJ):    0.000ns
    Discrete Jitter          (DJ):    0.000ns
    Phase Error              (PE):    0.000ns

    Location             Delay type                Incr(ns)  Path(ns)    Netlist Resource(s)
  -------------------------------------------------------------------    -------------------
                         (clock ap_clk rise edge)     0.000     0.000 r  
                                                      0.000     0.000 r  ap_clk (IN)
                         net (fo=368, unset)          0.973     0.973    bd_0_i/hls_inst/inst/ap_clk
                         FDRE                                         r  bd_0_i/hls_inst/inst/sum_V_reg[3]/C
  -------------------------------------------------------------------    -------------------
                         FDRE (Prop_fdre_C_Q)         0.518     1.491 r  bd_0_i/hls_inst/inst/sum_V_reg[3]/Q
                         net (fo=2, unplaced)         0.752     2.243    bd_0_i/hls_inst/inst/mac_muladd_16s_8s_25s_25_4_1_U14/fir_decimation_filter_mac_muladd_16s_8s_25s_25_4_1_DSP48_2_U/B_V_data_1_payload_A_reg[31][3]
                         LUT3 (Prop_lut3_I0_O)        0.321     2.564 r  bd_0_i/hls_inst/inst/mac_muladd_16s_8s_25s_25_4_1_U14/fir_decimation_filter_mac_muladd_16s_8s_25s_25_4_1_DSP48_2_U/output_temp_data_V_reg_781[7]_i_5/O
                         net (fo=2, unplaced)         0.485     3.049    bd_0_i/hls_inst/inst/mac_muladd_16s_8s_25s_25_4_1_U14/fir_decimation_filter_mac_muladd_16s_8s_25s_25_4_1_DSP48_2_U/output_temp_data_V_reg_781[7]_i_5_n_0
                         LUT4 (Prop_lut4_I3_O)        0.355     3.404 r  bd_0_i/hls_inst/inst/mac_muladd_16s_8s_25s_25_4_1_U14/fir_decimation_filter_mac_muladd_16s_8s_25s_25_4_1_DSP48_2_U/output_temp_data_V_reg_781[7]_i_9/O
                         net (fo=1, unplaced)         0.000     3.404    bd_0_i/hls_inst/inst/mac_muladd_16s_8s_25s_25_4_1_U14/fir_decimation_filter_mac_muladd_16s_8s_25s_25_4_1_DSP48_2_U/output_temp_data_V_reg_781[7]_i_9_n_0
                         CARRY4 (Prop_carry4_S[0]_CO[3])
                                                      0.513     3.917 r  bd_0_i/hls_inst/inst/mac_muladd_16s_8s_25s_25_4_1_U14/fir_decimation_filter_mac_muladd_16s_8s_25s_25_4_1_DSP48_2_U/output_temp_data_V_reg_781_reg[7]_i_1/CO[3]
                         net (fo=1, unplaced)         0.000     3.917    bd_0_i/hls_inst/inst/mac_muladd_16s_8s_25s_25_4_1_U14/fir_decimation_filter_mac_muladd_16s_8s_25s_25_4_1_DSP48_2_U/output_temp_data_V_reg_781_reg[7]_i_1_n_0
                         CARRY4 (Prop_carry4_CI_CO[3])
                                                      0.117     4.034 r  bd_0_i/hls_inst/inst/mac_muladd_16s_8s_25s_25_4_1_U14/fir_decimation_filter_mac_muladd_16s_8s_25s_25_4_1_DSP48_2_U/output_temp_data_V_reg_781_reg[11]_i_1/CO[3]
                         net (fo=1, unplaced)         0.000     4.034    bd_0_i/hls_inst/inst/mac_muladd_16s_8s_25s_25_4_1_U14/fir_decimation_filter_mac_muladd_16s_8s_25s_25_4_1_DSP48_2_U/output_temp_data_V_reg_781_reg[11]_i_1_n_0
                         CARRY4 (Prop_carry4_CI_CO[3])
                                                      0.117     4.151 r  bd_0_i/hls_inst/inst/mac_muladd_16s_8s_25s_25_4_1_U14/fir_decimation_filter_mac_muladd_16s_8s_25s_25_4_1_DSP48_2_U/output_temp_data_V_reg_781_reg[15]_i_1/CO[3]
                         net (fo=1, unplaced)         0.000     4.151    bd_0_i/hls_inst/inst/mac_muladd_16s_8s_25s_25_4_1_U14/fir_decimation_filter_mac_muladd_16s_8s_25s_25_4_1_DSP48_2_U/output_temp_data_V_reg_781_reg[15]_i_1_n_0
                         CARRY4 (Prop_carry4_CI_CO[3])
                                                      0.117     4.268 r  bd_0_i/hls_inst/inst/mac_muladd_16s_8s_25s_25_4_1_U14/fir_decimation_filter_mac_muladd_16s_8s_25s_25_4_1_DSP48_2_U/output_temp_data_V_reg_781_reg[19]_i_1/CO[3]
                         net (fo=1, unplaced)         0.000     4.268    bd_0_i/hls_inst/inst/mac_muladd_16s_8s_25s_25_4_1_U14/fir_decimation_filter_mac_muladd_16s_8s_25s_25_4_1_DSP48_2_U/output_temp_data_V_reg_781_reg[19]_i_1_n_0
                         CARRY4 (Prop_carry4_CI_O[1])
                                                      0.337     4.605 r  bd_0_i/hls_inst/inst/mac_muladd_16s_8s_25s_25_4_1_U14/fir_decimation_filter_mac_muladd_16s_8s_25s_25_4_1_DSP48_2_U/output_temp_data_V_reg_781_reg[23]_i_1/O[1]
                         net (fo=3, unplaced)         0.543     5.148    bd_0_i/hls_inst/inst/output_r_TDATA_int_regslice[21]
                         FDRE                                         r  bd_0_i/hls_inst/inst/output_temp_data_V_reg_781_reg[21]/D
  -------------------------------------------------------------------    -------------------

                         (clock ap_clk rise edge)    10.000    10.000 r  
                                                      0.000    10.000 r  ap_clk (IN)
                         net (fo=368, unset)          0.924    10.924    bd_0_i/hls_inst/inst/ap_clk
                         FDRE                                         r  bd_0_i/hls_inst/inst/output_temp_data_V_reg_781_reg[21]/C
                         clock pessimism              0.000    10.924    
                         clock uncertainty           -0.035    10.889    
                         FDRE (Setup_fdre_C_D)       -0.198    10.691    bd_0_i/hls_inst/inst/output_temp_data_V_reg_781_reg[21]
  -------------------------------------------------------------------
                         required time                         10.691    
                         arrival time                          -5.148    
  -------------------------------------------------------------------
                         slack                                  5.543    

Slack (MET) :             5.543ns  (required time - arrival time)
  Source:                 bd_0_i/hls_inst/inst/sum_V_reg[3]/C
                            (rising edge-triggered cell FDRE clocked by ap_clk  {rise@0.000ns fall@5.000ns period=10.000ns})
  Destination:            bd_0_i/hls_inst/inst/regslice_both_output_r_V_data_V_U/B_V_data_1_payload_A_reg[21]/D
                            (rising edge-triggered cell FDRE clocked by ap_clk  {rise@0.000ns fall@5.000ns period=10.000ns})
  Path Group:             ap_clk
  Path Type:              Setup (Max at Slow Process Corner)
  Requirement:            10.000ns  (ap_clk rise@10.000ns - ap_clk rise@0.000ns)
  Data Path Delay:        4.175ns  (logic 2.395ns (57.365%)  route 1.780ns (42.635%))
  Logic Levels:           7  (CARRY4=5 LUT3=1 LUT4=1)
  Clock Path Skew:        -0.049ns (DCD - SCD + CPR)
    Destination Clock Delay (DCD):    0.924ns = ( 10.924 - 10.000 ) 
    Source Clock Delay      (SCD):    0.973ns
    Clock Pessimism Removal (CPR):    0.000ns
  Clock Uncertainty:      0.035ns  ((TSJ^2 + TIJ^2)^1/2 + DJ) / 2 + PE
    Total System Jitter     (TSJ):    0.071ns
    Total Input Jitter      (TIJ):    0.000ns
    Discrete Jitter          (DJ):    0.000ns
    Phase Error              (PE):    0.000ns

    Location             Delay type                Incr(ns)  Path(ns)    Netlist Resource(s)
  -------------------------------------------------------------------    -------------------
                         (clock ap_clk rise edge)     0.000     0.000 r  
                                                      0.000     0.000 r  ap_clk (IN)
                         net (fo=368, unset)          0.973     0.973    bd_0_i/hls_inst/inst/ap_clk
                         FDRE                                         r  bd_0_i/hls_inst/inst/sum_V_reg[3]/C
  -------------------------------------------------------------------    -------------------
                         FDRE (Prop_fdre_C_Q)         0.518     1.491 r  bd_0_i/hls_inst/inst/sum_V_reg[3]/Q
                         net (fo=2, unplaced)         0.752     2.243    bd_0_i/hls_inst/inst/mac_muladd_16s_8s_25s_25_4_1_U14/fir_decimation_filter_mac_muladd_16s_8s_25s_25_4_1_DSP48_2_U/B_V_data_1_payload_A_reg[31][3]
                         LUT3 (Prop_lut3_I0_O)        0.321     2.564 r  bd_0_i/hls_inst/inst/mac_muladd_16s_8s_25s_25_4_1_U14/fir_decimation_filter_mac_muladd_16s_8s_25s_25_4_1_DSP48_2_U/output_temp_data_V_reg_781[7]_i_5/O
                         net (fo=2, unplaced)         0.485     3.049    bd_0_i/hls_inst/inst/mac_muladd_16s_8s_25s_25_4_1_U14/fir_decimation_filter_mac_muladd_16s_8s_25s_25_4_1_DSP48_2_U/output_temp_data_V_reg_781[7]_i_5_n_0
                         LUT4 (Prop_lut4_I3_O)        0.355     3.404 r  bd_0_i/hls_inst/inst/mac_muladd_16s_8s_25s_25_4_1_U14/fir_decimation_filter_mac_muladd_16s_8s_25s_25_4_1_DSP48_2_U/output_temp_data_V_reg_781[7]_i_9/O
                         net (fo=1, unplaced)         0.000     3.404    bd_0_i/hls_inst/inst/mac_muladd_16s_8s_25s_25_4_1_U14/fir_decimation_filter_mac_muladd_16s_8s_25s_25_4_1_DSP48_2_U/output_temp_data_V_reg_781[7]_i_9_n_0
                         CARRY4 (Prop_carry4_S[0]_CO[3])
                                                      0.513     3.917 r  bd_0_i/hls_inst/inst/mac_muladd_16s_8s_25s_25_4_1_U14/fir_decimation_filter_mac_muladd_16s_8s_25s_25_4_1_DSP48_2_U/output_temp_data_V_reg_781_reg[7]_i_1/CO[3]
                         net (fo=1, unplaced)         0.000     3.917    bd_0_i/hls_inst/inst/mac_muladd_16s_8s_25s_25_4_1_U14/fir_decimation_filter_mac_muladd_16s_8s_25s_25_4_1_DSP48_2_U/output_temp_data_V_reg_781_reg[7]_i_1_n_0
                         CARRY4 (Prop_carry4_CI_CO[3])
                                                      0.117     4.034 r  bd_0_i/hls_inst/inst/mac_muladd_16s_8s_25s_25_4_1_U14/fir_decimation_filter_mac_muladd_16s_8s_25s_25_4_1_DSP48_2_U/output_temp_data_V_reg_781_reg[11]_i_1/CO[3]
                         net (fo=1, unplaced)         0.000     4.034    bd_0_i/hls_inst/inst/mac_muladd_16s_8s_25s_25_4_1_U14/fir_decimation_filter_mac_muladd_16s_8s_25s_25_4_1_DSP48_2_U/output_temp_data_V_reg_781_reg[11]_i_1_n_0
                         CARRY4 (Prop_carry4_CI_CO[3])
                                                      0.117     4.151 r  bd_0_i/hls_inst/inst/mac_muladd_16s_8s_25s_25_4_1_U14/fir_decimation_filter_mac_muladd_16s_8s_25s_25_4_1_DSP48_2_U/output_temp_data_V_reg_781_reg[15]_i_1/CO[3]
                         net (fo=1, unplaced)         0.000     4.151    bd_0_i/hls_inst/inst/mac_muladd_16s_8s_25s_25_4_1_U14/fir_decimation_filter_mac_muladd_16s_8s_25s_25_4_1_DSP48_2_U/output_temp_data_V_reg_781_reg[15]_i_1_n_0
                         CARRY4 (Prop_carry4_CI_CO[3])
                                                      0.117     4.268 r  bd_0_i/hls_inst/inst/mac_muladd_16s_8s_25s_25_4_1_U14/fir_decimation_filter_mac_muladd_16s_8s_25s_25_4_1_DSP48_2_U/output_temp_data_V_reg_781_reg[19]_i_1/CO[3]
                         net (fo=1, unplaced)         0.000     4.268    bd_0_i/hls_inst/inst/mac_muladd_16s_8s_25s_25_4_1_U14/fir_decimation_filter_mac_muladd_16s_8s_25s_25_4_1_DSP48_2_U/output_temp_data_V_reg_781_reg[19]_i_1_n_0
                         CARRY4 (Prop_carry4_CI_O[1])
                                                      0.337     4.605 r  bd_0_i/hls_inst/inst/mac_muladd_16s_8s_25s_25_4_1_U14/fir_decimation_filter_mac_muladd_16s_8s_25s_25_4_1_DSP48_2_U/output_temp_data_V_reg_781_reg[23]_i_1/O[1]
                         net (fo=3, unplaced)         0.543     5.148    bd_0_i/hls_inst/inst/regslice_both_output_r_V_data_V_U/B_V_data_1_payload_A_reg[31]_1[21]
                         FDRE                                         r  bd_0_i/hls_inst/inst/regslice_both_output_r_V_data_V_U/B_V_data_1_payload_A_reg[21]/D
  -------------------------------------------------------------------    -------------------

                         (clock ap_clk rise edge)    10.000    10.000 r  
                                                      0.000    10.000 r  ap_clk (IN)
                         net (fo=368, unset)          0.924    10.924    bd_0_i/hls_inst/inst/regslice_both_output_r_V_data_V_U/ap_clk
                         FDRE                                         r  bd_0_i/hls_inst/inst/regslice_both_output_r_V_data_V_U/B_V_data_1_payload_A_reg[21]/C
                         clock pessimism              0.000    10.924    
                         clock uncertainty           -0.035    10.889    
                         FDRE (Setup_fdre_C_D)       -0.198    10.691    bd_0_i/hls_inst/inst/regslice_both_output_r_V_data_V_U/B_V_data_1_payload_A_reg[21]
  -------------------------------------------------------------------
                         required time                         10.691    
                         arrival time                          -5.148    
  -------------------------------------------------------------------
                         slack                                  5.543    




