Copyright 1986-2022 Xilinx, Inc. All Rights Reserved.
--------------------------------------------------------------------------------------------------------
| Tool Version : Vivado v.2022.1 (win64) Build 3526262 Mon Apr 18 15:48:16 MDT 2022
| Date         : Sat Sep 26 05:33:59 2026
| Host         : ndrswcy running 64-bit major release  (build 9200)
| Command      : report_design_analysis -file ./report/low_pass_filter_first_design_analysis_routed.rpt
| Design       : bd_0_wrapper
| Device       : xc7z020
| Design State : Routed
--------------------------------------------------------------------------------------------------------

Report Design Analysis

Table of Contents
-----------------
1. Setup Path Characteristics 1-1
2. Logic Level Distribution
3. Placer Final Level Congestion Reporting
4. Initial Estimated Router Congestion Reporting
5. SLR Net Crossing Reporting

1. Setup Path Characteristics 1-1
---------------------------------

+---------------------------+--------------------------------------+
|      Characteristics      |                Path #1               |
+---------------------------+--------------------------------------+
| Requirement               | 10.000                               |
| Path Delay                | 6.105                                |
| Logic Delay               | 0.670(11%)                           |
| Net Delay                 | 5.435(89%)                           |
| Clock Skew                | -0.049                               |
| Slack                     | 3.241                                |
| Clock Uncertainty         | 0.035                                |
| Clock Relationship        | Safely Timed                         |
| Clock Delay Group         | Same Clock                           |
| Logic Levels              | 1                                    |
| Routes                    | 2                                    |
| Logical Path              | FDRE/C-(127)-LUT2-(10)-DSP48E1/A[17] |
| Start Point Clock         | ap_clk                               |
| End Point Clock           | ap_clk                               |
| DSP Block                 | Seq                                  |
| RAM Registers             |                                      |
| IO Crossings              | 0                                    |
| Config Crossings          | 0                                    |
| SLR Crossings             | 0                                    |
| PBlocks                   | 0                                    |
| High Fanout               | 127                                  |
| Dont Touch                | 0                                    |
| Mark Debug                | 0                                    |
| Start Point Pin Primitive | FDRE/C                               |
| End Point Pin Primitive   | DSP48E1/A[17]                        |
| Start Point Pin           | empty_8_reg_1561_reg[1]/C            |
| End Point Pin             | dout_reg/A[17]                       |
+---------------------------+--------------------------------------+
* Bounding box calculated as % of dimensions for the target device (308, 299)


2. Logic Level Distribution
---------------------------

+-----------------+-------------+-----+-----+----+
| End Point Clock | Requirement |  0  |  1  |  2 |
+-----------------+-------------+-----+-----+----+
| ap_clk          | 10.000ns    | 468 | 518 | 14 |
+-----------------+-------------+-----+-----+----+
* Columns represent the logic levels per end point clock
** Distribution is for top worst 1000 paths


3. Placer Final Level Congestion Reporting
------------------------------------------

+-----------+------+-------+------------+--------+---------------+---------------+-----+--------+------+------+------+-----+-------+-----+------------+
| Direction | Type | Level | Congestion | Window | Combined LUTs | Avg LUT Input | LUT | LUTRAM | Flop | MUXF | RAMB | DSP | CARRY | SRL | Cell Names |
+-----------+------+-------+------------+--------+---------------+---------------+-----+--------+------+------+------+-----+-------+-----+------------+
* No congestion windows are found above level 5


4. Initial Estimated Router Congestion Reporting
------------------------------------------------

+-----------+------+-------+------------------+--------+---------------+---------------+-----+--------+------+------+------+-----+-------+-----+------------+
| Direction | Type | Level | Percentage Tiles | Window | Combined LUTs | Avg LUT Input | LUT | LUTRAM | Flop | MUXF | RAMB | DSP | CARRY | SRL | Cell Names |
+-----------+------+-------+------------------+--------+---------------+---------------+-----+--------+------+------+------+-----+-------+-----+------------+
* No initial estimated congestion windows are found above level 5


5. SLR Net Crossing Reporting
-----------------------------

+------------+-----------------------------+
| Cell Names | Number of Nets crossing SLR |
+------------+-----------------------------+
* The current part is not an SSI device


