Copyright 1986-2022 Xilinx, Inc. All Rights Reserved.
----------------------------------------------------------------------------------------------------------
| Tool Version : Vivado v.2022.1 (win64) Build 3526262 Mon Apr 18 15:48:16 MDT 2022
| Date         : Sat Sep 26 05:33:58 2026
| Host         : ndrswcy running 64-bit major release  (build 9200)
| Command      : report_timing -max_paths 10 -file ./report/low_pass_filter_first_timing_paths_routed.rpt
| Design       : bd_0_wrapper
| Device       : 7z020-clg400
| Speed File   : -1  PRODUCTION 1.12 2019-11-22
----------------------------------------------------------------------------------------------------------

Timing Report

Slack (MET) :             3.241ns  (required time - arrival time)
  Source:                 bd_0_i/hls_inst/inst/empty_8_reg_1561_reg[1]/C
                            (rising edge-triggered cell FDRE clocked by ap_clk  {rise@0.000ns fall@5.000ns period=10.000ns})
  Destination:            bd_0_i/hls_inst/inst/mul_32s_16s_47_2_1_U35/dout_reg/A[17]
                            (rising edge-triggered cell DSP48E1 clocked by ap_clk  {rise@0.000ns fall@5.000ns period=10.000ns})
  Path Group:             ap_clk
  Path Type:              Setup (Max at Slow Process Corner)
  Requirement:            10.000ns  (ap_clk rise@10.000ns - ap_clk rise@0.000ns)
  Data Path Delay:        6.105ns  (logic 0.670ns (10.975%)  route 5.435ns (89.025%))
  Logic Levels:           1  (LUT2=1)
  Clock Path Skew:        -0.049ns (DCD - SCD + CPR)
    Destination Clock Delay (DCD):    0.924ns = ( 10.924 - 10.000 ) 
    Source Clock Delay      (SCD):    0.973ns
    Clock Pessimism Removal (CPR):    0.000ns
  Clock Uncertainty:      0.035ns  ((TSJ^2 + TIJ^2)^1/2 + DJ) / 2 + PE
    Total System Jitter     (TSJ):    0.071ns
    Total Input Jitter      (TIJ):    0.000ns
    Discrete Jitter          (DJ):    0.000ns
    Phase Error              (PE):    0.000ns

    Location             Delay type                Incr(ns)  Path(ns)    Netlist Resource(s)
  -------------------------------------------------------------------    -------------------
                         (clock ap_clk rise edge)     0.000     0.000 r  
                                                      0.000     0.000 r  ap_clk (IN)
                         net (fo=2533, unset)         0.973     0.973    bd_0_i/hls_inst/inst/ap_clk
    SLICE_X36Y14         FDRE                                         r  bd_0_i/hls_inst/inst/empty_8_reg_1561_reg[1]/C
  -------------------------------------------------------------------    -------------------
    SLICE_X36Y14         FDRE (Prop_fdre_C_Q)         0.518     1.491 r  bd_0_i/hls_inst/inst/empty_8_reg_1561_reg[1]/Q
                         net (fo=127, routed)         3.747     5.238    bd_0_i/hls_inst/inst/mul_32s_16s_47_2_1_U35/empty_8_reg_1561[1]
    SLICE_X11Y18         LUT2 (Prop_lut2_I0_O)        0.152     5.390 r  bd_0_i/hls_inst/inst/mul_32s_16s_47_2_1_U35/dout_reg_i_17__2/O
                         net (fo=10, routed)          1.688     7.078    bd_0_i/hls_inst/inst/mul_32s_16s_47_2_1_U35/empty_8_reg_1561_reg[1][0]
    DSP48_X1Y11          DSP48E1                                      r  bd_0_i/hls_inst/inst/mul_32s_16s_47_2_1_U35/dout_reg/A[17]
  -------------------------------------------------------------------    -------------------

                         (clock ap_clk rise edge)    10.000    10.000 r  
                                                      0.000    10.000 r  ap_clk (IN)
                         net (fo=2533, unset)         0.924    10.924    bd_0_i/hls_inst/inst/mul_32s_16s_47_2_1_U35/ap_clk
    DSP48_X1Y11          DSP48E1                                      r  bd_0_i/hls_inst/inst/mul_32s_16s_47_2_1_U35/dout_reg/CLK
                         clock pessimism              0.000    10.924    
                         clock uncertainty           -0.035    10.889    
    DSP48_X1Y11          DSP48E1 (Setup_dsp48e1_CLK_A[17])
                                                     -0.570    10.319    bd_0_i/hls_inst/inst/mul_32s_16s_47_2_1_U35/dout_reg
  -------------------------------------------------------------------
                         required time                         10.319    
                         arrival time                          -7.078    
  -------------------------------------------------------------------
                         slack                                  3.241    

Slack (MET) :             3.241ns  (required time - arrival time)
  Source:                 bd_0_i/hls_inst/inst/empty_8_reg_1561_reg[1]/C
                            (rising edge-triggered cell FDRE clocked by ap_clk  {rise@0.000ns fall@5.000ns period=10.000ns})
  Destination:            bd_0_i/hls_inst/inst/mul_32s_16s_47_2_1_U35/dout_reg/A[18]
                            (rising edge-triggered cell DSP48E1 clocked by ap_clk  {rise@0.000ns fall@5.000ns period=10.000ns})
  Path Group:             ap_clk
  Path Type:              Setup (Max at Slow Process Corner)
  Requirement:            10.000ns  (ap_clk rise@10.000ns - ap_clk rise@0.000ns)
  Data Path Delay:        6.105ns  (logic 0.670ns (10.975%)  route 5.435ns (89.025%))
  Logic Levels:           1  (LUT2=1)
  Clock Path Skew:        -0.049ns (DCD - SCD + CPR)
    Destination Clock Delay (DCD):    0.924ns = ( 10.924 - 10.000 ) 
    Source Clock Delay      (SCD):    0.973ns
    Clock Pessimism Removal (CPR):    0.000ns
  Clock Uncertainty:      0.035ns  ((TSJ^2 + TIJ^2)^1/2 + DJ) / 2 + PE
    Total System Jitter     (TSJ):    0.071ns
    Total Input Jitter      (TIJ):    0.000ns
    Discrete Jitter          (DJ):    0.000ns
    Phase Error              (PE):    0.000ns

    Location             Delay type                Incr(ns)  Path(ns)    Netlist Resource(s)
  -------------------------------------------------------------------    -------------------
                         (clock ap_clk rise edge)     0.000     0.000 r  
                                                      0.000     0.000 r  ap_clk (IN)
                         net (fo=2533, unset)         0.973     0.973    bd_0_i/hls_inst/inst/ap_clk
    SLICE_X36Y14         FDRE                                         r  bd_0_i/hls_inst/inst/empty_8_reg_1561_reg[1]/C
  -------------------------------------------------------------------    -------------------
    SLICE_X36Y14         FDRE (Prop_fdre_C_Q)         0.518     1.491 r  bd_0_i/hls_inst/inst/empty_8_reg_1561_reg[1]/Q
                         net (fo=127, routed)         3.747     5.238    bd_0_i/hls_inst/inst/mul_32s_16s_47_2_1_U35/empty_8_reg_1561[1]
    SLICE_X11Y18         LUT2 (Prop_lut2_I0_O)        0.152     5.390 r  bd_0_i/hls_inst/inst/mul_32s_16s_47_2_1_U35/dout_reg_i_17__2/O
                         net (fo=10, routed)          1.688     7.078    bd_0_i/hls_inst/inst/mul_32s_16s_47_2_1_U35/empty_8_reg_1561_reg[1][0]
    DSP48_X1Y11          DSP48E1                                      r  bd_0_i/hls_inst/inst/mul_32s_16s_47_2_1_U35/dout_reg/A[18]
  -------------------------------------------------------------------    -------------------

                         (clock ap_clk rise edge)    10.000    10.000 r  
                                                      0.000    10.000 r  ap_clk (IN)
                         net (fo=2533, unset)         0.924    10.924    bd_0_i/hls_inst/inst/mul_32s_16s_47_2_1_U35/ap_clk
    DSP48_X1Y11          DSP48E1                                      r  bd_0_i/hls_inst/inst/mul_32s_16s_47_2_1_U35/dout_reg/CLK
                         clock pessimism              0.000    10.924    
                         clock uncertainty           -0.035    10.889    
    DSP48_X1Y11          DSP48E1 (Setup_dsp48e1_CLK_A[18])
                                                     -0.570    10.319    bd_0_i/hls_inst/inst/mul_32s_16s_47_2_1_U35/dout_reg
  -------------------------------------------------------------------
                         required time                         10.319    
                         arrival time                          -7.078    
  -------------------------------------------------------------------
                         slack                                  3.241    

Slack (MET) :             3.248ns  (required time - arrival time)
  Source:                 bd_0_i/hls_inst/inst/empty_8_reg_1561_reg[1]/C
                            (rising edge-triggered cell FDRE clocked by ap_clk  {rise@0.000ns fall@5.000ns period=10.000ns})
  Destination:            bd_0_i/hls_inst/inst/mul_32s_16s_47_2_1_U35/dout_reg/A[15]
                            (rising edge-triggered cell DSP48E1 clocked by ap_clk  {rise@0.000ns fall@5.000ns period=10.000ns})
  Path Group:             ap_clk
  Path Type:              Setup (Max at Slow Process Corner)
  Requirement:            10.000ns  (ap_clk rise@10.000ns - ap_clk rise@0.000ns)
  Data Path Delay:        6.098ns  (logic 0.670ns (10.987%)  route 5.428ns (89.013%))
  Logic Levels:           1  (LUT2=1)
  Clock Path Skew:        -0.049ns (DCD - SCD + CPR)
    Destination Clock Delay (DCD):    0.924ns = ( 10.924 - 10.000 ) 
    Source Clock Delay      (SCD):    0.973ns
    Clock Pessimism Removal (CPR):    0.000ns
  Clock Uncertainty:      0.035ns  ((TSJ^2 + TIJ^2)^1/2 + DJ) / 2 + PE
    Total System Jitter     (TSJ):    0.071ns
    Total Input Jitter      (TIJ):    0.000ns
    Discrete Jitter          (DJ):    0.000ns
    Phase Error              (PE):    0.000ns

    Location             Delay type                Incr(ns)  Path(ns)    Netlist Resource(s)
  -------------------------------------------------------------------    -------------------
                         (clock ap_clk rise edge)     0.000     0.000 r  
                                                      0.000     0.000 r  ap_clk (IN)
                         net (fo=2533, unset)         0.973     0.973    bd_0_i/hls_inst/inst/ap_clk
    SLICE_X36Y14         FDRE                                         r  bd_0_i/hls_inst/inst/empty_8_reg_1561_reg[1]/C
  -------------------------------------------------------------------    -------------------
    SLICE_X36Y14         FDRE (Prop_fdre_C_Q)         0.518     1.491 r  bd_0_i/hls_inst/inst/empty_8_reg_1561_reg[1]/Q
                         net (fo=127, routed)         3.747     5.238    bd_0_i/hls_inst/inst/mul_32s_16s_47_2_1_U35/empty_8_reg_1561[1]
    SLICE_X11Y18         LUT2 (Prop_lut2_I0_O)        0.152     5.390 r  bd_0_i/hls_inst/inst/mul_32s_16s_47_2_1_U35/dout_reg_i_17__2/O
                         net (fo=10, routed)          1.681     7.071    bd_0_i/hls_inst/inst/mul_32s_16s_47_2_1_U35/empty_8_reg_1561_reg[1][0]
    DSP48_X1Y11          DSP48E1                                      r  bd_0_i/hls_inst/inst/mul_32s_16s_47_2_1_U35/dout_reg/A[15]
  -------------------------------------------------------------------    -------------------

                         (clock ap_clk rise edge)    10.000    10.000 r  
                                                      0.000    10.000 r  ap_clk (IN)
                         net (fo=2533, unset)         0.924    10.924    bd_0_i/hls_inst/inst/mul_32s_16s_47_2_1_U35/ap_clk
    DSP48_X1Y11          DSP48E1                                      r  bd_0_i/hls_inst/inst/mul_32s_16s_47_2_1_U35/dout_reg/CLK
                         clock pessimism              0.000    10.924    
                         clock uncertainty           -0.035    10.889    
    DSP48_X1Y11          DSP48E1 (Setup_dsp48e1_CLK_A[15])
                                                     -0.570    10.319    bd_0_i/hls_inst/inst/mul_32s_16s_47_2_1_U35/dout_reg
  -------------------------------------------------------------------
                         required time                         10.319    
                         arrival time                          -7.071    
  -------------------------------------------------------------------
                         slack                                  3.248    

Slack (MET) :             3.263ns  (required time - arrival time)
  Source:                 bd_0_i/hls_inst/inst/empty_8_reg_1561_reg[1]/C
                            (rising edge-triggered cell FDRE clocked by ap_clk  {rise@0.000ns fall@5.000ns period=10.000ns})
  Destination:            bd_0_i/hls_inst/inst/mul_32s_16s_47_2_1_U35/tmp_product/B[5]
                            (rising edge-triggered cell DSP48E1 clocked by ap_clk  {rise@0.000ns fall@5.000ns period=10.000ns})
  Path Group:             ap_clk
  Path Type:              Setup (Max at Slow Process Corner)
  Requirement:            10.000ns  (ap_clk rise@10.000ns - ap_clk rise@0.000ns)
  Data Path Delay:        6.001ns  (logic 0.668ns (11.131%)  route 5.333ns (88.869%))
  Logic Levels:           1  (LUT2=1)
  Clock Path Skew:        -0.049ns (DCD - SCD + CPR)
    Destination Clock Delay (DCD):    0.924ns = ( 10.924 - 10.000 ) 
    Source Clock Delay      (SCD):    0.973ns
    Clock Pessimism Removal (CPR):    0.000ns
  Clock Uncertainty:      0.035ns  ((TSJ^2 + TIJ^2)^1/2 + DJ) / 2 + PE
    Total System Jitter     (TSJ):    0.071ns
    Total Input Jitter      (TIJ):    0.000ns
    Discrete Jitter          (DJ):    0.000ns
    Phase Error              (PE):    0.000ns

    Location             Delay type                Incr(ns)  Path(ns)    Netlist Resource(s)
  -------------------------------------------------------------------    -------------------
                         (clock ap_clk rise edge)     0.000     0.000 r  
                                                      0.000     0.000 r  ap_clk (IN)
                         net (fo=2533, unset)         0.973     0.973    bd_0_i/hls_inst/inst/ap_clk
    SLICE_X36Y14         FDRE                                         r  bd_0_i/hls_inst/inst/empty_8_reg_1561_reg[1]/C
  -------------------------------------------------------------------    -------------------
    SLICE_X36Y14         FDRE (Prop_fdre_C_Q)         0.518     1.491 r  bd_0_i/hls_inst/inst/empty_8_reg_1561_reg[1]/Q
                         net (fo=127, routed)         4.548     6.039    bd_0_i/hls_inst/inst/mul_32s_16s_47_2_1_U35/empty_8_reg_1561[1]
    SLICE_X21Y27         LUT2 (Prop_lut2_I0_O)        0.150     6.189 r  bd_0_i/hls_inst/inst/mul_32s_16s_47_2_1_U35/tmp_product_i_2__5/O
                         net (fo=10, routed)          0.785     6.974    bd_0_i/hls_inst/inst/mul_32s_16s_47_2_1_U35/tmp_product_i_2__5_n_0
    DSP48_X1Y10          DSP48E1                                      r  bd_0_i/hls_inst/inst/mul_32s_16s_47_2_1_U35/tmp_product/B[5]
  -------------------------------------------------------------------    -------------------

                         (clock ap_clk rise edge)    10.000    10.000 r  
                                                      0.000    10.000 r  ap_clk (IN)
                         net (fo=2533, unset)         0.924    10.924    bd_0_i/hls_inst/inst/mul_32s_16s_47_2_1_U35/ap_clk
    DSP48_X1Y10          DSP48E1                                      r  bd_0_i/hls_inst/inst/mul_32s_16s_47_2_1_U35/tmp_product/CLK
                         clock pessimism              0.000    10.924    
                         clock uncertainty           -0.035    10.889    
    DSP48_X1Y10          DSP48E1 (Setup_dsp48e1_CLK_B[5])
                                                     -0.652    10.237    bd_0_i/hls_inst/inst/mul_32s_16s_47_2_1_U35/tmp_product
  -------------------------------------------------------------------
                         required time                         10.237    
                         arrival time                          -6.974    
  -------------------------------------------------------------------
                         slack                                  3.263    

Slack (MET) :             3.298ns  (required time - arrival time)
  Source:                 bd_0_i/hls_inst/inst/count_V_reg[1]_rep/C
                            (rising edge-triggered cell FDRE clocked by ap_clk  {rise@0.000ns fall@5.000ns period=10.000ns})
  Destination:            bd_0_i/hls_inst/inst/p_ZZ21low_pass_filter_firstRN3hls6streamINS_4axisI8ap_fixedILi32ELi10EL9ap_q_mode_11_reg[2]/D
                            (rising edge-triggered cell FDRE clocked by ap_clk  {rise@0.000ns fall@5.000ns period=10.000ns})
  Path Group:             ap_clk
  Path Type:              Setup (Max at Slow Process Corner)
  Requirement:            10.000ns  (ap_clk rise@10.000ns - ap_clk rise@0.000ns)
  Data Path Delay:        6.587ns  (logic 0.580ns (8.805%)  route 6.007ns (91.195%))
  Logic Levels:           1  (LUT6=1)
  Clock Path Skew:        -0.049ns (DCD - SCD + CPR)
    Destination Clock Delay (DCD):    0.924ns = ( 10.924 - 10.000 ) 
    Source Clock Delay      (SCD):    0.973ns
    Clock Pessimism Removal (CPR):    0.000ns
  Clock Uncertainty:      0.035ns  ((TSJ^2 + TIJ^2)^1/2 + DJ) / 2 + PE
    Total System Jitter     (TSJ):    0.071ns
    Total Input Jitter      (TIJ):    0.000ns
    Discrete Jitter          (DJ):    0.000ns
    Phase Error              (PE):    0.000ns

    Location             Delay type                Incr(ns)  Path(ns)    Netlist Resource(s)
  -------------------------------------------------------------------    -------------------
                         (clock ap_clk rise edge)     0.000     0.000 r  
                                                      0.000     0.000 r  ap_clk (IN)
                         net (fo=2533, unset)         0.973     0.973    bd_0_i/hls_inst/inst/ap_clk
    SLICE_X31Y12         FDRE                                         r  bd_0_i/hls_inst/inst/count_V_reg[1]_rep/C
  -------------------------------------------------------------------    -------------------
    SLICE_X31Y12         FDRE (Prop_fdre_C_Q)         0.456     1.429 r  bd_0_i/hls_inst/inst/count_V_reg[1]_rep/Q
                         net (fo=121, routed)         5.177     6.606    bd_0_i/hls_inst/inst/count_V_reg[1]_rep_n_0
    SLICE_X10Y16         LUT6 (Prop_lut6_I2_O)        0.124     6.730 r  bd_0_i/hls_inst/inst/p_ZZ21low_pass_filter_firstRN3hls6streamINS_4axisI8ap_fixedILi32ELi10EL9ap_q_mode_33[2]_i_1/O
                         net (fo=8, routed)           0.830     7.560    bd_0_i/hls_inst/inst/tmp_1_fu_542_p6[2]
    SLICE_X10Y19         FDRE                                         r  bd_0_i/hls_inst/inst/p_ZZ21low_pass_filter_firstRN3hls6streamINS_4axisI8ap_fixedILi32ELi10EL9ap_q_mode_11_reg[2]/D
  -------------------------------------------------------------------    -------------------

                         (clock ap_clk rise edge)    10.000    10.000 r  
                                                      0.000    10.000 r  ap_clk (IN)
                         net (fo=2533, unset)         0.924    10.924    bd_0_i/hls_inst/inst/ap_clk
    SLICE_X10Y19         FDRE                                         r  bd_0_i/hls_inst/inst/p_ZZ21low_pass_filter_firstRN3hls6streamINS_4axisI8ap_fixedILi32ELi10EL9ap_q_mode_11_reg[2]/C
                         clock pessimism              0.000    10.924    
                         clock uncertainty           -0.035    10.889    
    SLICE_X10Y19         FDRE (Setup_fdre_C_D)       -0.031    10.858    bd_0_i/hls_inst/inst/p_ZZ21low_pass_filter_firstRN3hls6streamINS_4axisI8ap_fixedILi32ELi10EL9ap_q_mode_11_reg[2]
  -------------------------------------------------------------------
                         required time                         10.858    
                         arrival time                          -7.560    
  -------------------------------------------------------------------
                         slack                                  3.298    

Slack (MET) :             3.311ns  (required time - arrival time)
  Source:                 bd_0_i/hls_inst/inst/empty_8_reg_1561_reg[1]/C
                            (rising edge-triggered cell FDRE clocked by ap_clk  {rise@0.000ns fall@5.000ns period=10.000ns})
  Destination:            bd_0_i/hls_inst/inst/mul_32s_16s_47_2_1_U35/dout_reg/A[16]
                            (rising edge-triggered cell DSP48E1 clocked by ap_clk  {rise@0.000ns fall@5.000ns period=10.000ns})
  Path Group:             ap_clk
  Path Type:              Setup (Max at Slow Process Corner)
  Requirement:            10.000ns  (ap_clk rise@10.000ns - ap_clk rise@0.000ns)
  Data Path Delay:        6.035ns  (logic 0.670ns (11.101%)  route 5.365ns (88.899%))
  Logic Levels:           1  (LUT2=1)
  Clock Path Skew:        -0.049ns (DCD - SCD + CPR)
    Destination Clock Delay (DCD):    0.924ns = ( 10.924 - 10.000 ) 
    Source Clock Delay      (SCD):    0.973ns
    Clock Pessimism Removal (CPR):    0.000ns
  Clock Uncertainty:      0.035ns  ((TSJ^2 + TIJ^2)^1/2 + DJ) / 2 + PE
    Total System Jitter     (TSJ):    0.071ns
    Total Input Jitter      (TIJ):    0.000ns
    Discrete Jitter          (DJ):    0.000ns
    Phase Error              (PE):    0.000ns

    Location             Delay type                Incr(ns)  Path(ns)    Netlist Resource(s)
  -------------------------------------------------------------------    -------------------
                         (clock ap_clk rise edge)     0.000     0.000 r  
                                                      0.000     0.000 r  ap_clk (IN)
                         net (fo=2533, unset)         0.973     0.973    bd_0_i/hls_inst/inst/ap_clk
    SLICE_X36Y14         FDRE                                         r  bd_0_i/hls_inst/inst/empty_8_reg_1561_reg[1]/C
  -------------------------------------------------------------------    -------------------
    SLICE_X36Y14         FDRE (Prop_fdre_C_Q)         0.518     1.491 r  bd_0_i/hls_inst/inst/empty_8_reg_1561_reg[1]/Q
                         net (fo=127, routed)         3.747     5.238    bd_0_i/hls_inst/inst/mul_32s_16s_47_2_1_U35/empty_8_reg_1561[1]
    SLICE_X11Y18         LUT2 (Prop_lut2_I0_O)        0.152     5.390 r  bd_0_i/hls_inst/inst/mul_32s_16s_47_2_1_U35/dout_reg_i_17__2/O
                         net (fo=10, routed)          1.618     7.008    bd_0_i/hls_inst/inst/mul_32s_16s_47_2_1_U35/empty_8_reg_1561_reg[1][0]
    DSP48_X1Y11          DSP48E1                                      r  bd_0_i/hls_inst/inst/mul_32s_16s_47_2_1_U35/dout_reg/A[16]
  -------------------------------------------------------------------    -------------------

                         (clock ap_clk rise edge)    10.000    10.000 r  
                                                      0.000    10.000 r  ap_clk (IN)
                         net (fo=2533, unset)         0.924    10.924    bd_0_i/hls_inst/inst/mul_32s_16s_47_2_1_U35/ap_clk
    DSP48_X1Y11          DSP48E1                                      r  bd_0_i/hls_inst/inst/mul_32s_16s_47_2_1_U35/dout_reg/CLK
                         clock pessimism              0.000    10.924    
                         clock uncertainty           -0.035    10.889    
    DSP48_X1Y11          DSP48E1 (Setup_dsp48e1_CLK_A[16])
                                                     -0.570    10.319    bd_0_i/hls_inst/inst/mul_32s_16s_47_2_1_U35/dout_reg
  -------------------------------------------------------------------
                         required time                         10.319    
                         arrival time                          -7.008    
  -------------------------------------------------------------------
                         slack                                  3.311    

Slack (MET) :             3.401ns  (required time - arrival time)
  Source:                 bd_0_i/hls_inst/inst/empty_8_reg_1561_reg[1]/C
                            (rising edge-triggered cell FDRE clocked by ap_clk  {rise@0.000ns fall@5.000ns period=10.000ns})
  Destination:            bd_0_i/hls_inst/inst/mul_32s_16s_47_2_1_U35/tmp_product/B[10]
                            (rising edge-triggered cell DSP48E1 clocked by ap_clk  {rise@0.000ns fall@5.000ns period=10.000ns})
  Path Group:             ap_clk
  Path Type:              Setup (Max at Slow Process Corner)
  Requirement:            10.000ns  (ap_clk rise@10.000ns - ap_clk rise@0.000ns)
  Data Path Delay:        5.863ns  (logic 0.668ns (11.394%)  route 5.195ns (88.606%))
  Logic Levels:           1  (LUT2=1)
  Clock Path Skew:        -0.049ns (DCD - SCD + CPR)
    Destination Clock Delay (DCD):    0.924ns = ( 10.924 - 10.000 ) 
    Source Clock Delay      (SCD):    0.973ns
    Clock Pessimism Removal (CPR):    0.000ns
  Clock Uncertainty:      0.035ns  ((TSJ^2 + TIJ^2)^1/2 + DJ) / 2 + PE
    Total System Jitter     (TSJ):    0.071ns
    Total Input Jitter      (TIJ):    0.000ns
    Discrete Jitter          (DJ):    0.000ns
    Phase Error              (PE):    0.000ns

    Location             Delay type                Incr(ns)  Path(ns)    Netlist Resource(s)
  -------------------------------------------------------------------    -------------------
                         (clock ap_clk rise edge)     0.000     0.000 r  
                                                      0.000     0.000 r  ap_clk (IN)
                         net (fo=2533, unset)         0.973     0.973    bd_0_i/hls_inst/inst/ap_clk
    SLICE_X36Y14         FDRE                                         r  bd_0_i/hls_inst/inst/empty_8_reg_1561_reg[1]/C
  -------------------------------------------------------------------    -------------------
    SLICE_X36Y14         FDRE (Prop_fdre_C_Q)         0.518     1.491 r  bd_0_i/hls_inst/inst/empty_8_reg_1561_reg[1]/Q
                         net (fo=127, routed)         4.548     6.039    bd_0_i/hls_inst/inst/mul_32s_16s_47_2_1_U35/empty_8_reg_1561[1]
    SLICE_X21Y27         LUT2 (Prop_lut2_I0_O)        0.150     6.189 r  bd_0_i/hls_inst/inst/mul_32s_16s_47_2_1_U35/tmp_product_i_2__5/O
                         net (fo=10, routed)          0.646     6.836    bd_0_i/hls_inst/inst/mul_32s_16s_47_2_1_U35/tmp_product_i_2__5_n_0
    DSP48_X1Y10          DSP48E1                                      r  bd_0_i/hls_inst/inst/mul_32s_16s_47_2_1_U35/tmp_product/B[10]
  -------------------------------------------------------------------    -------------------

                         (clock ap_clk rise edge)    10.000    10.000 r  
                                                      0.000    10.000 r  ap_clk (IN)
                         net (fo=2533, unset)         0.924    10.924    bd_0_i/hls_inst/inst/mul_32s_16s_47_2_1_U35/ap_clk
    DSP48_X1Y10          DSP48E1                                      r  bd_0_i/hls_inst/inst/mul_32s_16s_47_2_1_U35/tmp_product/CLK
                         clock pessimism              0.000    10.924    
                         clock uncertainty           -0.035    10.889    
    DSP48_X1Y10          DSP48E1 (Setup_dsp48e1_CLK_B[10])
                                                     -0.652    10.237    bd_0_i/hls_inst/inst/mul_32s_16s_47_2_1_U35/tmp_product
  -------------------------------------------------------------------
                         required time                         10.237    
                         arrival time                          -6.836    
  -------------------------------------------------------------------
                         slack                                  3.401    

Slack (MET) :             3.401ns  (required time - arrival time)
  Source:                 bd_0_i/hls_inst/inst/empty_8_reg_1561_reg[1]/C
                            (rising edge-triggered cell FDRE clocked by ap_clk  {rise@0.000ns fall@5.000ns period=10.000ns})
  Destination:            bd_0_i/hls_inst/inst/mul_32s_16s_47_2_1_U35/tmp_product/B[9]
                            (rising edge-triggered cell DSP48E1 clocked by ap_clk  {rise@0.000ns fall@5.000ns period=10.000ns})
  Path Group:             ap_clk
  Path Type:              Setup (Max at Slow Process Corner)
  Requirement:            10.000ns  (ap_clk rise@10.000ns - ap_clk rise@0.000ns)
  Data Path Delay:        5.863ns  (logic 0.668ns (11.394%)  route 5.195ns (88.606%))
  Logic Levels:           1  (LUT2=1)
  Clock Path Skew:        -0.049ns (DCD - SCD + CPR)
    Destination Clock Delay (DCD):    0.924ns = ( 10.924 - 10.000 ) 
    Source Clock Delay      (SCD):    0.973ns
    Clock Pessimism Removal (CPR):    0.000ns
  Clock Uncertainty:      0.035ns  ((TSJ^2 + TIJ^2)^1/2 + DJ) / 2 + PE
    Total System Jitter     (TSJ):    0.071ns
    Total Input Jitter      (TIJ):    0.000ns
    Discrete Jitter          (DJ):    0.000ns
    Phase Error              (PE):    0.000ns

    Location             Delay type                Incr(ns)  Path(ns)    Netlist Resource(s)
  -------------------------------------------------------------------    -------------------
                         (clock ap_clk rise edge)     0.000     0.000 r  
                                                      0.000     0.000 r  ap_clk (IN)
                         net (fo=2533, unset)         0.973     0.973    bd_0_i/hls_inst/inst/ap_clk
    SLICE_X36Y14         FDRE                                         r  bd_0_i/hls_inst/inst/empty_8_reg_1561_reg[1]/C
  -------------------------------------------------------------------    -------------------
    SLICE_X36Y14         FDRE (Prop_fdre_C_Q)         0.518     1.491 r  bd_0_i/hls_inst/inst/empty_8_reg_1561_reg[1]/Q
                         net (fo=127, routed)         4.548     6.039    bd_0_i/hls_inst/inst/mul_32s_16s_47_2_1_U35/empty_8_reg_1561[1]
    SLICE_X21Y27         LUT2 (Prop_lut2_I0_O)        0.150     6.189 r  bd_0_i/hls_inst/inst/mul_32s_16s_47_2_1_U35/tmp_product_i_2__5/O
                         net (fo=10, routed)          0.646     6.836    bd_0_i/hls_inst/inst/mul_32s_16s_47_2_1_U35/tmp_product_i_2__5_n_0
    DSP48_X1Y10          DSP48E1                                      r  bd_0_i/hls_inst/inst/mul_32s_16s_47_2_1_U35/tmp_product/B[9]
  -------------------------------------------------------------------    -------------------

                         (clock ap_clk rise edge)    10.000    10.000 r  
                                                      0.000    10.000 r  ap_clk (IN)
                         net (fo=2533, unset)         0.924    10.924    bd_0_i/hls_inst/inst/mul_32s_16s_47_2_1_U35/ap_clk
    DSP48_X1Y10          DSP48E1                                      r  bd_0_i/hls_inst/inst/mul_32s_16s_47_2_1_U35/tmp_product/CLK
                         clock pessimism              0.000    10.924    
                         clock uncertainty           -0.035    10.889    
    DSP48_X1Y10          DSP48E1 (Setup_dsp48e1_CLK_B[9])
                                                     -0.652    10.237    bd_0_i/hls_inst/inst/mul_32s_16s_47_2_1_U35/tmp_product
  -------------------------------------------------------------------
                         required time                         10.237    
                         arrival time                          -6.836    
  -------------------------------------------------------------------
                         slack                                  3.401    

Slack (MET) :             3.411ns  (required time - arrival time)
  Source:                 bd_0_i/hls_inst/inst/empty_8_reg_1561_reg[1]/C
                            (rising edge-triggered cell FDRE clocked by ap_clk  {rise@0.000ns fall@5.000ns period=10.000ns})
  Destination:            bd_0_i/hls_inst/inst/mul_32s_16s_47_2_1_U26/tmp_product/B[17]
                            (rising edge-triggered cell DSP48E1 clocked by ap_clk  {rise@0.000ns fall@5.000ns period=10.000ns})
  Path Group:             ap_clk
  Path Type:              Setup (Max at Slow Process Corner)
  Requirement:            10.000ns  (ap_clk rise@10.000ns - ap_clk rise@0.000ns)
  Data Path Delay:        5.853ns  (logic 0.670ns (11.447%)  route 5.183ns (88.553%))
  Logic Levels:           1  (LUT2=1)
  Clock Path Skew:        -0.049ns (DCD - SCD + CPR)
    Destination Clock Delay (DCD):    0.924ns = ( 10.924 - 10.000 ) 
    Source Clock Delay      (SCD):    0.973ns
    Clock Pessimism Removal (CPR):    0.000ns
  Clock Uncertainty:      0.035ns  ((TSJ^2 + TIJ^2)^1/2 + DJ) / 2 + PE
    Total System Jitter     (TSJ):    0.071ns
    Total Input Jitter      (TIJ):    0.000ns
    Discrete Jitter          (DJ):    0.000ns
    Phase Error              (PE):    0.000ns

    Location             Delay type                Incr(ns)  Path(ns)    Netlist Resource(s)
  -------------------------------------------------------------------    -------------------
                         (clock ap_clk rise edge)     0.000     0.000 r  
                                                      0.000     0.000 r  ap_clk (IN)
                         net (fo=2533, unset)         0.973     0.973    bd_0_i/hls_inst/inst/ap_clk
    SLICE_X36Y14         FDRE                                         r  bd_0_i/hls_inst/inst/empty_8_reg_1561_reg[1]/C
  -------------------------------------------------------------------    -------------------
    SLICE_X36Y14         FDRE (Prop_fdre_C_Q)         0.518     1.491 r  bd_0_i/hls_inst/inst/empty_8_reg_1561_reg[1]/Q
                         net (fo=127, routed)         4.573     6.064    bd_0_i/hls_inst/inst/mul_32s_16s_47_2_1_U26/dout_reg_1[1]
    SLICE_X11Y13         LUT2 (Prop_lut2_I0_O)        0.152     6.216 r  bd_0_i/hls_inst/inst/mul_32s_16s_47_2_1_U26/tmp_product_i_1__5/O
                         net (fo=10, routed)          0.609     6.826    bd_0_i/hls_inst/inst/mul_32s_16s_47_2_1_U26/tmp_product_i_1__5_n_0
    DSP48_X0Y4           DSP48E1                                      r  bd_0_i/hls_inst/inst/mul_32s_16s_47_2_1_U26/tmp_product/B[17]
  -------------------------------------------------------------------    -------------------

                         (clock ap_clk rise edge)    10.000    10.000 r  
                                                      0.000    10.000 r  ap_clk (IN)
                         net (fo=2533, unset)         0.924    10.924    bd_0_i/hls_inst/inst/mul_32s_16s_47_2_1_U26/ap_clk
    DSP48_X0Y4           DSP48E1                                      r  bd_0_i/hls_inst/inst/mul_32s_16s_47_2_1_U26/tmp_product/CLK
                         clock pessimism              0.000    10.924    
                         clock uncertainty           -0.035    10.889    
    DSP48_X0Y4           DSP48E1 (Setup_dsp48e1_CLK_B[17])
                                                     -0.652    10.237    bd_0_i/hls_inst/inst/mul_32s_16s_47_2_1_U26/tmp_product
  -------------------------------------------------------------------
                         required time                         10.237    
                         arrival time                          -6.826    
  -------------------------------------------------------------------
                         slack                                  3.411    

Slack (MET) :             3.413ns  (required time - arrival time)
  Source:                 bd_0_i/hls_inst/inst/empty_8_reg_1561_reg[1]/C
                            (rising edge-triggered cell FDRE clocked by ap_clk  {rise@0.000ns fall@5.000ns period=10.000ns})
  Destination:            bd_0_i/hls_inst/inst/mul_32s_16s_47_2_1_U35/tmp_product/B[14]
                            (rising edge-triggered cell DSP48E1 clocked by ap_clk  {rise@0.000ns fall@5.000ns period=10.000ns})
  Path Group:             ap_clk
  Path Type:              Setup (Max at Slow Process Corner)
  Requirement:            10.000ns  (ap_clk rise@10.000ns - ap_clk rise@0.000ns)
  Data Path Delay:        5.851ns  (logic 0.668ns (11.416%)  route 5.183ns (88.584%))
  Logic Levels:           1  (LUT2=1)
  Clock Path Skew:        -0.049ns (DCD - SCD + CPR)
    Destination Clock Delay (DCD):    0.924ns = ( 10.924 - 10.000 ) 
    Source Clock Delay      (SCD):    0.973ns
    Clock Pessimism Removal (CPR):    0.000ns
  Clock Uncertainty:      0.035ns  ((TSJ^2 + TIJ^2)^1/2 + DJ) / 2 + PE
    Total System Jitter     (TSJ):    0.071ns
    Total Input Jitter      (TIJ):    0.000ns
    Discrete Jitter          (DJ):    0.000ns
    Phase Error              (PE):    0.000ns

    Location             Delay type                Incr(ns)  Path(ns)    Netlist Resource(s)
  -------------------------------------------------------------------    -------------------
                         (clock ap_clk rise edge)     0.000     0.000 r  
                                                      0.000     0.000 r  ap_clk (IN)
                         net (fo=2533, unset)         0.973     0.973    bd_0_i/hls_inst/inst/ap_clk
    SLICE_X36Y14         FDRE                                         r  bd_0_i/hls_inst/inst/empty_8_reg_1561_reg[1]/C
  -------------------------------------------------------------------    -------------------
    SLICE_X36Y14         FDRE (Prop_fdre_C_Q)         0.518     1.491 r  bd_0_i/hls_inst/inst/empty_8_reg_1561_reg[1]/Q
                         net (fo=127, routed)         4.548     6.039    bd_0_i/hls_inst/inst/mul_32s_16s_47_2_1_U35/empty_8_reg_1561[1]
    SLICE_X21Y27         LUT2 (Prop_lut2_I0_O)        0.150     6.189 r  bd_0_i/hls_inst/inst/mul_32s_16s_47_2_1_U35/tmp_product_i_2__5/O
                         net (fo=10, routed)          0.635     6.824    bd_0_i/hls_inst/inst/mul_32s_16s_47_2_1_U35/tmp_product_i_2__5_n_0
    DSP48_X1Y10          DSP48E1                                      r  bd_0_i/hls_inst/inst/mul_32s_16s_47_2_1_U35/tmp_product/B[14]
  -------------------------------------------------------------------    -------------------

                         (clock ap_clk rise edge)    10.000    10.000 r  
                                                      0.000    10.000 r  ap_clk (IN)
                         net (fo=2533, unset)         0.924    10.924    bd_0_i/hls_inst/inst/mul_32s_16s_47_2_1_U35/ap_clk
    DSP48_X1Y10          DSP48E1                                      r  bd_0_i/hls_inst/inst/mul_32s_16s_47_2_1_U35/tmp_product/CLK
                         clock pessimism              0.000    10.924    
                         clock uncertainty           -0.035    10.889    
    DSP48_X1Y10          DSP48E1 (Setup_dsp48e1_CLK_B[14])
                                                     -0.652    10.237    bd_0_i/hls_inst/inst/mul_32s_16s_47_2_1_U35/tmp_product
  -------------------------------------------------------------------
                         required time                         10.237    
                         arrival time                          -6.824    
  -------------------------------------------------------------------
                         slack                                  3.413    




