Copyright 1986-2022 Xilinx, Inc. All Rights Reserved.
-----------------------------------------------------------------------------------------
| Tool Version : Vivado v.2022.1 (win64) Build 3526262 Mon Apr 18 15:48:16 MDT 2022
| Date         : Sat Sep 26 05:29:22 2026
| Host         : ndrswcy running 64-bit major release  (build 9200)
| Command      : report_control_sets -verbose -file bd_0_wrapper_control_sets_placed.rpt
| Design       : bd_0_wrapper
| Device       : xc7z020
-----------------------------------------------------------------------------------------

Control Set Information

Table of Contents
-----------------
1. Summary
2. Histogram
3. Flip-Flop Distribution
4. Detailed Control Set Information

1. Summary
----------

+----------------------------------------------------------+-------+
|                          Status                          | Count |
+----------------------------------------------------------+-------+
| Total control sets                                       |    15 |
|    Minimum number of control sets                        |    15 |
|    Addition due to synthesis replication                 |     0 |
|    Addition due to physical synthesis replication        |     0 |
| Unused register locations in slices containing registers |    28 |
+----------------------------------------------------------+-------+
* Control sets can be merged at opt_design using control_set_merge or merge_equivalent_drivers
** Run report_qor_suggestions for automated merging and remapping suggestions


2. Histogram
------------

+--------------------+-------+
|       Fanout       | Count |
+--------------------+-------+
| Total control sets |    15 |
| >= 0 to < 4        |     0 |
| >= 4 to < 6        |     1 |
| >= 6 to < 8        |     0 |
| >= 8 to < 10       |     2 |
| >= 10 to < 12      |     1 |
| >= 12 to < 14      |     0 |
| >= 14 to < 16      |     0 |
| >= 16              |    11 |
+--------------------+-------+
* Control sets can be remapped at either synth_design or opt_design


3. Flip-Flop Distribution
-------------------------

+--------------+-----------------------+------------------------+-----------------+--------------+
| Clock Enable | Synchronous Set/Reset | Asynchronous Set/Reset | Total Registers | Total Slices |
+--------------+-----------------------+------------------------+-----------------+--------------+
| No           | No                    | No                     |              11 |            5 |
| No           | No                    | Yes                    |               0 |            0 |
| No           | Yes                   | No                     |              19 |            8 |
| Yes          | No                    | No                     |             302 |           98 |
| Yes          | No                    | Yes                    |               0 |            0 |
| Yes          | Yes                   | No                     |              32 |            5 |
+--------------+-----------------------+------------------------+-----------------+--------------+


4. Detailed Control Set Information
-----------------------------------

+--------------+-----------------------------------------------------------------------------------------+--------------------------------------------------------------------+------------------+----------------+--------------+
| Clock Signal |                                      Enable Signal                                      |                          Set/Reset Signal                          | Slice Load Count | Bel Load Count | Bels / Slice |
+--------------+-----------------------------------------------------------------------------------------+--------------------------------------------------------------------+------------------+----------------+--------------+
|  ap_clk      | bd_0_i/hls_inst/inst/ap_CS_fsm_state1                                                   |                                                                    |                3 |              4 |         1.33 |
|  ap_clk      | bd_0_i/hls_inst/inst/regslice_both_input_r_V_data_V_U/B_V_data_1_load_B                 |                                                                    |                2 |              8 |         4.00 |
|  ap_clk      | bd_0_i/hls_inst/inst/regslice_both_input_r_V_data_V_U/B_V_data_1_payload_A[7]_i_1_n_0   |                                                                    |                2 |              8 |         4.00 |
|  ap_clk      |                                                                                         |                                                                    |                5 |             11 |         2.20 |
|  ap_clk      |                                                                                         | bd_0_i/hls_inst/inst/regslice_both_input_r_V_data_V_U/ap_rst_n_inv |                8 |             19 |         2.38 |
|  ap_clk      | bd_0_i/hls_inst/inst/ap_CS_fsm_state5                                                   |                                                                    |                7 |             25 |         3.57 |
|  ap_clk      | bd_0_i/hls_inst/inst/regslice_both_output_r_V_data_V_U/B_V_data_1_payload_A[31]_i_1_n_0 |                                                                    |                7 |             32 |         4.57 |
|  ap_clk      | bd_0_i/hls_inst/inst/regslice_both_output_r_V_data_V_U/B_V_data_1_load_B                |                                                                    |                8 |             32 |         4.00 |
|  ap_clk      | bd_0_i/hls_inst/inst/regslice_both_output_r_V_data_V_U/ap_NS_fsm1                       | bd_0_i/hls_inst/inst/regslice_both_output_r_V_data_V_U/SR[0]       |                5 |             32 |         6.40 |
|  ap_clk      | bd_0_i/hls_inst/inst/regslice_both_input_r_V_data_V_U/E[0]                              |                                                                    |               14 |             32 |         2.29 |
|  ap_clk      | bd_0_i/hls_inst/inst/regslice_both_input_r_V_data_V_U/ap_CS_fsm_reg[0]_0[0]             |                                                                    |               13 |             32 |         2.46 |
|  ap_clk      | bd_0_i/hls_inst/inst/regslice_both_input_r_V_data_V_U/ap_CS_fsm_reg[0][0]               |                                                                    |               11 |             32 |         2.91 |
|  ap_clk      | bd_0_i/hls_inst/inst/regslice_both_input_r_V_data_V_U/ap_CS_fsm_reg[0]_1[0]             |                                                                    |               13 |             32 |         2.46 |
|  ap_clk      | bd_0_i/hls_inst/inst/regslice_both_input_r_V_data_V_U/ap_CS_fsm_reg[0]_2[0]             |                                                                    |               11 |             32 |         2.91 |
|  ap_clk      | bd_0_i/hls_inst/inst/ap_CS_fsm_state6                                                   |                                                                    |                7 |             33 |         4.71 |
+--------------+-----------------------------------------------------------------------------------------+--------------------------------------------------------------------+------------------+----------------+--------------+


