#-----------------------------------------------------------
# Vivado v2022.1 (64-bit)
# SW Build 3526262 on Mon Apr 18 15:48:16 MDT 2022
# IP Build 3524634 on Mon Apr 18 20:55:01 MDT 2022
# Start of session at: Sat Sep 26 05:29:02 2026
# Process ID: 4356
# Current directory: D:/xilinx/SDR/PYNQ_Z2_FM_Radio-main/hls/fir_decimation_filter/fir_decimation_filter/solution1/impl/verilog/project.runs/impl_1
# Command line: vivado.exe -log bd_0_wrapper.vdi -applog -product Vivado -messageDb vivado.pb -mode batch -source bd_0_wrapper.tcl -notrace
# Log file: D:/xilinx/SDR/PYNQ_Z2_FM_Radio-main/hls/fir_decimation_filter/fir_decimation_filter/solution1/impl/verilog/project.runs/impl_1/bd_0_wrapper.vdi
# Journal file: D:/xilinx/SDR/PYNQ_Z2_FM_Radio-main/hls/fir_decimation_filter/fir_decimation_filter/solution1/impl/verilog/project.runs/impl_1\vivado.jou
# Running On: ndrswcy, OS: Windows, CPU Frequency: 2496 MHz, CPU Physical cores: 14, Host memory: 34033 MB
#-----------------------------------------------------------
source bd_0_wrapper.tcl -notrace
