Copyright 1986-2022 Xilinx, Inc. All Rights Reserved.
-----------------------------------------------------------------------------------------------------------
| Tool Version : Vivado v.2022.1 (win64) Build 3526262 Mon Apr 18 15:48:16 MDT 2022
| Date         : Sat Sep 26 05:37:28 2026
| Host         : ndrswcy running 64-bit major release  (build 9200)
| Command      : report_timing -max_paths 10 -file ./report/low_pass_filter_second_timing_paths_routed.rpt
| Design       : bd_0_wrapper
| Device       : 7z020-clg400
| Speed File   : -1  PRODUCTION 1.12 2019-11-22
-----------------------------------------------------------------------------------------------------------

Timing Report

Slack (MET) :             2.175ns  (required time - arrival time)
  Source:                 bd_0_i/hls_inst/inst/tmp_16_reg_2606_reg[6]/C
                            (rising edge-triggered cell FDRE clocked by ap_clk  {rise@0.000ns fall@5.000ns period=10.000ns})
  Destination:            bd_0_i/hls_inst/inst/mul_32s_16s_47_2_1_U27/dout_reg/PCIN[0]
                            (rising edge-triggered cell DSP48E1 clocked by ap_clk  {rise@0.000ns fall@5.000ns period=10.000ns})
  Path Group:             ap_clk
  Path Type:              Setup (Max at Slow Process Corner)
  Requirement:            10.000ns  (ap_clk rise@10.000ns - ap_clk rise@0.000ns)
  Data Path Delay:        6.341ns  (logic 4.445ns (70.104%)  route 1.896ns (29.896%))
  Logic Levels:           1  (DSP48E1=1)
  Clock Path Skew:        -0.049ns (DCD - SCD + CPR)
    Destination Clock Delay (DCD):    0.924ns = ( 10.924 - 10.000 ) 
    Source Clock Delay      (SCD):    0.973ns
    Clock Pessimism Removal (CPR):    0.000ns
  Clock Uncertainty:      0.035ns  ((TSJ^2 + TIJ^2)^1/2 + DJ) / 2 + PE
    Total System Jitter     (TSJ):    0.071ns
    Total Input Jitter      (TIJ):    0.000ns
    Discrete Jitter          (DJ):    0.000ns
    Phase Error              (PE):    0.000ns

    Location             Delay type                Incr(ns)  Path(ns)    Netlist Resource(s)
  -------------------------------------------------------------------    -------------------
                         (clock ap_clk rise edge)     0.000     0.000 r  
                                                      0.000     0.000 r  ap_clk (IN)
                         net (fo=3327, unset)         0.973     0.973    bd_0_i/hls_inst/inst/ap_clk
    SLICE_X84Y31         FDRE                                         r  bd_0_i/hls_inst/inst/tmp_16_reg_2606_reg[6]/C
  -------------------------------------------------------------------    -------------------
    SLICE_X84Y31         FDRE (Prop_fdre_C_Q)         0.419     1.392 r  bd_0_i/hls_inst/inst/tmp_16_reg_2606_reg[6]/Q
                         net (fo=13, routed)          1.894     3.286    bd_0_i/hls_inst/inst/mul_32s_16s_47_2_1_U27/A[1]
    DSP48_X4Y12          DSP48E1 (Prop_dsp48e1_B[6]_PCOUT[0])
                                                      4.026     7.312 r  bd_0_i/hls_inst/inst/mul_32s_16s_47_2_1_U27/tmp_product/PCOUT[0]
                         net (fo=1, routed)           0.002     7.314    bd_0_i/hls_inst/inst/mul_32s_16s_47_2_1_U27/tmp_product_n_153
    DSP48_X4Y13          DSP48E1                                      r  bd_0_i/hls_inst/inst/mul_32s_16s_47_2_1_U27/dout_reg/PCIN[0]
  -------------------------------------------------------------------    -------------------

                         (clock ap_clk rise edge)    10.000    10.000 r  
                                                      0.000    10.000 r  ap_clk (IN)
                         net (fo=3327, unset)         0.924    10.924    bd_0_i/hls_inst/inst/mul_32s_16s_47_2_1_U27/ap_clk
    DSP48_X4Y13          DSP48E1                                      r  bd_0_i/hls_inst/inst/mul_32s_16s_47_2_1_U27/dout_reg/CLK
                         clock pessimism              0.000    10.924    
                         clock uncertainty           -0.035    10.889    
    DSP48_X4Y13          DSP48E1 (Setup_dsp48e1_CLK_PCIN[0])
                                                     -1.400     9.489    bd_0_i/hls_inst/inst/mul_32s_16s_47_2_1_U27/dout_reg
  -------------------------------------------------------------------
                         required time                          9.489    
                         arrival time                          -7.314    
  -------------------------------------------------------------------
                         slack                                  2.175    

Slack (MET) :             2.175ns  (required time - arrival time)
  Source:                 bd_0_i/hls_inst/inst/tmp_16_reg_2606_reg[6]/C
                            (rising edge-triggered cell FDRE clocked by ap_clk  {rise@0.000ns fall@5.000ns period=10.000ns})
  Destination:            bd_0_i/hls_inst/inst/mul_32s_16s_47_2_1_U27/dout_reg/PCIN[10]
                            (rising edge-triggered cell DSP48E1 clocked by ap_clk  {rise@0.000ns fall@5.000ns period=10.000ns})
  Path Group:             ap_clk
  Path Type:              Setup (Max at Slow Process Corner)
  Requirement:            10.000ns  (ap_clk rise@10.000ns - ap_clk rise@0.000ns)
  Data Path Delay:        6.341ns  (logic 4.445ns (70.104%)  route 1.896ns (29.896%))
  Logic Levels:           1  (DSP48E1=1)
  Clock Path Skew:        -0.049ns (DCD - SCD + CPR)
    Destination Clock Delay (DCD):    0.924ns = ( 10.924 - 10.000 ) 
    Source Clock Delay      (SCD):    0.973ns
    Clock Pessimism Removal (CPR):    0.000ns
  Clock Uncertainty:      0.035ns  ((TSJ^2 + TIJ^2)^1/2 + DJ) / 2 + PE
    Total System Jitter     (TSJ):    0.071ns
    Total Input Jitter      (TIJ):    0.000ns
    Discrete Jitter          (DJ):    0.000ns
    Phase Error              (PE):    0.000ns

    Location             Delay type                Incr(ns)  Path(ns)    Netlist Resource(s)
  -------------------------------------------------------------------    -------------------
                         (clock ap_clk rise edge)     0.000     0.000 r  
                                                      0.000     0.000 r  ap_clk (IN)
                         net (fo=3327, unset)         0.973     0.973    bd_0_i/hls_inst/inst/ap_clk
    SLICE_X84Y31         FDRE                                         r  bd_0_i/hls_inst/inst/tmp_16_reg_2606_reg[6]/C
  -------------------------------------------------------------------    -------------------
    SLICE_X84Y31         FDRE (Prop_fdre_C_Q)         0.419     1.392 r  bd_0_i/hls_inst/inst/tmp_16_reg_2606_reg[6]/Q
                         net (fo=13, routed)          1.894     3.286    bd_0_i/hls_inst/inst/mul_32s_16s_47_2_1_U27/A[1]
    DSP48_X4Y12          DSP48E1 (Prop_dsp48e1_B[6]_PCOUT[10])
                                                      4.026     7.312 r  bd_0_i/hls_inst/inst/mul_32s_16s_47_2_1_U27/tmp_product/PCOUT[10]
                         net (fo=1, routed)           0.002     7.314    bd_0_i/hls_inst/inst/mul_32s_16s_47_2_1_U27/tmp_product_n_143
    DSP48_X4Y13          DSP48E1                                      r  bd_0_i/hls_inst/inst/mul_32s_16s_47_2_1_U27/dout_reg/PCIN[10]
  -------------------------------------------------------------------    -------------------

                         (clock ap_clk rise edge)    10.000    10.000 r  
                                                      0.000    10.000 r  ap_clk (IN)
                         net (fo=3327, unset)         0.924    10.924    bd_0_i/hls_inst/inst/mul_32s_16s_47_2_1_U27/ap_clk
    DSP48_X4Y13          DSP48E1                                      r  bd_0_i/hls_inst/inst/mul_32s_16s_47_2_1_U27/dout_reg/CLK
                         clock pessimism              0.000    10.924    
                         clock uncertainty           -0.035    10.889    
    DSP48_X4Y13          DSP48E1 (Setup_dsp48e1_CLK_PCIN[10])
                                                     -1.400     9.489    bd_0_i/hls_inst/inst/mul_32s_16s_47_2_1_U27/dout_reg
  -------------------------------------------------------------------
                         required time                          9.489    
                         arrival time                          -7.314    
  -------------------------------------------------------------------
                         slack                                  2.175    

Slack (MET) :             2.175ns  (required time - arrival time)
  Source:                 bd_0_i/hls_inst/inst/tmp_16_reg_2606_reg[6]/C
                            (rising edge-triggered cell FDRE clocked by ap_clk  {rise@0.000ns fall@5.000ns period=10.000ns})
  Destination:            bd_0_i/hls_inst/inst/mul_32s_16s_47_2_1_U27/dout_reg/PCIN[11]
                            (rising edge-triggered cell DSP48E1 clocked by ap_clk  {rise@0.000ns fall@5.000ns period=10.000ns})
  Path Group:             ap_clk
  Path Type:              Setup (Max at Slow Process Corner)
  Requirement:            10.000ns  (ap_clk rise@10.000ns - ap_clk rise@0.000ns)
  Data Path Delay:        6.341ns  (logic 4.445ns (70.104%)  route 1.896ns (29.896%))
  Logic Levels:           1  (DSP48E1=1)
  Clock Path Skew:        -0.049ns (DCD - SCD + CPR)
    Destination Clock Delay (DCD):    0.924ns = ( 10.924 - 10.000 ) 
    Source Clock Delay      (SCD):    0.973ns
    Clock Pessimism Removal (CPR):    0.000ns
  Clock Uncertainty:      0.035ns  ((TSJ^2 + TIJ^2)^1/2 + DJ) / 2 + PE
    Total System Jitter     (TSJ):    0.071ns
    Total Input Jitter      (TIJ):    0.000ns
    Discrete Jitter          (DJ):    0.000ns
    Phase Error              (PE):    0.000ns

    Location             Delay type                Incr(ns)  Path(ns)    Netlist Resource(s)
  -------------------------------------------------------------------    -------------------
                         (clock ap_clk rise edge)     0.000     0.000 r  
                                                      0.000     0.000 r  ap_clk (IN)
                         net (fo=3327, unset)         0.973     0.973    bd_0_i/hls_inst/inst/ap_clk
    SLICE_X84Y31         FDRE                                         r  bd_0_i/hls_inst/inst/tmp_16_reg_2606_reg[6]/C
  -------------------------------------------------------------------    -------------------
    SLICE_X84Y31         FDRE (Prop_fdre_C_Q)         0.419     1.392 r  bd_0_i/hls_inst/inst/tmp_16_reg_2606_reg[6]/Q
                         net (fo=13, routed)          1.894     3.286    bd_0_i/hls_inst/inst/mul_32s_16s_47_2_1_U27/A[1]
    DSP48_X4Y12          DSP48E1 (Prop_dsp48e1_B[6]_PCOUT[11])
                                                      4.026     7.312 r  bd_0_i/hls_inst/inst/mul_32s_16s_47_2_1_U27/tmp_product/PCOUT[11]
                         net (fo=1, routed)           0.002     7.314    bd_0_i/hls_inst/inst/mul_32s_16s_47_2_1_U27/tmp_product_n_142
    DSP48_X4Y13          DSP48E1                                      r  bd_0_i/hls_inst/inst/mul_32s_16s_47_2_1_U27/dout_reg/PCIN[11]
  -------------------------------------------------------------------    -------------------

                         (clock ap_clk rise edge)    10.000    10.000 r  
                                                      0.000    10.000 r  ap_clk (IN)
                         net (fo=3327, unset)         0.924    10.924    bd_0_i/hls_inst/inst/mul_32s_16s_47_2_1_U27/ap_clk
    DSP48_X4Y13          DSP48E1                                      r  bd_0_i/hls_inst/inst/mul_32s_16s_47_2_1_U27/dout_reg/CLK
                         clock pessimism              0.000    10.924    
                         clock uncertainty           -0.035    10.889    
    DSP48_X4Y13          DSP48E1 (Setup_dsp48e1_CLK_PCIN[11])
                                                     -1.400     9.489    bd_0_i/hls_inst/inst/mul_32s_16s_47_2_1_U27/dout_reg
  -------------------------------------------------------------------
                         required time                          9.489    
                         arrival time                          -7.314    
  -------------------------------------------------------------------
                         slack                                  2.175    

Slack (MET) :             2.175ns  (required time - arrival time)
  Source:                 bd_0_i/hls_inst/inst/tmp_16_reg_2606_reg[6]/C
                            (rising edge-triggered cell FDRE clocked by ap_clk  {rise@0.000ns fall@5.000ns period=10.000ns})
  Destination:            bd_0_i/hls_inst/inst/mul_32s_16s_47_2_1_U27/dout_reg/PCIN[12]
                            (rising edge-triggered cell DSP48E1 clocked by ap_clk  {rise@0.000ns fall@5.000ns period=10.000ns})
  Path Group:             ap_clk
  Path Type:              Setup (Max at Slow Process Corner)
  Requirement:            10.000ns  (ap_clk rise@10.000ns - ap_clk rise@0.000ns)
  Data Path Delay:        6.341ns  (logic 4.445ns (70.104%)  route 1.896ns (29.896%))
  Logic Levels:           1  (DSP48E1=1)
  Clock Path Skew:        -0.049ns (DCD - SCD + CPR)
    Destination Clock Delay (DCD):    0.924ns = ( 10.924 - 10.000 ) 
    Source Clock Delay      (SCD):    0.973ns
    Clock Pessimism Removal (CPR):    0.000ns
  Clock Uncertainty:      0.035ns  ((TSJ^2 + TIJ^2)^1/2 + DJ) / 2 + PE
    Total System Jitter     (TSJ):    0.071ns
    Total Input Jitter      (TIJ):    0.000ns
    Discrete Jitter          (DJ):    0.000ns
    Phase Error              (PE):    0.000ns

    Location             Delay type                Incr(ns)  Path(ns)    Netlist Resource(s)
  -------------------------------------------------------------------    -------------------
                         (clock ap_clk rise edge)     0.000     0.000 r  
                                                      0.000     0.000 r  ap_clk (IN)
                         net (fo=3327, unset)         0.973     0.973    bd_0_i/hls_inst/inst/ap_clk
    SLICE_X84Y31         FDRE                                         r  bd_0_i/hls_inst/inst/tmp_16_reg_2606_reg[6]/C
  -------------------------------------------------------------------    -------------------
    SLICE_X84Y31         FDRE (Prop_fdre_C_Q)         0.419     1.392 r  bd_0_i/hls_inst/inst/tmp_16_reg_2606_reg[6]/Q
                         net (fo=13, routed)          1.894     3.286    bd_0_i/hls_inst/inst/mul_32s_16s_47_2_1_U27/A[1]
    DSP48_X4Y12          DSP48E1 (Prop_dsp48e1_B[6]_PCOUT[12])
                                                      4.026     7.312 r  bd_0_i/hls_inst/inst/mul_32s_16s_47_2_1_U27/tmp_product/PCOUT[12]
                         net (fo=1, routed)           0.002     7.314    bd_0_i/hls_inst/inst/mul_32s_16s_47_2_1_U27/tmp_product_n_141
    DSP48_X4Y13          DSP48E1                                      r  bd_0_i/hls_inst/inst/mul_32s_16s_47_2_1_U27/dout_reg/PCIN[12]
  -------------------------------------------------------------------    -------------------

                         (clock ap_clk rise edge)    10.000    10.000 r  
                                                      0.000    10.000 r  ap_clk (IN)
                         net (fo=3327, unset)         0.924    10.924    bd_0_i/hls_inst/inst/mul_32s_16s_47_2_1_U27/ap_clk
    DSP48_X4Y13          DSP48E1                                      r  bd_0_i/hls_inst/inst/mul_32s_16s_47_2_1_U27/dout_reg/CLK
                         clock pessimism              0.000    10.924    
                         clock uncertainty           -0.035    10.889    
    DSP48_X4Y13          DSP48E1 (Setup_dsp48e1_CLK_PCIN[12])
                                                     -1.400     9.489    bd_0_i/hls_inst/inst/mul_32s_16s_47_2_1_U27/dout_reg
  -------------------------------------------------------------------
                         required time                          9.489    
                         arrival time                          -7.314    
  -------------------------------------------------------------------
                         slack                                  2.175    

Slack (MET) :             2.175ns  (required time - arrival time)
  Source:                 bd_0_i/hls_inst/inst/tmp_16_reg_2606_reg[6]/C
                            (rising edge-triggered cell FDRE clocked by ap_clk  {rise@0.000ns fall@5.000ns period=10.000ns})
  Destination:            bd_0_i/hls_inst/inst/mul_32s_16s_47_2_1_U27/dout_reg/PCIN[13]
                            (rising edge-triggered cell DSP48E1 clocked by ap_clk  {rise@0.000ns fall@5.000ns period=10.000ns})
  Path Group:             ap_clk
  Path Type:              Setup (Max at Slow Process Corner)
  Requirement:            10.000ns  (ap_clk rise@10.000ns - ap_clk rise@0.000ns)
  Data Path Delay:        6.341ns  (logic 4.445ns (70.104%)  route 1.896ns (29.896%))
  Logic Levels:           1  (DSP48E1=1)
  Clock Path Skew:        -0.049ns (DCD - SCD + CPR)
    Destination Clock Delay (DCD):    0.924ns = ( 10.924 - 10.000 ) 
    Source Clock Delay      (SCD):    0.973ns
    Clock Pessimism Removal (CPR):    0.000ns
  Clock Uncertainty:      0.035ns  ((TSJ^2 + TIJ^2)^1/2 + DJ) / 2 + PE
    Total System Jitter     (TSJ):    0.071ns
    Total Input Jitter      (TIJ):    0.000ns
    Discrete Jitter          (DJ):    0.000ns
    Phase Error              (PE):    0.000ns

    Location             Delay type                Incr(ns)  Path(ns)    Netlist Resource(s)
  -------------------------------------------------------------------    -------------------
                         (clock ap_clk rise edge)     0.000     0.000 r  
                                                      0.000     0.000 r  ap_clk (IN)
                         net (fo=3327, unset)         0.973     0.973    bd_0_i/hls_inst/inst/ap_clk
    SLICE_X84Y31         FDRE                                         r  bd_0_i/hls_inst/inst/tmp_16_reg_2606_reg[6]/C
  -------------------------------------------------------------------    -------------------
    SLICE_X84Y31         FDRE (Prop_fdre_C_Q)         0.419     1.392 r  bd_0_i/hls_inst/inst/tmp_16_reg_2606_reg[6]/Q
                         net (fo=13, routed)          1.894     3.286    bd_0_i/hls_inst/inst/mul_32s_16s_47_2_1_U27/A[1]
    DSP48_X4Y12          DSP48E1 (Prop_dsp48e1_B[6]_PCOUT[13])
                                                      4.026     7.312 r  bd_0_i/hls_inst/inst/mul_32s_16s_47_2_1_U27/tmp_product/PCOUT[13]
                         net (fo=1, routed)           0.002     7.314    bd_0_i/hls_inst/inst/mul_32s_16s_47_2_1_U27/tmp_product_n_140
    DSP48_X4Y13          DSP48E1                                      r  bd_0_i/hls_inst/inst/mul_32s_16s_47_2_1_U27/dout_reg/PCIN[13]
  -------------------------------------------------------------------    -------------------

                         (clock ap_clk rise edge)    10.000    10.000 r  
                                                      0.000    10.000 r  ap_clk (IN)
                         net (fo=3327, unset)         0.924    10.924    bd_0_i/hls_inst/inst/mul_32s_16s_47_2_1_U27/ap_clk
    DSP48_X4Y13          DSP48E1                                      r  bd_0_i/hls_inst/inst/mul_32s_16s_47_2_1_U27/dout_reg/CLK
                         clock pessimism              0.000    10.924    
                         clock uncertainty           -0.035    10.889    
    DSP48_X4Y13          DSP48E1 (Setup_dsp48e1_CLK_PCIN[13])
                                                     -1.400     9.489    bd_0_i/hls_inst/inst/mul_32s_16s_47_2_1_U27/dout_reg
  -------------------------------------------------------------------
                         required time                          9.489    
                         arrival time                          -7.314    
  -------------------------------------------------------------------
                         slack                                  2.175    

Slack (MET) :             2.175ns  (required time - arrival time)
  Source:                 bd_0_i/hls_inst/inst/tmp_16_reg_2606_reg[6]/C
                            (rising edge-triggered cell FDRE clocked by ap_clk  {rise@0.000ns fall@5.000ns period=10.000ns})
  Destination:            bd_0_i/hls_inst/inst/mul_32s_16s_47_2_1_U27/dout_reg/PCIN[14]
                            (rising edge-triggered cell DSP48E1 clocked by ap_clk  {rise@0.000ns fall@5.000ns period=10.000ns})
  Path Group:             ap_clk
  Path Type:              Setup (Max at Slow Process Corner)
  Requirement:            10.000ns  (ap_clk rise@10.000ns - ap_clk rise@0.000ns)
  Data Path Delay:        6.341ns  (logic 4.445ns (70.104%)  route 1.896ns (29.896%))
  Logic Levels:           1  (DSP48E1=1)
  Clock Path Skew:        -0.049ns (DCD - SCD + CPR)
    Destination Clock Delay (DCD):    0.924ns = ( 10.924 - 10.000 ) 
    Source Clock Delay      (SCD):    0.973ns
    Clock Pessimism Removal (CPR):    0.000ns
  Clock Uncertainty:      0.035ns  ((TSJ^2 + TIJ^2)^1/2 + DJ) / 2 + PE
    Total System Jitter     (TSJ):    0.071ns
    Total Input Jitter      (TIJ):    0.000ns
    Discrete Jitter          (DJ):    0.000ns
    Phase Error              (PE):    0.000ns

    Location             Delay type                Incr(ns)  Path(ns)    Netlist Resource(s)
  -------------------------------------------------------------------    -------------------
                         (clock ap_clk rise edge)     0.000     0.000 r  
                                                      0.000     0.000 r  ap_clk (IN)
                         net (fo=3327, unset)         0.973     0.973    bd_0_i/hls_inst/inst/ap_clk
    SLICE_X84Y31         FDRE                                         r  bd_0_i/hls_inst/inst/tmp_16_reg_2606_reg[6]/C
  -------------------------------------------------------------------    -------------------
    SLICE_X84Y31         FDRE (Prop_fdre_C_Q)         0.419     1.392 r  bd_0_i/hls_inst/inst/tmp_16_reg_2606_reg[6]/Q
                         net (fo=13, routed)          1.894     3.286    bd_0_i/hls_inst/inst/mul_32s_16s_47_2_1_U27/A[1]
    DSP48_X4Y12          DSP48E1 (Prop_dsp48e1_B[6]_PCOUT[14])
                                                      4.026     7.312 r  bd_0_i/hls_inst/inst/mul_32s_16s_47_2_1_U27/tmp_product/PCOUT[14]
                         net (fo=1, routed)           0.002     7.314    bd_0_i/hls_inst/inst/mul_32s_16s_47_2_1_U27/tmp_product_n_139
    DSP48_X4Y13          DSP48E1                                      r  bd_0_i/hls_inst/inst/mul_32s_16s_47_2_1_U27/dout_reg/PCIN[14]
  -------------------------------------------------------------------    -------------------

                         (clock ap_clk rise edge)    10.000    10.000 r  
                                                      0.000    10.000 r  ap_clk (IN)
                         net (fo=3327, unset)         0.924    10.924    bd_0_i/hls_inst/inst/mul_32s_16s_47_2_1_U27/ap_clk
    DSP48_X4Y13          DSP48E1                                      r  bd_0_i/hls_inst/inst/mul_32s_16s_47_2_1_U27/dout_reg/CLK
                         clock pessimism              0.000    10.924    
                         clock uncertainty           -0.035    10.889    
    DSP48_X4Y13          DSP48E1 (Setup_dsp48e1_CLK_PCIN[14])
                                                     -1.400     9.489    bd_0_i/hls_inst/inst/mul_32s_16s_47_2_1_U27/dout_reg
  -------------------------------------------------------------------
                         required time                          9.489    
                         arrival time                          -7.314    
  -------------------------------------------------------------------
                         slack                                  2.175    

Slack (MET) :             2.175ns  (required time - arrival time)
  Source:                 bd_0_i/hls_inst/inst/tmp_16_reg_2606_reg[6]/C
                            (rising edge-triggered cell FDRE clocked by ap_clk  {rise@0.000ns fall@5.000ns period=10.000ns})
  Destination:            bd_0_i/hls_inst/inst/mul_32s_16s_47_2_1_U27/dout_reg/PCIN[15]
                            (rising edge-triggered cell DSP48E1 clocked by ap_clk  {rise@0.000ns fall@5.000ns period=10.000ns})
  Path Group:             ap_clk
  Path Type:              Setup (Max at Slow Process Corner)
  Requirement:            10.000ns  (ap_clk rise@10.000ns - ap_clk rise@0.000ns)
  Data Path Delay:        6.341ns  (logic 4.445ns (70.104%)  route 1.896ns (29.896%))
  Logic Levels:           1  (DSP48E1=1)
  Clock Path Skew:        -0.049ns (DCD - SCD + CPR)
    Destination Clock Delay (DCD):    0.924ns = ( 10.924 - 10.000 ) 
    Source Clock Delay      (SCD):    0.973ns
    Clock Pessimism Removal (CPR):    0.000ns
  Clock Uncertainty:      0.035ns  ((TSJ^2 + TIJ^2)^1/2 + DJ) / 2 + PE
    Total System Jitter     (TSJ):    0.071ns
    Total Input Jitter      (TIJ):    0.000ns
    Discrete Jitter          (DJ):    0.000ns
    Phase Error              (PE):    0.000ns

    Location             Delay type                Incr(ns)  Path(ns)    Netlist Resource(s)
  -------------------------------------------------------------------    -------------------
                         (clock ap_clk rise edge)     0.000     0.000 r  
                                                      0.000     0.000 r  ap_clk (IN)
                         net (fo=3327, unset)         0.973     0.973    bd_0_i/hls_inst/inst/ap_clk
    SLICE_X84Y31         FDRE                                         r  bd_0_i/hls_inst/inst/tmp_16_reg_2606_reg[6]/C
  -------------------------------------------------------------------    -------------------
    SLICE_X84Y31         FDRE (Prop_fdre_C_Q)         0.419     1.392 r  bd_0_i/hls_inst/inst/tmp_16_reg_2606_reg[6]/Q
                         net (fo=13, routed)          1.894     3.286    bd_0_i/hls_inst/inst/mul_32s_16s_47_2_1_U27/A[1]
    DSP48_X4Y12          DSP48E1 (Prop_dsp48e1_B[6]_PCOUT[15])
                                                      4.026     7.312 r  bd_0_i/hls_inst/inst/mul_32s_16s_47_2_1_U27/tmp_product/PCOUT[15]
                         net (fo=1, routed)           0.002     7.314    bd_0_i/hls_inst/inst/mul_32s_16s_47_2_1_U27/tmp_product_n_138
    DSP48_X4Y13          DSP48E1                                      r  bd_0_i/hls_inst/inst/mul_32s_16s_47_2_1_U27/dout_reg/PCIN[15]
  -------------------------------------------------------------------    -------------------

                         (clock ap_clk rise edge)    10.000    10.000 r  
                                                      0.000    10.000 r  ap_clk (IN)
                         net (fo=3327, unset)         0.924    10.924    bd_0_i/hls_inst/inst/mul_32s_16s_47_2_1_U27/ap_clk
    DSP48_X4Y13          DSP48E1                                      r  bd_0_i/hls_inst/inst/mul_32s_16s_47_2_1_U27/dout_reg/CLK
                         clock pessimism              0.000    10.924    
                         clock uncertainty           -0.035    10.889    
    DSP48_X4Y13          DSP48E1 (Setup_dsp48e1_CLK_PCIN[15])
                                                     -1.400     9.489    bd_0_i/hls_inst/inst/mul_32s_16s_47_2_1_U27/dout_reg
  -------------------------------------------------------------------
                         required time                          9.489    
                         arrival time                          -7.314    
  -------------------------------------------------------------------
                         slack                                  2.175    

Slack (MET) :             2.175ns  (required time - arrival time)
  Source:                 bd_0_i/hls_inst/inst/tmp_16_reg_2606_reg[6]/C
                            (rising edge-triggered cell FDRE clocked by ap_clk  {rise@0.000ns fall@5.000ns period=10.000ns})
  Destination:            bd_0_i/hls_inst/inst/mul_32s_16s_47_2_1_U27/dout_reg/PCIN[16]
                            (rising edge-triggered cell DSP48E1 clocked by ap_clk  {rise@0.000ns fall@5.000ns period=10.000ns})
  Path Group:             ap_clk
  Path Type:              Setup (Max at Slow Process Corner)
  Requirement:            10.000ns  (ap_clk rise@10.000ns - ap_clk rise@0.000ns)
  Data Path Delay:        6.341ns  (logic 4.445ns (70.104%)  route 1.896ns (29.896%))
  Logic Levels:           1  (DSP48E1=1)
  Clock Path Skew:        -0.049ns (DCD - SCD + CPR)
    Destination Clock Delay (DCD):    0.924ns = ( 10.924 - 10.000 ) 
    Source Clock Delay      (SCD):    0.973ns
    Clock Pessimism Removal (CPR):    0.000ns
  Clock Uncertainty:      0.035ns  ((TSJ^2 + TIJ^2)^1/2 + DJ) / 2 + PE
    Total System Jitter     (TSJ):    0.071ns
    Total Input Jitter      (TIJ):    0.000ns
    Discrete Jitter          (DJ):    0.000ns
    Phase Error              (PE):    0.000ns

    Location             Delay type                Incr(ns)  Path(ns)    Netlist Resource(s)
  -------------------------------------------------------------------    -------------------
                         (clock ap_clk rise edge)     0.000     0.000 r  
                                                      0.000     0.000 r  ap_clk (IN)
                         net (fo=3327, unset)         0.973     0.973    bd_0_i/hls_inst/inst/ap_clk
    SLICE_X84Y31         FDRE                                         r  bd_0_i/hls_inst/inst/tmp_16_reg_2606_reg[6]/C
  -------------------------------------------------------------------    -------------------
    SLICE_X84Y31         FDRE (Prop_fdre_C_Q)         0.419     1.392 r  bd_0_i/hls_inst/inst/tmp_16_reg_2606_reg[6]/Q
                         net (fo=13, routed)          1.894     3.286    bd_0_i/hls_inst/inst/mul_32s_16s_47_2_1_U27/A[1]
    DSP48_X4Y12          DSP48E1 (Prop_dsp48e1_B[6]_PCOUT[16])
                                                      4.026     7.312 r  bd_0_i/hls_inst/inst/mul_32s_16s_47_2_1_U27/tmp_product/PCOUT[16]
                         net (fo=1, routed)           0.002     7.314    bd_0_i/hls_inst/inst/mul_32s_16s_47_2_1_U27/tmp_product_n_137
    DSP48_X4Y13          DSP48E1                                      r  bd_0_i/hls_inst/inst/mul_32s_16s_47_2_1_U27/dout_reg/PCIN[16]
  -------------------------------------------------------------------    -------------------

                         (clock ap_clk rise edge)    10.000    10.000 r  
                                                      0.000    10.000 r  ap_clk (IN)
                         net (fo=3327, unset)         0.924    10.924    bd_0_i/hls_inst/inst/mul_32s_16s_47_2_1_U27/ap_clk
    DSP48_X4Y13          DSP48E1                                      r  bd_0_i/hls_inst/inst/mul_32s_16s_47_2_1_U27/dout_reg/CLK
                         clock pessimism              0.000    10.924    
                         clock uncertainty           -0.035    10.889    
    DSP48_X4Y13          DSP48E1 (Setup_dsp48e1_CLK_PCIN[16])
                                                     -1.400     9.489    bd_0_i/hls_inst/inst/mul_32s_16s_47_2_1_U27/dout_reg
  -------------------------------------------------------------------
                         required time                          9.489    
                         arrival time                          -7.314    
  -------------------------------------------------------------------
                         slack                                  2.175    

Slack (MET) :             2.175ns  (required time - arrival time)
  Source:                 bd_0_i/hls_inst/inst/tmp_16_reg_2606_reg[6]/C
                            (rising edge-triggered cell FDRE clocked by ap_clk  {rise@0.000ns fall@5.000ns period=10.000ns})
  Destination:            bd_0_i/hls_inst/inst/mul_32s_16s_47_2_1_U27/dout_reg/PCIN[17]
                            (rising edge-triggered cell DSP48E1 clocked by ap_clk  {rise@0.000ns fall@5.000ns period=10.000ns})
  Path Group:             ap_clk
  Path Type:              Setup (Max at Slow Process Corner)
  Requirement:            10.000ns  (ap_clk rise@10.000ns - ap_clk rise@0.000ns)
  Data Path Delay:        6.341ns  (logic 4.445ns (70.104%)  route 1.896ns (29.896%))
  Logic Levels:           1  (DSP48E1=1)
  Clock Path Skew:        -0.049ns (DCD - SCD + CPR)
    Destination Clock Delay (DCD):    0.924ns = ( 10.924 - 10.000 ) 
    Source Clock Delay      (SCD):    0.973ns
    Clock Pessimism Removal (CPR):    0.000ns
  Clock Uncertainty:      0.035ns  ((TSJ^2 + TIJ^2)^1/2 + DJ) / 2 + PE
    Total System Jitter     (TSJ):    0.071ns
    Total Input Jitter      (TIJ):    0.000ns
    Discrete Jitter          (DJ):    0.000ns
    Phase Error              (PE):    0.000ns

    Location             Delay type                Incr(ns)  Path(ns)    Netlist Resource(s)
  -------------------------------------------------------------------    -------------------
                         (clock ap_clk rise edge)     0.000     0.000 r  
                                                      0.000     0.000 r  ap_clk (IN)
                         net (fo=3327, unset)         0.973     0.973    bd_0_i/hls_inst/inst/ap_clk
    SLICE_X84Y31         FDRE                                         r  bd_0_i/hls_inst/inst/tmp_16_reg_2606_reg[6]/C
  -------------------------------------------------------------------    -------------------
    SLICE_X84Y31         FDRE (Prop_fdre_C_Q)         0.419     1.392 r  bd_0_i/hls_inst/inst/tmp_16_reg_2606_reg[6]/Q
                         net (fo=13, routed)          1.894     3.286    bd_0_i/hls_inst/inst/mul_32s_16s_47_2_1_U27/A[1]
    DSP48_X4Y12          DSP48E1 (Prop_dsp48e1_B[6]_PCOUT[17])
                                                      4.026     7.312 r  bd_0_i/hls_inst/inst/mul_32s_16s_47_2_1_U27/tmp_product/PCOUT[17]
                         net (fo=1, routed)           0.002     7.314    bd_0_i/hls_inst/inst/mul_32s_16s_47_2_1_U27/tmp_product_n_136
    DSP48_X4Y13          DSP48E1                                      r  bd_0_i/hls_inst/inst/mul_32s_16s_47_2_1_U27/dout_reg/PCIN[17]
  -------------------------------------------------------------------    -------------------

                         (clock ap_clk rise edge)    10.000    10.000 r  
                                                      0.000    10.000 r  ap_clk (IN)
                         net (fo=3327, unset)         0.924    10.924    bd_0_i/hls_inst/inst/mul_32s_16s_47_2_1_U27/ap_clk
    DSP48_X4Y13          DSP48E1                                      r  bd_0_i/hls_inst/inst/mul_32s_16s_47_2_1_U27/dout_reg/CLK
                         clock pessimism              0.000    10.924    
                         clock uncertainty           -0.035    10.889    
    DSP48_X4Y13          DSP48E1 (Setup_dsp48e1_CLK_PCIN[17])
                                                     -1.400     9.489    bd_0_i/hls_inst/inst/mul_32s_16s_47_2_1_U27/dout_reg
  -------------------------------------------------------------------
                         required time                          9.489    
                         arrival time                          -7.314    
  -------------------------------------------------------------------
                         slack                                  2.175    

Slack (MET) :             2.175ns  (required time - arrival time)
  Source:                 bd_0_i/hls_inst/inst/tmp_16_reg_2606_reg[6]/C
                            (rising edge-triggered cell FDRE clocked by ap_clk  {rise@0.000ns fall@5.000ns period=10.000ns})
  Destination:            bd_0_i/hls_inst/inst/mul_32s_16s_47_2_1_U27/dout_reg/PCIN[18]
                            (rising edge-triggered cell DSP48E1 clocked by ap_clk  {rise@0.000ns fall@5.000ns period=10.000ns})
  Path Group:             ap_clk
  Path Type:              Setup (Max at Slow Process Corner)
  Requirement:            10.000ns  (ap_clk rise@10.000ns - ap_clk rise@0.000ns)
  Data Path Delay:        6.341ns  (logic 4.445ns (70.104%)  route 1.896ns (29.896%))
  Logic Levels:           1  (DSP48E1=1)
  Clock Path Skew:        -0.049ns (DCD - SCD + CPR)
    Destination Clock Delay (DCD):    0.924ns = ( 10.924 - 10.000 ) 
    Source Clock Delay      (SCD):    0.973ns
    Clock Pessimism Removal (CPR):    0.000ns
  Clock Uncertainty:      0.035ns  ((TSJ^2 + TIJ^2)^1/2 + DJ) / 2 + PE
    Total System Jitter     (TSJ):    0.071ns
    Total Input Jitter      (TIJ):    0.000ns
    Discrete Jitter          (DJ):    0.000ns
    Phase Error              (PE):    0.000ns

    Location             Delay type                Incr(ns)  Path(ns)    Netlist Resource(s)
  -------------------------------------------------------------------    -------------------
                         (clock ap_clk rise edge)     0.000     0.000 r  
                                                      0.000     0.000 r  ap_clk (IN)
                         net (fo=3327, unset)         0.973     0.973    bd_0_i/hls_inst/inst/ap_clk
    SLICE_X84Y31         FDRE                                         r  bd_0_i/hls_inst/inst/tmp_16_reg_2606_reg[6]/C
  -------------------------------------------------------------------    -------------------
    SLICE_X84Y31         FDRE (Prop_fdre_C_Q)         0.419     1.392 r  bd_0_i/hls_inst/inst/tmp_16_reg_2606_reg[6]/Q
                         net (fo=13, routed)          1.894     3.286    bd_0_i/hls_inst/inst/mul_32s_16s_47_2_1_U27/A[1]
    DSP48_X4Y12          DSP48E1 (Prop_dsp48e1_B[6]_PCOUT[18])
                                                      4.026     7.312 r  bd_0_i/hls_inst/inst/mul_32s_16s_47_2_1_U27/tmp_product/PCOUT[18]
                         net (fo=1, routed)           0.002     7.314    bd_0_i/hls_inst/inst/mul_32s_16s_47_2_1_U27/tmp_product_n_135
    DSP48_X4Y13          DSP48E1                                      r  bd_0_i/hls_inst/inst/mul_32s_16s_47_2_1_U27/dout_reg/PCIN[18]
  -------------------------------------------------------------------    -------------------

                         (clock ap_clk rise edge)    10.000    10.000 r  
                                                      0.000    10.000 r  ap_clk (IN)
                         net (fo=3327, unset)         0.924    10.924    bd_0_i/hls_inst/inst/mul_32s_16s_47_2_1_U27/ap_clk
    DSP48_X4Y13          DSP48E1                                      r  bd_0_i/hls_inst/inst/mul_32s_16s_47_2_1_U27/dout_reg/CLK
                         clock pessimism              0.000    10.924    
                         clock uncertainty           -0.035    10.889    
    DSP48_X4Y13          DSP48E1 (Setup_dsp48e1_CLK_PCIN[18])
                                                     -1.400     9.489    bd_0_i/hls_inst/inst/mul_32s_16s_47_2_1_U27/dout_reg
  -------------------------------------------------------------------
                         required time                          9.489    
                         arrival time                          -7.314    
  -------------------------------------------------------------------
                         slack                                  2.175    




