Copyright 1986-2022 Xilinx, Inc. All Rights Reserved.
-----------------------------------------------------------------------------------------
| Tool Version : Vivado v.2022.1 (win64) Build 3526262 Mon Apr 18 15:48:16 MDT 2022
| Date         : Sat Sep 26 05:33:31 2026
| Host         : ndrswcy running 64-bit major release  (build 9200)
| Command      : report_control_sets -verbose -file bd_0_wrapper_control_sets_placed.rpt
| Design       : bd_0_wrapper
| Device       : xc7z020
-----------------------------------------------------------------------------------------

Control Set Information

Table of Contents
-----------------
1. Summary
2. Histogram
3. Flip-Flop Distribution
4. Detailed Control Set Information

1. Summary
----------

+----------------------------------------------------------+-------+
|                          Status                          | Count |
+----------------------------------------------------------+-------+
| Total control sets                                       |    28 |
|    Minimum number of control sets                        |    28 |
|    Addition due to synthesis replication                 |     0 |
|    Addition due to physical synthesis replication        |     0 |
| Unused register locations in slices containing registers |    80 |
+----------------------------------------------------------+-------+
* Control sets can be merged at opt_design using control_set_merge or merge_equivalent_drivers
** Run report_qor_suggestions for automated merging and remapping suggestions


2. Histogram
------------

+--------------------+-------+
|       Fanout       | Count |
+--------------------+-------+
| Total control sets |    28 |
| >= 0 to < 4        |     0 |
| >= 4 to < 6        |     8 |
| >= 6 to < 8        |     0 |
| >= 8 to < 10       |     0 |
| >= 10 to < 12      |     1 |
| >= 12 to < 14      |     0 |
| >= 14 to < 16      |     0 |
| >= 16              |    19 |
+--------------------+-------+
* Control sets can be remapped at either synth_design or opt_design


3. Flip-Flop Distribution
-------------------------

+--------------+-----------------------+------------------------+-----------------+--------------+
| Clock Enable | Synchronous Set/Reset | Asynchronous Set/Reset | Total Registers | Total Slices |
+--------------+-----------------------+------------------------+-----------------+--------------+
| No           | No                    | No                     |              37 |           18 |
| No           | No                    | Yes                    |               0 |            0 |
| No           | Yes                   | No                     |              42 |           17 |
| Yes          | No                    | No                     |            2357 |          728 |
| Yes          | No                    | Yes                    |               0 |            0 |
| Yes          | Yes                   | No                     |              76 |           19 |
+--------------+-----------------------+------------------------+-----------------+--------------+


4. Detailed Control Set Information
-----------------------------------

+--------------+------------------------------------------------------------------------------------+---------------------------------------------------------------------+------------------+----------------+--------------+
| Clock Signal |                                    Enable Signal                                   |                           Set/Reset Signal                          | Slice Load Count | Bel Load Count | Bels / Slice |
+--------------+------------------------------------------------------------------------------------+---------------------------------------------------------------------+------------------+----------------+--------------+
|  ap_clk      | bd_0_i/hls_inst/inst/regslice_both_input_r_V_keep_V_U/B_V_data_1_load_A            |                                                                     |                1 |              4 |         4.00 |
|  ap_clk      | bd_0_i/hls_inst/inst/regslice_both_input_r_V_keep_V_U/B_V_data_1_load_B            |                                                                     |                1 |              4 |         4.00 |
|  ap_clk      | bd_0_i/hls_inst/inst/regslice_both_input_r_V_strb_V_U/B_V_data_1_load_A            |                                                                     |                2 |              4 |         2.00 |
|  ap_clk      | bd_0_i/hls_inst/inst/regslice_both_input_r_V_strb_V_U/B_V_data_1_load_B            |                                                                     |                1 |              4 |         4.00 |
|  ap_clk      | bd_0_i/hls_inst/inst/regslice_both_output_r_V_keep_V_U/B_V_data_1_load_B           |                                                                     |                1 |              4 |         4.00 |
|  ap_clk      | bd_0_i/hls_inst/inst/regslice_both_output_r_V_keep_V_U/B_V_data_1_load_A           |                                                                     |                1 |              4 |         4.00 |
|  ap_clk      | bd_0_i/hls_inst/inst/regslice_both_output_r_V_strb_V_U/B_V_data_1_load_A           |                                                                     |                2 |              4 |         2.00 |
|  ap_clk      | bd_0_i/hls_inst/inst/regslice_both_output_r_V_strb_V_U/B_V_data_1_load_B           |                                                                     |                1 |              4 |         4.00 |
|  ap_clk      | bd_0_i/hls_inst/inst/ap_CS_fsm_state1                                              |                                                                     |                5 |             11 |         2.20 |
|  ap_clk      | bd_0_i/hls_inst/inst/regslice_both_input_r_V_data_V_U/B_V_data_1_load_A            |                                                                     |               10 |             32 |         3.20 |
|  ap_clk      | bd_0_i/hls_inst/inst/regslice_both_input_r_V_data_V_U/B_V_data_1_load_B            |                                                                     |                9 |             32 |         3.56 |
|  ap_clk      | bd_0_i/hls_inst/inst/regslice_both_output_r_V_data_V_U/B_V_data_1_load_A           |                                                                     |                6 |             32 |         5.33 |
|  ap_clk      | bd_0_i/hls_inst/inst/regslice_both_output_r_V_data_V_U/B_V_data_1_load_B           |                                                                     |                7 |             32 |         4.57 |
|  ap_clk      | bd_0_i/hls_inst/inst/regslice_both_output_r_V_data_V_U/ap_NS_fsm1                  | bd_0_i/hls_inst/inst/regslice_both_output_r_V_data_V_U/SR[0]        |                6 |             32 |         5.33 |
|  ap_clk      | bd_0_i/hls_inst/inst/ap_CS_fsm_state8                                              |                                                                     |                9 |             32 |         3.56 |
|  ap_clk      |                                                                                    |                                                                     |               18 |             37 |         2.06 |
|  ap_clk      |                                                                                    | bd_0_i/hls_inst/inst/regslice_both_output_r_V_last_V_U/ap_rst_n_inv |               17 |             42 |         2.47 |
|  ap_clk      | bd_0_i/hls_inst/inst/count_V0                                                      | bd_0_i/hls_inst/inst/regslice_both_output_r_V_data_V_U/count_V      |               13 |             44 |         3.38 |
|  ap_clk      | bd_0_i/hls_inst/inst/ap_CS_fsm_state5                                              |                                                                     |               26 |             98 |         3.77 |
|  ap_clk      | bd_0_i/hls_inst/inst/ap_CS_fsm_state6                                              |                                                                     |               22 |             98 |         4.45 |
|  ap_clk      | bd_0_i/hls_inst/inst/ap_CS_fsm_state7                                              |                                                                     |               20 |             98 |         4.90 |
|  ap_clk      | bd_0_i/hls_inst/inst/ap_CS_fsm_state4                                              |                                                                     |               19 |             98 |         5.16 |
|  ap_clk      | bd_0_i/hls_inst/inst/ap_CS_fsm_state3                                              |                                                                     |               19 |             98 |         5.16 |
|  ap_clk      | bd_0_i/hls_inst/inst/regslice_both_input_r_V_data_V_U/E[0]                         |                                                                     |               48 |            256 |         5.33 |
|  ap_clk      | bd_0_i/hls_inst/inst/regslice_both_input_r_V_data_V_U/B_V_data_1_state_reg[0]_2[0] |                                                                     |              133 |            352 |         2.65 |
|  ap_clk      | bd_0_i/hls_inst/inst/regslice_both_input_r_V_data_V_U/B_V_data_1_state_reg[0]_0[0] |                                                                     |              130 |            352 |         2.71 |
|  ap_clk      | bd_0_i/hls_inst/inst/regslice_both_input_r_V_data_V_U/B_V_data_1_state_reg[0]_1[0] |                                                                     |              127 |            352 |         2.77 |
|  ap_clk      | bd_0_i/hls_inst/inst/regslice_both_input_r_V_data_V_U/B_V_data_1_state_reg[0]_3[0] |                                                                     |              128 |            352 |         2.75 |
+--------------+------------------------------------------------------------------------------------+---------------------------------------------------------------------+------------------+----------------+--------------+


