================================================================
== Vivado Place & Route Results
================================================================
+ General Information:
    * Date:            Sat Sep 26 05:44:36 +0700 2026
    * Version:         2022.1 (Build 3526262 on Mon Apr 18 15:48:16 MDT 2022)
    * Project:         quadrature_demodulator
    * Solution:        solution1 (Vivado IP Flow Target)
    * Product family:  zynq
    * Target device:   xc7z020-clg400-1


================================================================
== Run Constraints & Options
================================================================
+ Design Constraints & Options:
    * Place & Route target clock:  10 ns
    * C-Synthesis target clock:    10 ns
    * C-Synthesis uncertainty:     27%

+ RTL Synthesis Options:
    * config_export -vivado_synth_strategy:     default
    * config_export -vivado_synth_design_args:  -directive sdx_optimization_effort_high

+ Place & Route Options:
    * config_export -vivado_impl_strategy:  default
    * config_export -vivado_phys_opt:       none

+ Reporting Options:
    * config_export -vivado_report_level:      2
    * config_export -vivado_max_timing_paths:  10


================================================================
== Place & Route Resource Summary
================================================================
LUT:              268
FF:               526
DSP:              8
BRAM:             0
URAM:             0
SRL:              0


================================================================
== Place & Route Timing Summary
================================================================
* Timing was met
+----------------+-------------+
| Timing         | Period (ns) |
+----------------+-------------+
| Target         | 10.000      |
| Post-Synthesis | 5.745       |
| Post-Route     | 5.957       |
+----------------+-------------+


================================================================
== Place & Route Resources
================================================================
+-------------------------------------+-----+-----+-----+------+------+-----+--------+------+---------+----------+-----------------------------------------------------------------------------+
| Name                                | LUT | FF  | DSP | BRAM | URAM | SRL | Pragma | Impl | Latency | Variable | Source                                                                      |
+-------------------------------------+-----+-----+-----+------+------+-----+--------+------+---------+----------+-----------------------------------------------------------------------------+
| inst                                | 268 | 526 | 8   |      |      |     |        |      |         |          |                                                                             |
|   (inst)                            |     | 242 |     |      |      |     |        |      |         |          |                                                                             |
|   mul_32s_32s_54_2_1_U1             | 37  | 34  | 4   |      |      |     |        |      |         |          |                                                                             |
|     bind_op mul                     |     |     |     |      |      |     |        | auto | 1       | r_V_1    | C:/Xilinx/Vitis_HLS/2022.1/common/technology/autopilot\ap_fixed_base.h:1319 |
|   mul_32s_32s_54_2_1_U2             | 37  | 34  | 4   |      |      |     |        |      |         |          |                                                                             |
|     bind_op mul                     |     |     |     |      |      |     |        | auto | 1       | r_V_3    | C:/Xilinx/Vitis_HLS/2022.1/common/technology/autopilot\ap_fixed_base.h:1319 |
|   regslice_both_imag_V_data_V_U     | 52  | 68  |     |      |      |     |        |      |         |          |                                                                             |
|   regslice_both_output_r_V_data_V_U | 76  | 68  |     |      |      |     |        |      |         |          |                                                                             |
|   regslice_both_output_r_V_last_V_U | 6   | 6   |     |      |      |     |        |      |         |          |                                                                             |
|   regslice_both_real_r_V_data_V_U   | 54  | 68  |     |      |      |     |        |      |         |          |                                                                             |
|   regslice_both_real_r_V_last_V_U   | 6   | 6   |     |      |      |     |        |      |         |          |                                                                             |
+-------------------------------------+-----+-----+-----+------+------+-----+--------+------+---------+----------+-----------------------------------------------------------------------------+


================================================================
== Place & Route Fail Fast
================================================================
+-----------------------------------------------------------+-----------+--------+--------+
| Criteria                                                  | Guideline | Actual | Status |
+-----------------------------------------------------------+-----------+--------+--------+
| LUT                                                       | 70%       | 0.50%  | OK     |
| FD                                                        | 50%       | 0.49%  | OK     |
| LUTRAM+SRL                                                | 25%       | 0.00%  | OK     |
| MUXF7                                                     | 15%       | 0.00%  | OK     |
| DSP                                                       | 80%       | 3.64%  | OK     |
| RAMB/FIFO                                                 | 80%       | 0.00%  | OK     |
| DSP+RAMB+URAM (Avg)                                       | 70%       | 3.64%  | OK     |
| BUFGCE* + BUFGCTRL                                        | 24        | 0      | OK     |
| DONT_TOUCH (cells/nets)                                   | 0         | 0      | OK     |
| MARK_DEBUG (nets)                                         | 0         | 0      | OK     |
| Control Sets                                              | 998       | 10     | OK     |
| Average Fanout for modules > 100k cells                   | 4         | 0      | OK     |
| Non-FD high fanout nets > 10k loads                       | 0         | 0      | OK     |
+-----------------------------------------------------------+-----------+--------+--------+
| TIMING-6 (No common primary clock between related clocks) | 0         | 0      | OK     |
| TIMING-7 (No common node between related clocks)          | 0         | 0      | OK     |
| TIMING-8 (No common period between related clocks)        | 0         | 0      | OK     |
| TIMING-14 (LUT on the clock tree)                         | 0         | 0      | OK     |
| TIMING-35 (No common node in paths with the same clock)   | 0         | 0      | OK     |
+-----------------------------------------------------------+-----------+--------+--------+
| Number of paths above max LUT budgeting (0.575ns)         | 0         | 0      | OK     |
| Number of paths above max Net budgeting (0.403ns)         | 0         | 0      | OK     |
+-----------------------------------------------------------+-----------+--------+--------+


================================================================
== Place & Route Timing Paths
================================================================
* Timing was met
+-------+-------+---------------------------------------------------------+-----------------------------------------+--------------+------------+----------------+----------------+--------------+
| Path  | SLACK | STARTPOINT PIN                                          | ENDPOINT PIN                            | LOGIC LEVELS | MAX FANOUT | DATAPATH DELAY | DATAPATH LOGIC | DATAPATH NET |
|       |       |                                                         |                                         |              |            |                |          DELAY |        DELAY |
+-------+-------+---------------------------------------------------------+-----------------------------------------+--------------+------------+----------------+----------------+--------------+
| Path1 | 4.043 | regslice_both_real_r_V_data_V_U/B_V_data_1_sel_rd_reg/C | mul_32s_32s_54_2_1_U2/dout_reg/A[20]    |            9 |         96 |          5.329 |          2.189 |        3.140 |
| Path2 | 4.043 | regslice_both_real_r_V_data_V_U/B_V_data_1_sel_rd_reg/C | mul_32s_32s_54_2_1_U2/dout_reg/A[21]    |            9 |         96 |          5.329 |          2.189 |        3.140 |
| Path3 | 4.043 | regslice_both_real_r_V_data_V_U/B_V_data_1_sel_rd_reg/C | mul_32s_32s_54_2_1_U2/dout_reg/A[22]    |            9 |         96 |          5.329 |          2.189 |        3.140 |
| Path4 | 4.043 | regslice_both_real_r_V_data_V_U/B_V_data_1_sel_rd_reg/C | mul_32s_32s_54_2_1_U2/dout_reg/A[23]    |            9 |         96 |          5.329 |          2.189 |        3.140 |
| Path5 | 4.157 | regslice_both_imag_V_data_V_U/B_V_data_1_sel_rd_reg/C   | mul_32s_32s_54_2_1_U1/tmp_product/B[16] |            9 |         96 |          5.127 |          1.978 |        3.149 |
+-------+-------+---------------------------------------------------------+-----------------------------------------+--------------+------------+----------------+----------------+--------------+

    +-------------------------------------------------------+----------------------+
    | Path1 Cells                                           | Primitive Type       |
    +-------------------------------------------------------+----------------------+
    | regslice_both_real_r_V_data_V_U/B_V_data_1_sel_rd_reg | FLOP_LATCH.flop.FDRE |
    | regslice_both_real_r_V_data_V_U/tmp_product__0_i_35   | LUT.others.LUT4      |
    | regslice_both_real_r_V_data_V_U/tmp_product__0_i_4    | CARRY.others.CARRY4  |
    | regslice_both_real_r_V_data_V_U/tmp_product__0_i_3    | CARRY.others.CARRY4  |
    | regslice_both_real_r_V_data_V_U/tmp_product__0_i_2    | CARRY.others.CARRY4  |
    | regslice_both_real_r_V_data_V_U/tmp_product__0_i_1    | CARRY.others.CARRY4  |
    | regslice_both_real_r_V_data_V_U/tmp_product_i_4       | CARRY.others.CARRY4  |
    | regslice_both_real_r_V_data_V_U/tmp_product_i_3       | CARRY.others.CARRY4  |
    | regslice_both_real_r_V_data_V_U/tmp_product_i_2       | CARRY.others.CARRY4  |
    | regslice_both_real_r_V_data_V_U/tmp_product_i_1       | CARRY.others.CARRY4  |
    | mul_32s_32s_54_2_1_U2/dout_reg                        | MULT.dsp.DSP48E1     |
    +-------------------------------------------------------+----------------------+

    +-------------------------------------------------------+----------------------+
    | Path2 Cells                                           | Primitive Type       |
    +-------------------------------------------------------+----------------------+
    | regslice_both_real_r_V_data_V_U/B_V_data_1_sel_rd_reg | FLOP_LATCH.flop.FDRE |
    | regslice_both_real_r_V_data_V_U/tmp_product__0_i_35   | LUT.others.LUT4      |
    | regslice_both_real_r_V_data_V_U/tmp_product__0_i_4    | CARRY.others.CARRY4  |
    | regslice_both_real_r_V_data_V_U/tmp_product__0_i_3    | CARRY.others.CARRY4  |
    | regslice_both_real_r_V_data_V_U/tmp_product__0_i_2    | CARRY.others.CARRY4  |
    | regslice_both_real_r_V_data_V_U/tmp_product__0_i_1    | CARRY.others.CARRY4  |
    | regslice_both_real_r_V_data_V_U/tmp_product_i_4       | CARRY.others.CARRY4  |
    | regslice_both_real_r_V_data_V_U/tmp_product_i_3       | CARRY.others.CARRY4  |
    | regslice_both_real_r_V_data_V_U/tmp_product_i_2       | CARRY.others.CARRY4  |
    | regslice_both_real_r_V_data_V_U/tmp_product_i_1       | CARRY.others.CARRY4  |
    | mul_32s_32s_54_2_1_U2/dout_reg                        | MULT.dsp.DSP48E1     |
    +-------------------------------------------------------+----------------------+

    +-------------------------------------------------------+----------------------+
    | Path3 Cells                                           | Primitive Type       |
    +-------------------------------------------------------+----------------------+
    | regslice_both_real_r_V_data_V_U/B_V_data_1_sel_rd_reg | FLOP_LATCH.flop.FDRE |
    | regslice_both_real_r_V_data_V_U/tmp_product__0_i_35   | LUT.others.LUT4      |
    | regslice_both_real_r_V_data_V_U/tmp_product__0_i_4    | CARRY.others.CARRY4  |
    | regslice_both_real_r_V_data_V_U/tmp_product__0_i_3    | CARRY.others.CARRY4  |
    | regslice_both_real_r_V_data_V_U/tmp_product__0_i_2    | CARRY.others.CARRY4  |
    | regslice_both_real_r_V_data_V_U/tmp_product__0_i_1    | CARRY.others.CARRY4  |
    | regslice_both_real_r_V_data_V_U/tmp_product_i_4       | CARRY.others.CARRY4  |
    | regslice_both_real_r_V_data_V_U/tmp_product_i_3       | CARRY.others.CARRY4  |
    | regslice_both_real_r_V_data_V_U/tmp_product_i_2       | CARRY.others.CARRY4  |
    | regslice_both_real_r_V_data_V_U/tmp_product_i_1       | CARRY.others.CARRY4  |
    | mul_32s_32s_54_2_1_U2/dout_reg                        | MULT.dsp.DSP48E1     |
    +-------------------------------------------------------+----------------------+

    +-------------------------------------------------------+----------------------+
    | Path4 Cells                                           | Primitive Type       |
    +-------------------------------------------------------+----------------------+
    | regslice_both_real_r_V_data_V_U/B_V_data_1_sel_rd_reg | FLOP_LATCH.flop.FDRE |
    | regslice_both_real_r_V_data_V_U/tmp_product__0_i_35   | LUT.others.LUT4      |
    | regslice_both_real_r_V_data_V_U/tmp_product__0_i_4    | CARRY.others.CARRY4  |
    | regslice_both_real_r_V_data_V_U/tmp_product__0_i_3    | CARRY.others.CARRY4  |
    | regslice_both_real_r_V_data_V_U/tmp_product__0_i_2    | CARRY.others.CARRY4  |
    | regslice_both_real_r_V_data_V_U/tmp_product__0_i_1    | CARRY.others.CARRY4  |
    | regslice_both_real_r_V_data_V_U/tmp_product_i_4       | CARRY.others.CARRY4  |
    | regslice_both_real_r_V_data_V_U/tmp_product_i_3       | CARRY.others.CARRY4  |
    | regslice_both_real_r_V_data_V_U/tmp_product_i_2       | CARRY.others.CARRY4  |
    | regslice_both_real_r_V_data_V_U/tmp_product_i_1       | CARRY.others.CARRY4  |
    | mul_32s_32s_54_2_1_U2/dout_reg                        | MULT.dsp.DSP48E1     |
    +-------------------------------------------------------+----------------------+

    +------------------------------------------------------+----------------------+
    | Path5 Cells                                          | Primitive Type       |
    +------------------------------------------------------+----------------------+
    | regslice_both_imag_V_data_V_U/B_V_data_1_sel_rd_reg  | FLOP_LATCH.flop.FDRE |
    | regslice_both_imag_V_data_V_U/tmp_product__0_i_33__0 | LUT.others.LUT4      |
    | regslice_both_imag_V_data_V_U/tmp_product__0_i_4__0  | CARRY.others.CARRY4  |
    | regslice_both_imag_V_data_V_U/tmp_product__0_i_3__0  | CARRY.others.CARRY4  |
    | regslice_both_imag_V_data_V_U/tmp_product__0_i_2__0  | CARRY.others.CARRY4  |
    | regslice_both_imag_V_data_V_U/tmp_product__0_i_1__0  | CARRY.others.CARRY4  |
    | regslice_both_imag_V_data_V_U/tmp_product_i_4__0     | CARRY.others.CARRY4  |
    | regslice_both_imag_V_data_V_U/tmp_product_i_3__0     | CARRY.others.CARRY4  |
    | regslice_both_imag_V_data_V_U/tmp_product_i_2__0     | CARRY.others.CARRY4  |
    | regslice_both_imag_V_data_V_U/tmp_product_i_1__0     | CARRY.others.CARRY4  |
    | mul_32s_32s_54_2_1_U1/tmp_product                    | MULT.dsp.DSP48E1     |
    +------------------------------------------------------+----------------------+


================================================================
== Place & Route Vivado Reports
================================================================
+--------------------------+--------------------------------------------------------------------------------+
| Report Type              | Report Location                                                                |
+--------------------------+--------------------------------------------------------------------------------+
| design_analysis          | impl/verilog/report/quadrature_demodulator_design_analysis_routed.rpt          |
| failfast                 | impl/verilog/report/quadrature_demodulator_failfast_routed.rpt                 |
| status                   | impl/verilog/report/quadrature_demodulator_status_routed.rpt                   |
| timing                   | impl/verilog/report/quadrature_demodulator_timing_routed.rpt                   |
| timing_paths             | impl/verilog/report/quadrature_demodulator_timing_paths_routed.rpt             |
| utilization              | impl/verilog/report/quadrature_demodulator_utilization_routed.rpt              |
| utilization_hierarchical | impl/verilog/report/quadrature_demodulator_utilization_hierarchical_routed.rpt |
+--------------------------+--------------------------------------------------------------------------------+


