

Implementation tool: Xilinx Vivado v.2022.1
Project:             quadrature_demodulator
Solution:            solution1
Device target:       xc7z020-clg400-1
Report date:         Sat Sep 26 05:44:36 +0700 2026

#=== Post-Implementation Resource usage ===
SLICE:          132
LUT:            268
FF:             526
DSP:              8
BRAM:             0
URAM:             0
LATCH:            0
SRL:              0
CLB:              0

#=== Final timing ===
CP required:                     10.000
CP achieved post-synthesis:      5.745
CP achieved post-implementation: 5.957
Timing met
